Component: ARM Compiler 6.16 Tool: armlink [5dfeaa00]

==============================================================================

Section Cross References

    main.o(.text.HAL_GetTick) refers to rtx_kernel.o(.text.osKernelGetState) for osKernelGetState
    main.o(.text.HAL_GetTick) refers to rtx_kernel.o(.text.osKernelGetTickCount) for osKernelGetTickCount
    main.o(.text.HAL_GetTick) refers to system_stm32f4xx.o(.data.SystemCoreClock) for SystemCoreClock
    main.o(.text.HAL_GetTick) refers to main.o(.bss.HAL_GetTick.ticks) for HAL_GetTick.ticks
    main.o(.ARM.exidx.text.HAL_GetTick) refers to main.o(.text.HAL_GetTick) for [Anonymous Symbol]
    main.o(.text.main) refers to stm32f4xx_hal.o(.text.HAL_Init) for HAL_Init
    main.o(.text.main) refers to main.o(.text.SystemClock_Config) for SystemClock_Config
    main.o(.text.main) refers to system_stm32f4xx.o(.text.SystemCoreClockUpdate) for SystemCoreClockUpdate
    main.o(.text.main) refers to rtx_kernel.o(.text.osKernelInitialize) for osKernelInitialize
    main.o(.text.main) refers to principal.o(.text.Init_Principal) for Init_Principal
    main.o(.text.main) refers to rtx_kernel.o(.text.osKernelStart) for osKernelStart
    main.o(.ARM.exidx.text.main) refers to main.o(.text.main) for [Anonymous Symbol]
    main.o(.text.SystemClock_Config) refers to stm32f4xx_hal_rcc.o(.text.HAL_RCC_OscConfig) for HAL_RCC_OscConfig
    main.o(.text.SystemClock_Config) refers to main.o(.text.Error_Handler) for Error_Handler
    main.o(.text.SystemClock_Config) refers to stm32f4xx_hal_rcc.o(.text.HAL_RCC_ClockConfig) for HAL_RCC_ClockConfig
    main.o(.text.SystemClock_Config) refers to stm32f4xx_hal.o(.text.HAL_GetREVID) for HAL_GetREVID
    main.o(.ARM.exidx.text.SystemClock_Config) refers to main.o(.text.SystemClock_Config) for [Anonymous Symbol]
    main.o(.ARM.exidx.text.Error_Handler) refers to main.o(.text.Error_Handler) for [Anonymous Symbol]
    stm32f4xx_it.o(.ARM.exidx.text.NMI_Handler) refers to stm32f4xx_it.o(.text.NMI_Handler) for [Anonymous Symbol]
    stm32f4xx_it.o(.ARM.exidx.text.HardFault_Handler) refers to stm32f4xx_it.o(.text.HardFault_Handler) for [Anonymous Symbol]
    stm32f4xx_it.o(.ARM.exidx.text.MemManage_Handler) refers to stm32f4xx_it.o(.text.MemManage_Handler) for [Anonymous Symbol]
    stm32f4xx_it.o(.ARM.exidx.text.BusFault_Handler) refers to stm32f4xx_it.o(.text.BusFault_Handler) for [Anonymous Symbol]
    stm32f4xx_it.o(.ARM.exidx.text.UsageFault_Handler) refers to stm32f4xx_it.o(.text.UsageFault_Handler) for [Anonymous Symbol]
    stm32f4xx_it.o(.ARM.exidx.text.DebugMon_Handler) refers to stm32f4xx_it.o(.text.DebugMon_Handler) for [Anonymous Symbol]
    com.o(.text.Init_com_Thread) refers to rtx_msgqueue.o(.text.osMessageQueueNew) for osMessageQueueNew
    com.o(.text.Init_com_Thread) refers to com.o(.bss.msg_comReceive) for msg_comReceive
    com.o(.text.Init_com_Thread) refers to com.o(.bss.msg_comSend) for msg_comSend
    com.o(.text.Init_com_Thread) refers to com.o(.text.Com_Receive) for Com_Receive
    com.o(.text.Init_com_Thread) refers to rtx_thread.o(.text.osThreadNew) for osThreadNew
    com.o(.text.Init_com_Thread) refers to com.o(.bss.id_com_receive) for id_com_receive
    com.o(.text.Init_com_Thread) refers to com.o(.text.Com_Send) for Com_Send
    com.o(.text.Init_com_Thread) refers to com.o(.bss.id_com_send) for id_com_send
    com.o(.ARM.exidx.text.Init_com_Thread) refers to com.o(.text.Init_com_Thread) for [Anonymous Symbol]
    com.o(.text.Com_Receive) refers to com.o(.text.Init_USART) for Init_USART
    com.o(.text.Com_Receive) refers to com.o(.text.limpiar_usart_msg) for limpiar_usart_msg
    com.o(.text.Com_Receive) refers to com.o(.data.USARTdrv) for USARTdrv
    com.o(.text.Com_Receive) refers to com.o(.bss.Com_Receive.cmd) for Com_Receive.cmd
    com.o(.text.Com_Receive) refers to rtx_thread.o(.text.osThreadFlagsWait) for osThreadFlagsWait
    com.o(.text.Com_Receive) refers to com.o(.bss.Com_Receive.cont) for Com_Receive.cont
    com.o(.text.Com_Receive) refers to com.o(.bss.Com_Receive.frame_size) for Com_Receive.frame_size
    com.o(.text.Com_Receive) refers to com.o(.bss.msg_comReceive) for msg_comReceive
    com.o(.text.Com_Receive) refers to rtx_msgqueue.o(.text.osMessageQueuePut) for osMessageQueuePut
    com.o(.ARM.exidx.text.Com_Receive) refers to com.o(.text.Com_Receive) for [Anonymous Symbol]
    com.o(.text.Com_Send) refers to com.o(.text.limpiar_usart_msg) for limpiar_usart_msg
    com.o(.text.Com_Send) refers to com.o(.bss.msg_comSend) for msg_comSend
    com.o(.text.Com_Send) refers to rtx_msgqueue.o(.text.osMessageQueueGet) for osMessageQueueGet
    com.o(.text.Com_Send) refers to com.o(.data.USARTdrv) for USARTdrv
    com.o(.text.Com_Send) refers to rtx_thread.o(.text.osThreadFlagsWait) for osThreadFlagsWait
    com.o(.ARM.exidx.text.Com_Send) refers to com.o(.text.Com_Send) for [Anonymous Symbol]
[...]
    osDelay                                  0x0800b9e1   Thumb Code    32  rtx_delay.o(.text.osDelay)
    osKernelGetState                         0x0800ba05   Thumb Code    40  rtx_kernel.o(.text.osKernelGetState)
    osKernelGetTickCount                     0x0800ba31   Thumb Code    32  rtx_kernel.o(.text.osKernelGetTickCount)
    osKernelInitialize                       0x0800ba59   Thumb Code    40  rtx_kernel.o(.text.osKernelInitialize)
    osKernelStart                            0x0800ba85   Thumb Code    32  rtx_kernel.o(.text.osKernelStart)
    osMessageQueueGet                        0x0800baa9   Thumb Code   108  rtx_msgqueue.o(.text.osMessageQueueGet)
    osMessageQueueNew                        0x0800bb19   Thumb Code    32  rtx_msgqueue.o(.text.osMessageQueueNew)
    osMessageQueuePut                        0x0800bb3d   Thumb Code   124  rtx_msgqueue.o(.text.osMessageQueuePut)
    osMessageQueueReset                      0x0800bbbd   Thumb Code    32  rtx_msgqueue.o(.text.osMessageQueueReset)
    osMutexAcquire                           0x0800bbe1   Thumb Code    32  rtx_mutex.o(.text.osMutexAcquire)
    osMutexDelete                            0x0800bc05   Thumb Code    32  rtx_mutex.o(.text.osMutexDelete)
    osMutexNew                               0x0800bc29   Thumb Code    32  rtx_mutex.o(.text.osMutexNew)
    osMutexRelease                           0x0800bc4d   Thumb Code    32  rtx_mutex.o(.text.osMutexRelease)
    osRtxErrorNotify                         0x0800bc71   Thumb Code    46  rtx_config.o(.text.osRtxErrorNotify)
    osRtxIdleThread                          0x0800bca1   Thumb Code     8  rtx_config.o(.text.osRtxIdleThread)
    osRtxKernelErrorNotify                   0x0800bca9   Thumb Code     4  rtx_kernel.o(.text.osRtxKernelErrorNotify)
    osRtxKernelPreInit                       0x0800bcad   Thumb Code     2  rtx_kernel.o(.text.osRtxKernelPreInit)
    osRtxMemoryAlloc                         0x0800bcaf   Thumb Code   108  rtx_memory.o(.text.osRtxMemoryAlloc)
    osRtxMemoryFree                          0x0800bd1b   Thumb Code    66  rtx_memory.o(.text.osRtxMemoryFree)
    osRtxMemoryInit                          0x0800bd5d   Thumb Code    54  rtx_memory.o(.text.osRtxMemoryInit)
    osRtxMemoryPoolAlloc                     0x0800bd93   Thumb Code    58  rtx_mempool.o(.text.osRtxMemoryPoolAlloc)
    osRtxMemoryPoolFree                      0x0800bdcd   Thumb Code    74  rtx_mempool.o(.text.osRtxMemoryPoolFree)
    osRtxMemoryPoolInit                      0x0800be17   Thumb Code    56  rtx_mempool.o(.text.osRtxMemoryPoolInit)
    osRtxMessageQueueTimerSetup              0x0800bef9   Thumb Code    32  rtx_msgqueue.o(.text.osRtxMessageQueueTimerSetup)
    osRtxMutexOwnerRelease                   0x0800bf1d   Thumb Code    72  rtx_mutex.o(.text.osRtxMutexOwnerRelease)
    osRtxMutexOwnerRestore                   0x0800bf65   Thumb Code    66  rtx_mutex.o(.text.osRtxMutexOwnerRestore)
    osRtxPendSV_Handler                      0x0800bfa9   Thumb Code   136  rtx_system.o(.text.osRtxPendSV_Handler)
    osRtxPostProcess                         0x0800c031   Thumb Code   108  rtx_system.o(.text.osRtxPostProcess)
    osRtxThreadDelayTick                     0x0800c18d   Thumb Code    72  rtx_thread.o(.text.osRtxThreadDelayTick)
    osRtxThreadDispatch                      0x0800c1f5   Thumb Code    80  rtx_thread.o(.text.osRtxThreadDispatch)
    osRtxThreadListGet                       0x0800c2bb   Thumb Code    18  rtx_thread.o(.text.osRtxThreadListGet)
    osRtxThreadListPut                       0x0800c2cd   Thumb Code    44  rtx_thread.o(.text.osRtxThreadListPut)
    osRtxThreadListRemove                    0x0800c2f9   Thumb Code    20  rtx_thread.o(.text.osRtxThreadListRemove)
    osRtxThreadListSort                      0x0800c319   Thumb Code    38  rtx_thread.o(.text.osRtxThreadListSort)
    osRtxThreadReadyPut                      0x0800c369   Thumb Code    16  rtx_thread.o(.text.osRtxThreadReadyPut)
    osRtxThreadRegPtr                        0x0800c37d   Thumb Code    20  rtx_thread.o(.text.osRtxThreadRegPtr)
    osRtxThreadStartup                       0x0800c391   Thumb Code    48  rtx_thread.o(.text.osRtxThreadStartup)
    osRtxThreadSwitch                        0x0800c3c9   Thumb Code    12  rtx_thread.o(.text.osRtxThreadSwitch)
    osRtxThreadWaitEnter                     0x0800c3d5   Thumb Code    56  rtx_thread.o(.text.osRtxThreadWaitEnter)
    osRtxThreadWaitExit                      0x0800c411   Thumb Code    48  rtx_thread.o(.text.osRtxThreadWaitExit)
    osRtxTick_Handler                        0x0800c441   Thumb Code   116  rtx_system.o(.text.osRtxTick_Handler)
    osRtxTimerSetup                          0x0800c4b9   Thumb Code    24  rtx_timer.o(.text.osRtxTimerSetup)
    osRtxTimerThread                         0x0800c4d9   Thumb Code    32  rtx_timer.o(.text.osRtxTimerThread)
    osThreadExit                             0x0800c569   Thumb Code     8  rtx_thread.o(.text.osThreadExit)
    osThreadFlagsSet                         0x0800c575   Thumb Code    84  rtx_thread.o(.text.osThreadFlagsSet)
    osThreadFlagsWait                        0x0800c5cd   Thumb Code    32  rtx_thread.o(.text.osThreadFlagsWait)
    osThreadNew                              0x0800c5f1   Thumb Code    32  rtx_thread.o(.text.osThreadNew)
    osThreadYield                            0x0800c615   Thumb Code    32  rtx_thread.o(.text.osThreadYield)
    osTimerIsRunning                         0x0800c639   Thumb Code    32  rtx_timer.o(.text.osTimerIsRunning)
    osTimerNew                               0x0800c65d   Thumb Code    32  rtx_timer.o(.text.osTimerNew)
    osTimerStart                             0x0800c681   Thumb Code    32  rtx_timer.o(.text.osTimerStart)
    osTimerStop                              0x0800c6a5   Thumb Code    32  rtx_timer.o(.text.osTimerStop)
    readout_to_msg                           0x0800c701   Thumb Code   236  mpu6050.o(.text.readout_to_msg)
    rebotes_tmr_Callback                     0x0800c7ed   Thumb Code    26  joy.o(.text.rebotes_tmr_Callback)
    symbolToLocalBuffer                      0x0800d36d   Thumb Code   282  lcd.o(.text.symbolToLocalBuffer)
    _btod_d2e                                0x0800d487   Thumb Code    62  btod.o(CL$$btod_d2e)
    _d2e_denorm_low                          0x0800d4c5   Thumb Code    70  btod.o(CL$$btod_d2e_denorm_low)
    _d2e_norm_op1                            0x0800d50b   Thumb Code    96  btod.o(CL$$btod_d2e_norm_op1)
    __btod_div_common                        0x0800d56d   Thumb Code   696  btod.o(CL$$btod_div_common)
    _e2e                                     0x0800d8a5   Thumb Code   220  btod.o(CL$$btod_e2e)
    _btod_ediv                               0x0800d981   Thumb Code    42  btod.o(CL$$btod_ediv)
    _btod_emul                               0x0800d9ab   Thumb Code    42  btod.o(CL$$btod_emul)
    __btod_mult_common                       0x0800d9d5   Thumb Code   580  btod.o(CL$$btod_mult_common)
    __ARM_fpclassify                         0x0800dc19   Thumb Code    48  fpclassify.o(i.__ARM_fpclassify)
    _is_digit                                0x0800dc49   Thumb Code    14  __printf_wp.o(i._is_digit)
    _get_lc_numeric                          0x0800dc59   Thumb Code    44  lc_numeric_c.o(locale$$code)
    _get_lc_ctype                            0x0800dc85   Thumb Code    44  lc_ctype_c.o(locale$$code)
    __aeabi_dadd                             0x0800dcb1   Thumb Code     0  daddsub_clz.o(x$fpl$dadd)
    _dadd                                    0x0800dcb1   Thumb Code   332  daddsub_clz.o(x$fpl$dadd)
    __fpl_dcmp_Inf                           0x0800de01   Thumb Code    24  dcmpi.o(x$fpl$dcmpinf)
    __aeabi_ddiv                             0x0800de19   Thumb Code     0  ddiv.o(x$fpl$ddiv)
    _ddiv                                    0x0800de19   Thumb Code   556  ddiv.o(x$fpl$ddiv)
    __aeabi_cdcmpeq                          0x0800e0cd   Thumb Code     0  deqf.o(x$fpl$deqf)
    _dcmpeq                                  0x0800e0cd   Thumb Code   120  deqf.o(x$fpl$deqf)
    __aeabi_d2iz                             0x0800e145   Thumb Code     0  dfix.o(x$fpl$dfix)
    _dfix                                    0x0800e145   Thumb Code    94  dfix.o(x$fpl$dfix)
    __aeabi_i2d                              0x0800e1a3   Thumb Code     0  dflt_clz.o(x$fpl$dflt)
    _dflt                                    0x0800e1a3   Thumb Code    46  dflt_clz.o(x$fpl$dflt)
    __aeabi_cdcmpge                          0x0800e1d1   Thumb Code     0  dgeqf.o(x$fpl$dgeqf)
    _dcmpge                                  0x0800e1d1   Thumb Code   120  dgeqf.o(x$fpl$dgeqf)
    __aeabi_cdcmple                          0x0800e249   Thumb Code     0  dleqf.o(x$fpl$dleqf)
    _dcmple                                  0x0800e249   Thumb Code   120  dleqf.o(x$fpl$dleqf)
    __fpl_dcmple_InfNaN                      0x0800e2ab   Thumb Code     0  dleqf.o(x$fpl$dleqf)
    __fpl_dnaninf                            0x0800e2c1   Thumb Code   156  dnaninf.o(x$fpl$dnaninf)
    __fpl_dretinf                            0x0800e35d   Thumb Code    12  dretinf.o(x$fpl$dretinf)
    __aeabi_dsub                             0x0800e369   Thumb Code     0  daddsub_clz.o(x$fpl$dsub)
    _dsub                                    0x0800e369   Thumb Code   472  daddsub_clz.o(x$fpl$dsub)
    __aeabi_f2d                              0x0800e545   Thumb Code     0  f2d.o(x$fpl$f2d)
    _f2d                                     0x0800e545   Thumb Code    86  f2d.o(x$fpl$f2d)
    __aeabi_dcmpeq                           0x0800e59b   Thumb Code     0  dcmp.o(x$fpl$fcmp)
    _deq                                     0x0800e59b   Thumb Code    14  dcmp.o(x$fpl$fcmp)
    _dneq                                    0x0800e5a9   Thumb Code    14  dcmp.o(x$fpl$fcmp)
    __aeabi_dcmpgt                           0x0800e5b7   Thumb Code     0  dcmp.o(x$fpl$fcmp)
    _dgr                                     0x0800e5b7   Thumb Code    14  dcmp.o(x$fpl$fcmp)
    __aeabi_dcmpge                           0x0800e5c5   Thumb Code     0  dcmp.o(x$fpl$fcmp)
    _dgeq                                    0x0800e5c5   Thumb Code    14  dcmp.o(x$fpl$fcmp)
    __aeabi_dcmple                           0x0800e5d3   Thumb Code     0  dcmp.o(x$fpl$fcmp)
    _dleq                                    0x0800e5d3   Thumb Code    14  dcmp.o(x$fpl$fcmp)
    __aeabi_dcmplt                           0x0800e5e1   Thumb Code     0  dcmp.o(x$fpl$fcmp)
    _dls                                     0x0800e5e1   Thumb Code    14  dcmp.o(x$fpl$fcmp)
    __fpl_fnaninf                            0x0800e5ef   Thumb Code   140  fnaninf.o(x$fpl$fnaninf)
    _fp_init                                 0x0800e67b   Thumb Code    26  fpinit.o(x$fpl$fpinit)
    __fplib_config_fpu_vfp                   0x0800e693   Thumb Code     0  fpinit.o(x$fpl$fpinit)
    __fplib_config_pureend_doubles           0x0800e693   Thumb Code     0  fpinit.o(x$fpl$fpinit)
    _printf_fp_dec                           0x0800e695   Thumb Code     4  printf1.o(x$fpl$printf1)
    _printf_fp_hex                           0x0800e699   Thumb Code     4  printf2.o(x$fpl$printf2)
    __I$use$fp                               0x0800e69c   Number         0  usenofp.o(x$fpl$usenofp)
    osRtxConfig                              0x0800e798   Data         112  rtx_lib.o(.rodata)
    os_cb_sections                           0x0800e808   Data          56  rtx_lib.o(.rodata)
    AHBPrescTable                            0x0800e840   Data          16  system_stm32f4xx.o(.rodata.AHBPrescTable)
    APBPrescTable                            0x0800e850   Data           8  system_stm32f4xx.o(.rodata.APBPrescTable)
    Arial12x12                               0x0800e858   Data        2400  lcd.o(.rodata.Arial12x12)
    Driver_I2C1                              0x0800f1cc   Data          48  i2c_stm32f4xx.o(.rodata.Driver_I2C1)
    Driver_SPI1                              0x0800f1fc   Data          44  spi_stm32f4xx.o(.rodata.Driver_SPI1)
    Driver_USART3                            0x0800f228   Data          56  usart_stm32f4xx.o(.rodata.Driver_USART3)
    osRtxUserSVC                             0x0800f328   Data           4  rtx_lib.o(.rodata.osRtxUserSVC)
    Region$$Table$$Base                      0x0800f590   Number         0  anon$$obj.o(Region$$Table)
    Region$$Table$$Limit                     0x0800f5b0   Number         0  anon$$obj.o(Region$$Table)
    __ctype                                  0x0800f5d9   Data           0  lc_ctype_c.o(locale$$data)
    SPIdrv                                   0x20000004   Data           4  lcd.o(.data.SPIdrv)
    SystemCoreClock                          0x20000008   Data           4  system_stm32f4xx.o(.data.SystemCoreClock)
    osRtxInfo                                0x20000028   Data         164  rtx_kernel.o(.data.os)
    uwTickFreq                               0x200000ce   Data           1  stm32f4xx_hal.o(.data.uwTickFreq)
    uwTickPrio                               0x200000d0   Data           4  stm32f4xx_hal.o(.data.uwTickPrio)
    __libspace_start                         0x200000d8   Data          96  libspace.o(.bss)
    __temporary_stack_top$libspace           0x20000138   Data           0  libspace.o(.bss)
    buffer                                   0x200001cc   Data         512  lcd.o(.bss.buffer)
    id_MsgQueue_mpu6050                      0x20000410   Data           4  mpu6050.o(.bss.id_MsgQueue_mpu6050)
    id_clock_Thread                          0x20000414   Data           4  clock.o(.bss.id_clock_Thread)
    id_clock_tmr                             0x20000418   Data           4  clock.o(.bss.id_clock_tmr)
    id_com_receive                           0x2000041c   Data           4  com.o(.bss.id_com_receive)
    id_com_send                              0x20000420   Data           4  com.o(.bss.id_com_send)
    id_joy_MsgQueue                          0x20000424   Data           4  joy.o(.bss.id_joy_MsgQueue)
    id_joy_Thread                            0x20000428   Data           4  joy.o(.bss.id_joy_Thread)
    id_mpu6050_Thread                        0x20000430   Data           4  mpu6050.o(.bss.id_mpu6050_Thread)
    id_mpu_sample_tmr                        0x20000434   Data           4  mpu6050.o(.bss.id_mpu_sample_tmr)
    joy_msg                                  0x2000043c   Data           8  joy.o(.bss.joy_msg)
    mpu6050_msg                              0x20000444   Data          16  mpu6050.o(.bss.mpu6050_msg)
    msg_comReceive                           0x20000454   Data           4  com.o(.bss.msg_comReceive)
    msg_comSend                              0x20000458   Data           4  com.o(.bss.msg_comSend)
    msg_lcd                                  0x2000045c   Data           4  lcd.o(.bss.msg_lcd)
    .bss.os.msgqueue.cb$$Base                0x200084a4   Number         0  rtx_lib.o(.bss.os.msgqueue.cb)
    .bss.os.msgqueue.cb$$Limit               0x200084d8   Number         0  rtx_lib.o(.bss.os.msgqueue.cb)
    .bss.os.thread.cb$$Base                  0x20008528   Number         0  rtx_lib.o(.bss.os.thread.cb)
    .bss.os.thread.cb$$Limit                 0x200085b0   Number         0  rtx_lib.o(.bss.os.thread.cb)
    read_buffer                              0x200089b4   Data           9  mpu6050.o(.bss.read_buffer)
    tid_Principal                            0x200089c8   Data           4  principal.o(.bss.tid_Principal)
    tid_lcd                                  0x200089cc   Data           4  lcd.o(.bss.tid_lcd)
    tid_leds_N                               0x200089d0   Data           4  leds_n.o(.bss.tid_leds_N)
    tiempo                                   0x200089d4   Data           3  clock.o(.bss.tiempo)



==============================================================================

Memory Map of the image

  Image Entry point : 0x080001ad

  Load Region LR_IROM1 (Base: 0x08000000, Size: 0x0000f7b8, Max: 0x00200000, ABSOLUTE)

    Execution Region ER_IROM1 (Exec base: 0x08000000, Load base: 0x08000000, Size: 0x0000f6dc, Max: 0x00200000, ABSOLUTE)

    Exec Addr    Load Addr    Size         Type   Attr      Idx    E Section Name        Object

    0x08000000   0x08000000   0x000001ac   Data   RO         1556    RESET               startup_stm32f429xx.o
    0x080001ac   0x080001ac   0x00000008   Code   RO         2079  * !!!main             c_w.l(__main.o)
    0x080001b4   0x080001b4   0x00000034   Code   RO         2464    !!!scatter          c_w.l(__scatter.o)
    0x080001e8   0x080001e8   0x0000001a   Code   RO         2466    !!handler_copy      c_w.l(__scatter_copy.o)
    0x08000202   0x08000202   0x00000002   PAD
    0x08000204   0x08000204   0x0000001c   Code   RO         2468    !!handler_zi        c_w.l(__scatter_zi.o)
    0x08000220   0x08000220   0x00000000   Code   RO         2191    .ARM.Collect$$_printf_percent$$00000000  c_w.l(_printf_percent.o)
    0x08000220   0x08000220   0x00000006   Code   RO         2180    .ARM.Collect$$_printf_percent$$00000001  c_w.l(_printf_n.o)
    0x08000226   0x08000226   0x00000006   Code   RO         2182    .ARM.Collect$$_printf_percent$$00000002  c_w.l(_printf_p.o)
    0x0800022c   0x0800022c   0x00000006   Code   RO         2187    .ARM.Collect$$_printf_percent$$00000003  c_w.l(_printf_f.o)
    0x08000232   0x08000232   0x00000006   Code   RO         2188    .ARM.Collect$$_printf_percent$$00000004  c_w.l(_printf_e.o)
    0x08000238   0x08000238   0x00000006   Code   RO         2189    .ARM.Collect$$_printf_percent$$00000005  c_w.l(_printf_g.o)
    0x0800023e   0x0800023e   0x00000006   Code   RO         2190    .ARM.Collect$$_printf_percent$$00000006  c_w.l(_printf_a.o)
    0x08000244   0x08000244   0x0000000a   Code   RO         2195    .ARM.Collect$$_printf_percent$$00000007  c_w.l(_printf_ll.o)
    0x0800024e   0x0800024e   0x00000006   Code   RO         2184    .ARM.Collect$$_printf_percent$$00000008  c_w.l(_printf_i.o)
    0x08000254   0x08000254   0x00000006   Code   RO         2185    .ARM.Collect$$_printf_percent$$00000009  c_w.l(_printf_d.o)
    0x0800025a   0x0800025a   0x00000006   Code   RO         2186    .ARM.Collect$$_printf_percent$$0000000A  c_w.l(_printf_u.o)
    0x08000260   0x08000260   0x00000006   Code   RO         2183    .ARM.Collect$$_printf_percent$$0000000B  c_w.l(_printf_o.o)
    0x08000266   0x08000266   0x00000006   Code   RO         2181    .ARM.Collect$$_printf_percent$$0000000C  c_w.l(_printf_x.o)
    0x0800026c   0x0800026c   0x00000006   Code   RO         2192    .ARM.Collect$$_printf_percent$$0000000D  c_w.l(_printf_lli.o)
    0x08000272   0x08000272   0x00000006   Code   RO         2193    .ARM.Collect$$_printf_percent$$0000000E  c_w.l(_printf_lld.o)
    0x08000278   0x08000278   0x00000006   Code   RO         2194    .ARM.Collect$$_printf_percent$$0000000F  c_w.l(_printf_llu.o)
    0x0800027e   0x0800027e   0x00000006   Code   RO         2199    .ARM.Collect$$_printf_percent$$00000010  c_w.l(_printf_llo.o)
    0x08000284   0x08000284   0x00000006   Code   RO         2200    .ARM.Collect$$_printf_percent$$00000011  c_w.l(_printf_llx.o)
    0x0800028a   0x0800028a   0x0000000a   Code   RO         2196    .ARM.Collect$$_printf_percent$$00000012  c_w.l(_printf_l.o)
    0x08000294   0x08000294   0x00000006   Code   RO         2178    .ARM.Collect$$_printf_percent$$00000013  c_w.l(_printf_c.o)
    0x0800029a   0x0800029a   0x00000006   Code   RO         2179    .ARM.Collect$$_printf_percent$$00000014  c_w.l(_printf_s.o)
    0x080002a0   0x080002a0   0x00000006   Code   RO         2197    .ARM.Collect$$_printf_percent$$00000015  c_w.l(_printf_lc.o)
    0x080002a6   0x080002a6   0x00000006   Code   RO         2198    .ARM.Collect$$_printf_percent$$00000016  c_w.l(_printf_ls.o)
    0x080002ac   0x080002ac   0x00000004   Code   RO         2258    .ARM.Collect$$_printf_percent$$00000017  c_w.l(_printf_percent_end.o)
    0x080002b0   0x080002b0   0x00000002   Code   RO         2315    .ARM.Collect$$libinit$$00000000  c_w.l(libinit.o)
    0x080002b2   0x080002b2   0x00000004   Code   RO         2338    .ARM.Collect$$libinit$$00000001  c_w.l(libinit2.o)
    0x080002b6   0x080002b6   0x00000000   Code   RO         2341    .ARM.Collect$$libinit$$00000004  c_w.l(libinit2.o)
    0x080002b6   0x080002b6   0x00000000   Code   RO         2344    .ARM.Collect$$libinit$$0000000A  c_w.l(libinit2.o)
    0x080002b6   0x080002b6   0x00000000   Code   RO         2346    .ARM.Collect$$libinit$$0000000C  c_w.l(libinit2.o)
    0x080002b6   0x080002b6   0x00000000   Code   RO         2348    .ARM.Collect$$libinit$$0000000E  c_w.l(libinit2.o)
    0x080002b6   0x080002b6   0x00000006   Code   RO         2349    .ARM.Collect$$libinit$$0000000F  c_w.l(libinit2.o)
    0x080002bc   0x080002bc   0x00000000   Code   RO         2351    .ARM.Collect$$libinit$$00000011  c_w.l(libinit2.o)
    0x080002bc   0x080002bc   0x0000000c   Code   RO         2352    .ARM.Collect$$libinit$$00000012  c_w.l(libinit2.o)
    0x080002c8   0x080002c8   0x00000000   Code   RO         2353    .ARM.Collect$$libinit$$00000013  c_w.l(libinit2.o)
    0x080002c8   0x080002c8   0x00000000   Code   RO         2355    .ARM.Collect$$libinit$$00000015  c_w.l(libinit2.o)
    0x080002c8   0x080002c8   0x0000000a   Code   RO         2356    .ARM.Collect$$libinit$$00000016  c_w.l(libinit2.o)
    0x080002d2   0x080002d2   0x00000000   Code   RO         2357    .ARM.Collect$$libinit$$00000017  c_w.l(libinit2.o)
    0x080002d2   0x080002d2   0x00000000   Code   RO         2359    .ARM.Collect$$libinit$$00000019  c_w.l(libinit2.o)
    0x080002d2   0x080002d2   0x00000000   Code   RO         2361    .ARM.Collect$$libinit$$0000001B  c_w.l(libinit2.o)
    0x080002d2   0x080002d2   0x00000000   Code   RO         2363    .ARM.Collect$$libinit$$0000001D  c_w.l(libinit2.o)
    0x080002d2   0x080002d2   0x00000000   Code   RO         2365    .ARM.Collect$$libinit$$0000001F  c_w.l(libinit2.o)
    0x080002d2   0x080002d2   0x00000000   Code   RO         2367    .ARM.Collect$$libinit$$00000021  c_w.l(libinit2.o)
    0x080002d2   0x080002d2   0x00000000   Code   RO         2369    .ARM.Collect$$libinit$$00000023  c_w.l(libinit2.o)
    0x080002d2   0x080002d2   0x00000000   Code   RO         2371    .ARM.Collect$$libinit$$00000025  c_w.l(libinit2.o)
    0x080002d2   0x080002d2   0x00000000   Code   RO         2375    .ARM.Collect$$libinit$$0000002C  c_w.l(libinit2.o)
    0x080002d2   0x080002d2   0x00000000   Code   RO         2377    .ARM.Collect$$libinit$$0000002E  c_w.l(libinit2.o)
    0x080002d2   0x080002d2   0x00000000   Code   RO         2379    .ARM.Collect$$libinit$$00000030  c_w.l(libinit2.o)
    0x080002d2   0x080002d2   0x00000000   Code   RO         2381    .ARM.Collect$$libinit$$00000032  c_w.l(libinit2.o)
    0x080002d2   0x080002d2   0x00000002   Code   RO         2382    .ARM.Collect$$libinit$$00000033  c_w.l(libinit2.o)
    0x080002d4   0x080002d4   0x00000002   Code   RO         2419    .ARM.Collect$$libshutdown$$00000000  c_w.l(libshutdown.o)
    0x080002d6   0x080002d6   0x00000000   Code   RO         2447    .ARM.Collect$$libshutdown$$00000002  c_w.l(libshutdown2.o)
    0x080002d6   0x080002d6   0x00000000   Code   RO         2449    .ARM.Collect$$libshutdown$$00000004  c_w.l(libshutdown2.o)
    0x080002d6   0x080002d6   0x00000000   Code   RO         2452    .ARM.Collect$$libshutdown$$00000007  c_w.l(libshutdown2.o)
    0x080002d6   0x080002d6   0x00000000   Code   RO         2455    .ARM.Collect$$libshutdown$$0000000A  c_w.l(libshutdown2.o)
    0x080002d6   0x080002d6   0x00000000   Code   RO         2457    .ARM.Collect$$libshutdown$$0000000C  c_w.l(libshutdown2.o)
    0x080002d6   0x080002d6   0x00000000   Code   RO         2460    .ARM.Collect$$libshutdown$$0000000F  c_w.l(libshutdown2.o)
    0x080002d6   0x080002d6   0x00000002   Code   RO         2461    .ARM.Collect$$libshutdown$$00000010  c_w.l(libshutdown2.o)
    0x080002d8   0x080002d8   0x00000000   Code   RO         2105    .ARM.Collect$$rtentry$$00000000  c_w.l(__rtentry.o)
    0x080002d8   0x080002d8   0x00000000   Code   RO         2225    .ARM.Collect$$rtentry$$00000002  c_w.l(__rtentry2.o)
    0x080002d8   0x080002d8   0x00000006   Code   RO         2237    .ARM.Collect$$rtentry$$00000004  c_w.l(__rtentry4.o)
    0x080002de   0x080002de   0x00000008   Code   RO         2226    .ARM.Collect$$rtentry$$00000008  c_w.l(__rtentry2.o)
    0x080002e6   0x080002e6   0x00000004   Code   RO         2228    .ARM.Collect$$rtentry$$0000000A  c_w.l(__rtentry2.o)
    0x080002ea   0x080002ea   0x00000000   Code   RO         2230    .ARM.Collect$$rtentry$$0000000C  c_w.l(__rtentry2.o)
    0x080002ea   0x080002ea   0x00000008   Code   RO         2231    .ARM.Collect$$rtentry$$0000000D  c_w.l(__rtentry2.o)
    0x080002f2   0x080002f2   0x00000002   Code   RO         2323    .ARM.Collect$$rtexit$$00000000  c_w.l(rtexit.o)
    0x080002f4   0x080002f4   0x00000000   Code   RO         2388    .ARM.Collect$$rtexit$$00000002  c_w.l(rtexit2.o)
    0x080002f4   0x080002f4   0x00000004   Code   RO         2389    .ARM.Collect$$rtexit$$00000003  c_w.l(rtexit2.o)
    0x080002f8   0x080002f8   0x00000006   Code   RO         2390    .ARM.Collect$$rtexit$$00000004  c_w.l(rtexit2.o)
    0x080002fe   0x080002fe   0x00000002   PAD
    0x08000300   0x08000300   0x00000040   Code   RO         1557    .text               startup_stm32f429xx.o
    0x08000340   0x08000340   0x000000c8   Code   RO         1949    .text               RTX_CM4F.lib(irq_armv7m.o)
    0x08000408   0x08000408   0x000000f0   Code   RO         2065    .text               c_w.l(lludivv7m.o)
    0x080004f8   0x080004f8   0x0000002c   Code   RO         2067    .text               c_w.l(sprintf.o)
    0x08000524   0x08000524   0x0000003e   Code   RO         2069    .text               c_w.l(strlen.o)
    0x08000562   0x08000562   0x0000008a   Code   RO         2071    .text               c_w.l(rt_memcpy_v6.o)
    0x080005ec   0x080005ec   0x00000044   Code   RO         2073    .text               c_w.l(rt_memclr.o)
    0x08000630   0x08000630   0x0000004e   Code   RO         2075    .text               c_w.l(rt_memclr_w.o)
    0x0800067e   0x0800067e   0x00000006   Code   RO         2077    .text               c_w.l(heapauxi.o)
    0x08000684   0x08000684   0x0000004e   Code   RO         2112    .text               c_w.l(_printf_pad.o)
    0x080006d2   0x080006d2   0x00000024   Code   RO         2114    .text               c_w.l(_printf_truncate.o)
    0x080006f6   0x080006f6   0x00000052   Code   RO         2116    .text               c_w.l(_printf_str.o)
    0x08000748   0x08000748   0x00000078   Code   RO         2118    .text               c_w.l(_printf_dec.o)
    0x080007c0   0x080007c0   0x00000028   Code   RO         2120    .text               c_w.l(_printf_charcount.o)
    0x080007e8   0x080007e8   0x00000030   Code   RO         2122    .text               c_w.l(_printf_char_common.o)
    0x08000818   0x08000818   0x0000000a   Code   RO         2124    .text               c_w.l(_sputc.o)
    0x08000822   0x08000822   0x00000002   PAD
    0x08000824   0x08000824   0x000000bc   Code   RO         2126    .text               c_w.l(_printf_wctomb.o)
    0x080008e0   0x080008e0   0x0000007c   Code   RO         2129    .text               c_w.l(_printf_longlong_dec.o)
    0x0800095c   0x0800095c   0x00000070   Code   RO         2135    .text               c_w.l(_printf_oct_int_ll.o)
    0x080009cc   0x080009cc   0x00000094   Code   RO         2155    .text               c_w.l(_printf_hex_int_ll_ptr.o)
    0x08000a60   0x08000a60   0x00000188   Code   RO         2175    .text               c_w.l(__printf_flags_ss_wp.o)
    0x08000be8   0x08000be8   0x00000064   Code   RO         2201    .text               c_w.l(rt_memcpy_w.o)
    0x08000c4c   0x08000c4c   0x0000008a   Code   RO         2241    .text               c_w.l(lludiv10.o)
    0x08000cd6   0x08000cd6   0x000000b2   Code   RO         2243    .text               c_w.l(_printf_intcommon.o)
    0x08000d88   0x08000d88   0x0000041c   Code   RO         2245    .text               c_w.l(_printf_fp_dec.o)
    0x080011a4   0x080011a4   0x000002fc   Code   RO         2249    .text               c_w.l(_printf_fp_hex.o)
    0x080014a0   0x080014a0   0x0000002c   Code   RO         2254    .text               c_w.l(_printf_char.o)
    0x080014cc   0x080014cc   0x0000002c   Code   RO         2256    .text               c_w.l(_printf_wchar.o)
    0x080014f8   0x080014f8   0x00000048   Code   RO         2259    .text               c_w.l(_c16rtomb.o)
    0x08001540   0x08001540   0x0000004a   Code   RO         2263    .text               c_w.l(sys_stackheap_outer.o)
    0x0800158a   0x0800158a   0x00000002   PAD
    0x0800158c   0x0800158c   0x00000010   Code   RO         2265    .text               c_w.l(rt_ctype_table.o)
    0x0800159c   0x0800159c   0x0000000a   Code   RO         2272    .text               c_w.l(rt_locale_twolibspace.o)
    0x080015a6   0x080015a6   0x00000002   PAD
    0x080015a8   0x080015a8   0x00000080   Code   RO         2274    .text               c_w.l(_printf_fp_infnan.o)
    0x08001628   0x08001628   0x000000e4   Code   RO         2276    .text               c_w.l(bigflt0.o)
    0x0800170c   0x0800170c   0x00000012   Code   RO         2306    .text               c_w.l(exit.o)
    0x0800171e   0x0800171e   0x00000002   PAD
    0x08001720   0x08001720   0x00000008   Code   RO         2320    .text               c_w.l(libspace.o)
    0x08001728   0x08001728   0x0000007c   Code   RO         2336    .text               c_w.l(strcmpv7em.o)
    0x080017a4   0x080017a4   0x0000000c   Code   RO         2383    .text               c_w.l(sys_exit.o)
    0x080017b0   0x080017b0   0x00000002   Code   RO         2408    .text               c_w.l(use_no_semi.o)
    0x080017b2   0x080017b2   0x00000000   Code   RO         2410    .text               c_w.l(indicate_semi.o)
    0x080017b2   0x080017b2   0x00000002   PAD
    0x080017b4   0x080017b4   0x00000004   Code   RO           25    .text.BusFault_Handler  stm32f4xx_it.o
    0x080017b8   0x080017b8   0x00000110   Code   RO           40    .text.Com_Receive   com.o
    0x080018c8   0x080018c8   0x00000054   Code   RO           42    .text.Com_Send      com.o
    0x0800191c   0x0800191c   0x00000056   Code   RO          639    .text.DMA_CalcBaseAndBitshift  stm32f4xx_hal_dma.o
    0x08001972   0x08001972   0x00000002   PAD
    0x08001974   0x08001974   0x000000f0   Code   RO          637    .text.DMA_CheckFifoParam  stm32f4xx_hal_dma.o
    0x08001a64   0x08001a64   0x00000050   Code   RO          645    .text.DMA_SetConfig  stm32f4xx_hal_dma.o
    0x08001ab4   0x08001ab4   0x00000002   Code   RO           29    .text.DebugMon_Handler  stm32f4xx_it.o
    0x08001ab6   0x08001ab6   0x00000002   PAD
    0x08001ab8   0x08001ab8   0x000000de   Code   RO          383    .text.Disable_SPI_Clock  spi_stm32f4xx.o
    0x08001b96   0x08001b96   0x00000002   PAD
    0x08001b98   0x08001b98   0x00000034   Code   RO          112    .text.EXTI15_10_IRQHandler  joy.o
    0x08001bcc   0x08001bcc   0x00000256   Code   RO          309    .text.Enable_GPIO_Clock  i2c_stm32f4xx.o
    0x08001e22   0x08001e22   0x00000002   PAD
    0x08001e24   0x08001e24   0x00000256   Code   RO          373    .text.Enable_GPIO_Clock  spi_stm32f4xx.o
    0x0800207a   0x0800207a   0x00000002   PAD
    0x0800207c   0x0800207c   0x000001da   Code   RO          452    .text.Enable_GPIO_Clock  usart_stm32f4xx.o
    0x08002256   0x08002256   0x00000002   PAD
    0x08002258   0x08002258   0x0000014a   Code   RO          385    .text.Enable_SPI_Clock  spi_stm32f4xx.o
    0x080023a2   0x080023a2   0x00000002   PAD
    0x080023a4   0x080023a4   0x00000004   Code   RO            8    .text.Error_Handler  main.o
    0x080023a8   0x080023a8   0x000000ea   Code   RO          649    .text.HAL_DMA_Abort  stm32f4xx_hal_dma.o
    0x08002492   0x08002492   0x00000002   PAD
    0x08002494   0x08002494   0x00000044   Code   RO          651    .text.HAL_DMA_Abort_IT  stm32f4xx_hal_dma.o
    0x080024d8   0x080024d8   0x0000016e   Code   RO          635    .text.HAL_DMA_Init  stm32f4xx_hal_dma.o
    0x08002646   0x08002646   0x00000002   PAD
    0x08002648   0x08002648   0x000000c2   Code   RO          647    .text.HAL_DMA_Start_IT  stm32f4xx_hal_dma.o
    0x0800270a   0x0800270a   0x00000002   PAD
    0x0800270c   0x0800270c   0x00000042   Code   RO          516    .text.HAL_Delay     stm32f4xx_hal.o
    0x0800274e   0x0800274e   0x00000002   PAD
    0x08002750   0x08002750   0x0000025c   Code   RO          690    .text.HAL_GPIO_DeInit  stm32f4xx_hal_gpio.o
    0x080029ac   0x080029ac   0x000000b0   Code   RO          114    .text.HAL_GPIO_EXTI_Callback  joy.o
    0x08002a5c   0x08002a5c   0x00000038   Code   RO          700    .text.HAL_GPIO_EXTI_IRQHandler  stm32f4xx_hal_gpio.o
    0x08002a94   0x08002a94   0x000003f0   Code   RO          688    .text.HAL_GPIO_Init  stm32f4xx_hal_gpio.o
    0x08002e84   0x08002e84   0x0000002e   Code   RO          692    .text.HAL_GPIO_ReadPin  stm32f4xx_hal_gpio.o
    0x08002eb2   0x08002eb2   0x00000002   PAD
    0x08002eb4   0x08002eb4   0x0000002e   Code   RO          694    .text.HAL_GPIO_WritePin  stm32f4xx_hal_gpio.o
    0x08002ee2   0x08002ee2   0x00000002   PAD
    0x08002ee4   0x08002ee4   0x0000000e   Code   RO          524    .text.HAL_GetREVID  stm32f4xx_hal.o
    0x08002ef2   0x08002ef2   0x00000002   PAD
    0x08002ef4   0x08002ef4   0x00000066   Code   RO            2    .text.HAL_GetTick   main.o
    0x08002f5a   0x08002f5a   0x00000002   PAD
    0x08002f5c   0x08002f5c   0x0000002e   Code   RO          496    .text.HAL_Init      stm32f4xx_hal.o
    0x08002f8a   0x08002f8a   0x00000002   PAD
    0x08002f8c   0x08002f8c   0x00000070   Code   RO          498    .text.HAL_InitTick  stm32f4xx_hal.o
    0x08002ffc   0x08002ffc   0x00000002   Code   RO          500    .text.HAL_MspInit   stm32f4xx_hal.o
    0x08002ffe   0x08002ffe   0x00000002   PAD
    0x08003000   0x08003000   0x00000014   Code   RO          614    .text.HAL_NVIC_ClearPendingIRQ  stm32f4xx_hal_cortex.o
    0x08003014   0x08003014   0x00000014   Code   RO          580    .text.HAL_NVIC_DisableIRQ  stm32f4xx_hal_cortex.o
    0x08003028   0x08003028   0x00000014   Code   RO          576    .text.HAL_NVIC_EnableIRQ  stm32f4xx_hal_cortex.o
    0x0800303c   0x0800303c   0x00000032   Code   RO          568    .text.HAL_NVIC_SetPriority  stm32f4xx_hal_cortex.o
    0x0800306e   0x0800306e   0x00000002   PAD
    0x08003070   0x08003070   0x00000010   Code   RO          564    .text.HAL_NVIC_SetPriorityGrouping  stm32f4xx_hal_cortex.o
    0x08003080   0x08003080   0x00000262   Code   RO          961    .text.HAL_RCC_ClockConfig  stm32f4xx_hal_rcc.o
    0x080032e2   0x080032e2   0x00000002   PAD
    0x080032e4   0x080032e4   0x0000000c   Code   RO          971    .text.HAL_RCC_GetHCLKFreq  stm32f4xx_hal_rcc.o
    0x080032f0   0x080032f0   0x00000022   Code   RO          973    .text.HAL_RCC_GetPCLK1Freq  stm32f4xx_hal_rcc.o
    0x08003312   0x08003312   0x00000002   PAD
    0x08003314   0x08003314   0x00000022   Code   RO          975    .text.HAL_RCC_GetPCLK2Freq  stm32f4xx_hal_rcc.o
    0x08003336   0x08003336   0x00000002   PAD
    0x08003338   0x08003338   0x000000e6   Code   RO          963    .text.HAL_RCC_GetSysClockFreq  stm32f4xx_hal_rcc.o
    0x0800341e   0x0800341e   0x00000002   PAD
    0x08003420   0x08003420   0x000006a4   Code   RO          959    .text.HAL_RCC_OscConfig  stm32f4xx_hal_rcc.o
    0x08003ac4   0x08003ac4   0x00000010   Code   RO          588    .text.HAL_SYSTICK_Config  stm32f4xx_hal_cortex.o
    0x08003ad4   0x08003ad4   0x00000062   Code   RO         1146    .text.HAL_TIM_Base_DeInit  stm32f4xx_hal_tim.o
    0x08003b36   0x08003b36   0x00000002   PAD
    0x08003b38   0x08003b38   0x00000058   Code   RO         1140    .text.HAL_TIM_Base_Init  stm32f4xx_hal_tim.o
    0x08003b90   0x08003b90   0x00000008   Code   RO         1148    .text.HAL_TIM_Base_MspDeInit  stm32f4xx_hal_tim.o
    0x08003b98   0x08003b98   0x00000008   Code   RO         1142    .text.HAL_TIM_Base_MspInit  stm32f4xx_hal_tim.o
    0x08003ba0   0x08003ba0   0x0000003c   Code   RO         1150    .text.HAL_TIM_Base_Start  stm32f4xx_hal_tim.o
    0x08003bdc   0x08003bdc   0x0000004e   Code   RO         1152    .text.HAL_TIM_Base_Stop  stm32f4xx_hal_tim.o
    0x08003c2a   0x08003c2a   0x00000002   PAD
    0x08003c2c   0x08003c2c   0x00000004   Code   RO           21    .text.HardFault_Handler  stm32f4xx_it.o
    0x08003c30   0x08003c30   0x0000001c   Code   RO          303    .text.I2C1_Control  i2c_stm32f4xx.o
    0x08003c4c   0x08003c4c   0x00000010   Code   RO          279    .text.I2C1_ER_IRQHandler  i2c_stm32f4xx.o
    0x08003c5c   0x08003c5c   0x00000010   Code   RO          275    .text.I2C1_EV_IRQHandler  i2c_stm32f4xx.o
    0x08003c6c   0x08003c6c   0x00000010   Code   RO          301    .text.I2C1_GetDataCount  i2c_stm32f4xx.o
    0x08003c7c   0x08003c7c   0x00000018   Code   RO          305    .text.I2C1_GetStatus  i2c_stm32f4xx.o
    0x08003c94   0x08003c94   0x00000018   Code   RO          287    .text.I2C1_Initialize  i2c_stm32f4xx.o
    0x08003cac   0x08003cac   0x00000032   Code   RO          295    .text.I2C1_MasterReceive  i2c_stm32f4xx.o
    0x08003cde   0x08003cde   0x00000002   PAD
    0x08003ce0   0x08003ce0   0x00000032   Code   RO          293    .text.I2C1_MasterTransmit  i2c_stm32f4xx.o
    0x08003d12   0x08003d12   0x00000002   PAD
    0x08003d14   0x08003d14   0x0000001c   Code   RO          291    .text.I2C1_PowerControl  i2c_stm32f4xx.o
    0x08003d30   0x08003d30   0x0000001c   Code   RO          299    .text.I2C1_SlaveReceive  i2c_stm32f4xx.o
    0x08003d4c   0x08003d4c   0x0000001c   Code   RO          297    .text.I2C1_SlaveTransmit  i2c_stm32f4xx.o
    0x08003d68   0x08003d68   0x00000010   Code   RO          289    .text.I2C1_Uninitialize  i2c_stm32f4xx.o
    0x08003d78   0x08003d78   0x0000000c   Code   RO          285    .text.I2CX_GetCapabilities  i2c_stm32f4xx.o
    0x08003d84   0x08003d84   0x00000014   Code   RO          283    .text.I2CX_GetVersion  i2c_stm32f4xx.o
    0x08003d98   0x08003d98   0x00000464   Code   RO          325    .text.I2C_Control   i2c_stm32f4xx.o
    0x080041fc   0x080041fc   0x000002f8   Code   RO          281    .text.I2C_ER_IRQHandler  i2c_stm32f4xx.o
    0x080044f4   0x080044f4   0x000009a2   Code   RO          277    .text.I2C_EV_IRQHandler  i2c_stm32f4xx.o
    0x08004e96   0x08004e96   0x00000002   PAD
    0x08004e98   0x08004e98   0x00000054   Code   RO          323    .text.I2C_GetDataCount  i2c_stm32f4xx.o
    0x08004eec   0x08004eec   0x00000012   Code   RO          327    .text.I2C_GetStatus  i2c_stm32f4xx.o
    0x08004efe   0x08004efe   0x00000002   PAD
    0x08004f00   0x08004f00   0x0000023a   Code   RO          307    .text.I2C_Initialize  i2c_stm32f4xx.o
    0x0800513a   0x0800513a   0x00000002   PAD
    0x0800513c   0x0800513c   0x0000018c   Code   RO          317    .text.I2C_MasterReceive  i2c_stm32f4xx.o
    0x080052c8   0x080052c8   0x00000174   Code   RO          315    .text.I2C_MasterTransmit  i2c_stm32f4xx.o
    0x0800543c   0x0800543c   0x0000030e   Code   RO          313    .text.I2C_PowerControl  i2c_stm32f4xx.o
    0x0800574a   0x0800574a   0x00000002   PAD
    0x0800574c   0x0800574c   0x000000b6   Code   RO          321    .text.I2C_SlaveReceive  i2c_stm32f4xx.o
    0x08005802   0x08005802   0x00000002   PAD
    0x08005804   0x08005804   0x000000b6   Code   RO          319    .text.I2C_SlaveTransmit  i2c_stm32f4xx.o
    0x080058ba   0x080058ba   0x00000002   PAD
    0x080058bc   0x080058bc   0x00000026   Code   RO          197    .text.I2C_TX_RX_Callback  mpu6050.o
    0x080058e2   0x080058e2   0x00000002   PAD
    0x080058e4   0x080058e4   0x0000004c   Code   RO          311    .text.I2C_Uninitialize  i2c_stm32f4xx.o
    0x08005930   0x08005930   0x00000048   Code   RO          183    .text.InitLeds      leds_n.o
    0x08005978   0x08005978   0x00000034   Code   RO          102    .text.Init_MsgQueue_joy  joy.o
    0x080059ac   0x080059ac   0x0000003a   Code   RO           65    .text.Init_Principal  principal.o
    0x080059e6   0x080059e6   0x00000002   PAD
    0x080059e8   0x080059e8   0x00000052   Code   RO           44    .text.Init_USART    com.o
    0x08005a3a   0x08005a3a   0x00000002   PAD
    0x08005a3c   0x08005a3c   0x0000003a   Code   RO           82    .text.Init_clock_Thread  clock.o
    0x08005a76   0x08005a76   0x00000002   PAD
    0x08005a78   0x08005a78   0x00000096   Code   RO           38    .text.Init_com_Thread  com.o
    0x08005b0e   0x08005b0e   0x00000002   PAD
    0x08005b10   0x08005b10   0x0000003a   Code   RO           98    .text.Init_joy_Thread  joy.o
    0x08005b4a   0x08005b4a   0x00000002   PAD
    0x08005b4c   0x08005b4c   0x00000050   Code   RO          130    .text.Init_lcd      lcd.o
    0x08005b9c   0x08005b9c   0x0000003a   Code   RO          179    .text.Init_leds_N   leds_n.o
    0x08005bd6   0x08005bd6   0x00000002   PAD
    0x08005bd8   0x08005bd8   0x00000034   Code   RO          199    .text.Init_mpu6050_Queue  mpu6050.o
    0x08005c0c   0x08005c0c   0x0000003a   Code   RO          193    .text.Init_mpu6050_Thread  mpu6050.o
    0x08005c46   0x08005c46   0x00000002   PAD
    0x08005c48   0x08005c48   0x0000004c   Code   RO          136    .text.LCD_Init      lcd.o
    0x08005c94   0x08005c94   0x0000010c   Code   RO          134    .text.LCD_reset     lcd.o
    0x08005da0   0x08005da0   0x000000fa   Code   RO          140    .text.LCD_update    lcd.o
    0x08005e9a   0x08005e9a   0x00000002   PAD
    0x08005e9c   0x08005e9c   0x00000064   Code   RO          152    .text.LCD_wr_cmd    lcd.o
    0x08005f00   0x08005f00   0x00000062   Code   RO          156    .text.LCD_wr_data   lcd.o
    0x08005f62   0x08005f62   0x00000002   PAD
    0x08005f64   0x08005f64   0x00000004   Code   RO           23    .text.MemManage_Handler  stm32f4xx_it.o
    0x08005f68   0x08005f68   0x00000040   Code   RO         1932    .text.MessageQueueGet  RTX_CM4F.lib(rtx_msgqueue.o)
    0x08005fa8   0x08005fa8   0x00000058   Code   RO         1926    .text.MessageQueuePut  RTX_CM4F.lib(rtx_msgqueue.o)
    0x08006000   0x08006000   0x0000001c   Code   RO         1924    .text.MessageQueueRemove  RTX_CM4F.lib(rtx_msgqueue.o)
    0x0800601c   0x0800601c   0x00000002   Code   RO           19    .text.NMI_Handler   stm32f4xx_it.o
    0x0800601e   0x0800601e   0x00000002   PAD
    0x08006020   0x08006020   0x0000006c   Code   RO          574    .text.NVIC_EncodePriority  stm32f4xx_hal_cortex.o
    0x0800608c   0x0800608c   0x00000008   Code   RO         2043    .text.OS_Tick_AcknowledgeIRQ  RTX_CM4F.lib(os_systick.o)
    0x08006094   0x08006094   0x00000024   Code   RO         2039    .text.OS_Tick_Enable  RTX_CM4F.lib(os_systick.o)
    0x080060b8   0x080060b8   0x00000006   Code   RO         2045    .text.OS_Tick_GetIRQn  RTX_CM4F.lib(os_systick.o)
    0x080060be   0x080060be   0x00000002   PAD
    0x080060c0   0x080060c0   0x00000040   Code   RO         2037    .text.OS_Tick_Setup  RTX_CM4F.lib(os_systick.o)
    0x08006100   0x08006100   0x0000000c   Code   RO         1636    .text.OUTLINED_FUNCTION_0  RTX_CM4F.lib(rtx_kernel.o)
    0x0800610c   0x0800610c   0x00000006   Code   RO         1778    .text.OUTLINED_FUNCTION_0  RTX_CM4F.lib(rtx_thread.o)
    0x08006112   0x08006112   0x0000000c   Code   RO         1940    .text.OUTLINED_FUNCTION_0  RTX_CM4F.lib(rtx_msgqueue.o)
    0x0800611e   0x0800611e   0x00000006   Code   RO         1638    .text.OUTLINED_FUNCTION_1  RTX_CM4F.lib(rtx_kernel.o)
    0x08006124   0x08006124   0x00000004   PAD
    0x08006128   0x08006128   0x00001828   Code   RO           67    .text.Principal     principal.o
    0x08007950   0x08007950   0x0000001c   Code   RO          363    .text.SPI1_Control  spi_stm32f4xx.o
    0x0800796c   0x0800796c   0x00000010   Code   RO          361    .text.SPI1_GetDataCount  spi_stm32f4xx.o
    0x0800797c   0x0800797c   0x00000018   Code   RO          365    .text.SPI1_GetStatus  spi_stm32f4xx.o
    0x08007994   0x08007994   0x00000010   Code   RO          341    .text.SPI1_IRQHandler  spi_stm32f4xx.o
    0x080079a4   0x080079a4   0x00000018   Code   RO          349    .text.SPI1_Initialize  spi_stm32f4xx.o
    0x080079bc   0x080079bc   0x0000001c   Code   RO          353    .text.SPI1_PowerControl  spi_stm32f4xx.o
    0x080079d8   0x080079d8   0x0000001c   Code   RO          357    .text.SPI1_Receive  spi_stm32f4xx.o
    0x080079f4   0x080079f4   0x0000001c   Code   RO          355    .text.SPI1_Send     spi_stm32f4xx.o
    0x08007a10   0x08007a10   0x00000020   Code   RO          359    .text.SPI1_Transfer  spi_stm32f4xx.o
    0x08007a30   0x08007a30   0x00000010   Code   RO          351    .text.SPI1_Uninitialize  spi_stm32f4xx.o
    0x08007a40   0x08007a40   0x00000014   Code   RO          347    .text.SPIX_GetCapabilities  spi_stm32f4xx.o
    0x08007a54   0x08007a54   0x00000014   Code   RO          345    .text.SPIX_GetVersion  spi_stm32f4xx.o
    0x08007a68   0x08007a68   0x000006f4   Code   RO          379    .text.SPI_Control   spi_stm32f4xx.o
    0x0800815c   0x0800815c   0x0000000e   Code   RO          397    .text.SPI_GetDataCount  spi_stm32f4xx.o
    0x0800816a   0x0800816a   0x00000002   PAD
    0x0800816c   0x0800816c   0x00000044   Code   RO          399    .text.SPI_GetStatus  spi_stm32f4xx.o
    0x080081b0   0x080081b0   0x00000198   Code   RO          343    .text.SPI_IRQHandler  spi_stm32f4xx.o
    0x08008348   0x08008348   0x0000012a   Code   RO          371    .text.SPI_Initialize  spi_stm32f4xx.o
    0x08008472   0x08008472   0x00000002   PAD
    0x08008474   0x08008474   0x000001bc   Code   RO          381    .text.SPI_PeripheralReset  spi_stm32f4xx.o
    0x08008630   0x08008630   0x00000124   Code   RO          377    .text.SPI_PowerControl  spi_stm32f4xx.o
    0x08008754   0x08008754   0x000000e2   Code   RO          393    .text.SPI_Receive   spi_stm32f4xx.o
    0x08008836   0x08008836   0x00000002   PAD
    0x08008838   0x08008838   0x0000009e   Code   RO          367    .text.SPI_RxData    spi_stm32f4xx.o
    0x080088d6   0x080088d6   0x00000002   PAD
    0x080088d8   0x080088d8   0x000000e2   Code   RO          391    .text.SPI_Send      spi_stm32f4xx.o
    0x080089ba   0x080089ba   0x00000002   PAD
    0x080089bc   0x080089bc   0x000000b8   Code   RO          395    .text.SPI_Transfer  spi_stm32f4xx.o
    0x08008a74   0x08008a74   0x000000a6   Code   RO          369    .text.SPI_TxData    spi_stm32f4xx.o
    0x08008b1a   0x08008b1a   0x00000002   PAD
    0x08008b1c   0x08008b1c   0x000000aa   Code   RO          375    .text.SPI_Uninitialize  spi_stm32f4xx.o
    0x08008bc6   0x08008bc6   0x00000002   PAD
    0x08008bc8   0x08008bc8   0x00000052   Code   RO          590    .text.SysTick_Config  stm32f4xx_hal_cortex.o
    0x08008c1a   0x08008c1a   0x00000002   PAD
    0x08008c1c   0x08008c1c   0x000000c8   Code   RO            6    .text.SystemClock_Config  main.o
    0x08008ce4   0x08008ce4   0x0000012e   Code   RO         1566    .text.SystemCoreClockUpdate  system_stm32f4xx.o
    0x08008e12   0x08008e12   0x00000002   PAD
    0x08008e14   0x08008e14   0x00000020   Code   RO         1564    .text.SystemInit    system_stm32f4xx.o
    0x08008e34   0x08008e34   0x0000019a   Code   RO         1144    .text.TIM_Base_SetConfig  stm32f4xx_hal_tim.o
    0x08008fce   0x08008fce   0x00000002   PAD
    0x08008fd0   0x08008fd0   0x0000003e   Code   RO          132    .text.ThLCD         lcd.o
    0x0800900e   0x0800900e   0x00000064   Code   RO         1730    .text.ThreadFlagsCheck  RTX_CM4F.lib(rtx_thread.o)
    0x08009072   0x08009072   0x00000002   PAD
    0x08009074   0x08009074   0x00000044   Code   RO         1830    .text.TimerInsert   RTX_CM4F.lib(rtx_timer.o)
    0x080090b8   0x080090b8   0x00000028   Code   RO         1838    .text.TimerRemove   RTX_CM4F.lib(rtx_timer.o)
    0x080090e0   0x080090e0   0x0000001c   Code   RO          440    .text.USART3_Control  usart_stm32f4xx.o
    0x080090fc   0x080090fc   0x00000018   Code   RO          422    .text.USART3_GetCapabilities  usart_stm32f4xx.o
    0x08009114   0x08009114   0x00000018   Code   RO          446    .text.USART3_GetModemStatus  usart_stm32f4xx.o
    0x0800912c   0x0800912c   0x00000010   Code   RO          438    .text.USART3_GetRxCount  usart_stm32f4xx.o
    0x0800913c   0x0800913c   0x00000018   Code   RO          442    .text.USART3_GetStatus  usart_stm32f4xx.o
    0x08009154   0x08009154   0x00000010   Code   RO          436    .text.USART3_GetTxCount  usart_stm32f4xx.o
    0x08009164   0x08009164   0x00000010   Code   RO          418    .text.USART3_IRQHandler  usart_stm32f4xx.o
    0x08009174   0x08009174   0x00000018   Code   RO          424    .text.USART3_Initialize  usart_stm32f4xx.o
    0x0800918c   0x0800918c   0x0000001c   Code   RO          428    .text.USART3_PowerControl  usart_stm32f4xx.o
    0x080091a8   0x080091a8   0x0000001c   Code   RO          432    .text.USART3_Receive  usart_stm32f4xx.o
    0x080091c4   0x080091c4   0x0000001c   Code   RO          430    .text.USART3_Send   usart_stm32f4xx.o
    0x080091e0   0x080091e0   0x0000001c   Code   RO          444    .text.USART3_SetModemControl  usart_stm32f4xx.o
    0x080091fc   0x080091fc   0x00000020   Code   RO          434    .text.USART3_Transfer  usart_stm32f4xx.o
    0x0800921c   0x0800921c   0x00000010   Code   RO          426    .text.USART3_Uninitialize  usart_stm32f4xx.o
    0x0800922c   0x0800922c   0x00000bfa   Code   RO          474    .text.USART_Control  usart_stm32f4xx.o
    0x08009e26   0x08009e26   0x00000002   PAD
    0x08009e28   0x08009e28   0x00000010   Code   RO          448    .text.USART_GetCapabilities  usart_stm32f4xx.o
    0x08009e38   0x08009e38   0x0000006a   Code   RO          480    .text.USART_GetModemStatus  usart_stm32f4xx.o
    0x08009ea2   0x08009ea2   0x00000002   PAD
    0x08009ea4   0x08009ea4   0x0000000e   Code   RO          472    .text.USART_GetRxCount  usart_stm32f4xx.o
    0x08009eb2   0x08009eb2   0x00000002   PAD
    0x08009eb4   0x08009eb4   0x000000be   Code   RO          476    .text.USART_GetStatus  usart_stm32f4xx.o
    0x08009f72   0x08009f72   0x00000002   PAD
    0x08009f74   0x08009f74   0x0000000e   Code   RO          470    .text.USART_GetTxCount  usart_stm32f4xx.o
    0x08009f82   0x08009f82   0x00000002   PAD
    0x08009f84   0x08009f84   0x000003b4   Code   RO          416    .text.USART_IRQHandler  usart_stm32f4xx.o
    0x0800a338   0x0800a338   0x000000e0   Code   RO          450    .text.USART_Initialize  usart_stm32f4xx.o
    0x0800a418   0x0800a418   0x0000024c   Code   RO          462    .text.USART_PeripheralReset  usart_stm32f4xx.o
    0x0800a664   0x0800a664   0x00000440   Code   RO          456    .text.USART_PowerControl  usart_stm32f4xx.o
    0x0800aaa4   0x0800aaa4   0x000000e4   Code   RO          466    .text.USART_Receive  usart_stm32f4xx.o
    0x0800ab88   0x0800ab88   0x000000c2   Code   RO          464    .text.USART_Send    usart_stm32f4xx.o
    0x0800ac4a   0x0800ac4a   0x00000002   PAD
    0x0800ac4c   0x0800ac4c   0x000000e2   Code   RO          478    .text.USART_SetModemControl  usart_stm32f4xx.o
    0x0800ad2e   0x0800ad2e   0x00000002   PAD
    0x0800ad30   0x0800ad30   0x00000096   Code   RO          468    .text.USART_Transfer  usart_stm32f4xx.o
    0x0800adc6   0x0800adc6   0x00000002   PAD
    0x0800adc8   0x0800adc8   0x000000a8   Code   RO          454    .text.USART_Uninitialize  usart_stm32f4xx.o
    0x0800ae70   0x0800ae70   0x00000014   Code   RO          420    .text.USARTx_GetVersion  usart_stm32f4xx.o
    0x0800ae84   0x0800ae84   0x00000004   Code   RO           27    .text.UsageFault_Handler  stm32f4xx_it.o
    0x0800ae88   0x0800ae88   0x00000030   Code   RO          387    .text.__NVIC_ClearPendingIRQ  spi_stm32f4xx.o
    0x0800aeb8   0x0800aeb8   0x00000030   Code   RO          458    .text.__NVIC_ClearPendingIRQ  usart_stm32f4xx.o
    0x0800aee8   0x0800aee8   0x00000030   Code   RO          616    .text.__NVIC_ClearPendingIRQ  stm32f4xx_hal_cortex.o
    0x0800af18   0x0800af18   0x00000038   Code   RO          582    .text.__NVIC_DisableIRQ  stm32f4xx_hal_cortex.o
    0x0800af50   0x0800af50   0x00000030   Code   RO          389    .text.__NVIC_EnableIRQ  spi_stm32f4xx.o
    0x0800af80   0x0800af80   0x00000030   Code   RO          460    .text.__NVIC_EnableIRQ  usart_stm32f4xx.o
    0x0800afb0   0x0800afb0   0x00000030   Code   RO          578    .text.__NVIC_EnableIRQ  stm32f4xx_hal_cortex.o
    0x0800afe0   0x0800afe0   0x00000010   Code   RO          570    .text.__NVIC_GetPriorityGrouping  stm32f4xx_hal_cortex.o
    0x0800aff0   0x0800aff0   0x00000042   Code   RO          572    .text.__NVIC_SetPriority  stm32f4xx_hal_cortex.o
    0x0800b032   0x0800b032   0x00000002   PAD
    0x0800b034   0x0800b034   0x0000003c   Code   RO          566    .text.__NVIC_SetPriorityGrouping  stm32f4xx_hal_cortex.o
    0x0800b070   0x0800b070   0x00000020   Code   RO          237    .text._mutex_acquire  rtx_lib.o
    0x0800b090   0x0800b090   0x00000012   Code   RO          241    .text._mutex_free   rtx_lib.o
    0x0800b0a2   0x0800b0a2   0x00000002   PAD
    0x0800b0a4   0x0800b0a4   0x00000032   Code   RO          235    .text._mutex_initialize  rtx_lib.o
    0x0800b0d6   0x0800b0d6   0x00000002   PAD
    0x0800b0d8   0x0800b0d8   0x0000001c   Code   RO          239    .text._mutex_release  rtx_lib.o
    0x0800b0f4   0x0800b0f4   0x00000008   Code   RO          229    .text._platform_post_stackheap_init  rtx_lib.o
    0x0800b0fc   0x0800b0fc   0x00000080   Code   RO          144    .text.borrar_linea_lcd  lcd.o
    0x0800b17c   0x0800b17c   0x00000034   Code   RO          138    .text.borrar_todo_lcd  lcd.o
    0x0800b1b0   0x0800b1b0   0x000000aa   Code   RO          110    .text.check_pins    joy.o
    0x0800b25a   0x0800b25a   0x00000002   PAD
    0x0800b25c   0x0800b25c   0x00000074   Code   RO           86    .text.clock_Callback  clock.o
    0x0800b2d0   0x0800b2d0   0x00000058   Code   RO           84    .text.clock_Thread  clock.o
    0x0800b328   0x0800b328   0x00000064   Code   RO          108    .text.control_press_tmr_Callback  joy.o
    0x0800b38c   0x0800b38c   0x00000086   Code   RO          162    .text.delay         lcd.o
    0x0800b412   0x0800b412   0x00000002   PAD
    0x0800b414   0x0800b414   0x00000050   Code   RO          142    .text.escribir_cadena  lcd.o
    0x0800b464   0x0800b464   0x0000002a   Code   RO          209    .text.in_buffer_clear  mpu6050.o
    0x0800b48e   0x0800b48e   0x00000002   PAD
    0x0800b490   0x0800b490   0x00000096   Code   RO          104    .text.init_Joystick_mbed  joy.o
    0x0800b526   0x0800b526   0x00000002   PAD
    0x0800b528   0x0800b528   0x000000d4   Code   RO          100    .text.joy_Thread    joy.o
    0x0800b5fc   0x0800b5fc   0x000000ee   Code   RO          181    .text.leds_N        leds_n.o
    0x0800b6ea   0x0800b6ea   0x00000002   PAD
    0x0800b6ec   0x0800b6ec   0x0000002e   Code   RO           46    .text.limpiar_usart_msg  com.o
    0x0800b71a   0x0800b71a   0x00000002   PAD
    0x0800b71c   0x0800b71c   0x00000024   Code   RO            4    .text.main          main.o
    0x0800b740   0x0800b740   0x0000009e   Code   RO          195    .text.mpu6050_Thread  mpu6050.o
    0x0800b7de   0x0800b7de   0x00000002   PAD
    0x0800b7e0   0x0800b7e0   0x000000b0   Code   RO          201    .text.mpu6050_init  mpu6050.o
    0x0800b890   0x0800b890   0x0000009e   Code   RO          205    .text.mpu_readout   mpu6050.o
    0x0800b92e   0x0800b92e   0x00000002   PAD
    0x0800b930   0x0800b930   0x0000001a   Code   RO          203    .text.mpu_sample_tmr_callback  mpu6050.o
    0x0800b94a   0x0800b94a   0x00000002   PAD
    0x0800b94c   0x0800b94c   0x0000002a   Code   RO          160    .text.mySPI_callback  lcd.o
    0x0800b976   0x0800b976   0x00000002   PAD
    0x0800b978   0x0800b978   0x00000066   Code   RO           48    .text.myUSART_callback  com.o
    0x0800b9de   0x0800b9de   0x00000002   PAD
    0x0800b9e0   0x0800b9e0   0x00000024   Code   RO         1796    .text.osDelay       RTX_CM4F.lib(rtx_delay.o)
    0x0800ba04   0x0800ba04   0x0000002c   Code   RO         1588    .text.osKernelGetState  RTX_CM4F.lib(rtx_kernel.o)
    0x0800ba30   0x0800ba30   0x00000028   Code   RO         1604    .text.osKernelGetTickCount  RTX_CM4F.lib(rtx_kernel.o)
    0x0800ba58   0x0800ba58   0x0000002c   Code   RO         1582    .text.osKernelInitialize  RTX_CM4F.lib(rtx_kernel.o)
    0x0800ba84   0x0800ba84   0x00000024   Code   RO         1592    .text.osKernelStart  RTX_CM4F.lib(rtx_kernel.o)
    0x0800baa8   0x0800baa8   0x00000070   Code   RO         1900    .text.osMessageQueueGet  RTX_CM4F.lib(rtx_msgqueue.o)
    0x0800bb18   0x0800bb18   0x00000024   Code   RO         1894    .text.osMessageQueueNew  RTX_CM4F.lib(rtx_msgqueue.o)
    0x0800bb3c   0x0800bb3c   0x00000080   Code   RO         1898    .text.osMessageQueuePut  RTX_CM4F.lib(rtx_msgqueue.o)
    0x0800bbbc   0x0800bbbc   0x00000024   Code   RO         1918    .text.osMessageQueueReset  RTX_CM4F.lib(rtx_msgqueue.o)
    0x0800bbe0   0x0800bbe0   0x00000024   Code   RO         1862    .text.osMutexAcquire  RTX_CM4F.lib(rtx_mutex.o)
    0x0800bc04   0x0800bc04   0x00000024   Code   RO         1868    .text.osMutexDelete  RTX_CM4F.lib(rtx_mutex.o)
    0x0800bc28   0x0800bc28   0x00000024   Code   RO         1858    .text.osMutexNew    RTX_CM4F.lib(rtx_mutex.o)
    0x0800bc4c   0x0800bc4c   0x00000024   Code   RO         1864    .text.osMutexRelease  RTX_CM4F.lib(rtx_mutex.o)
    0x0800bc70   0x0800bc70   0x0000002e   Code   RO          266    .text.osRtxErrorNotify  rtx_config.o
    0x0800bc9e   0x0800bc9e   0x00000002   PAD
    0x0800bca0   0x0800bca0   0x00000008   Code   RO          264    .text.osRtxIdleThread  rtx_config.o
    0x0800bca8   0x0800bca8   0x00000004   Code   RO         1580    .text.osRtxKernelErrorNotify  RTX_CM4F.lib(rtx_kernel.o)
    0x0800bcac   0x0800bcac   0x00000002   Code   RO         1578    .text.osRtxKernelPreInit  RTX_CM4F.lib(rtx_kernel.o)
    0x0800bcae   0x0800bcae   0x0000006c   Code   RO         1959    .text.osRtxMemoryAlloc  RTX_CM4F.lib(rtx_memory.o)
    0x0800bd1a   0x0800bd1a   0x00000042   Code   RO         1961    .text.osRtxMemoryFree  RTX_CM4F.lib(rtx_memory.o)
    0x0800bd5c   0x0800bd5c   0x00000036   Code   RO         1957    .text.osRtxMemoryInit  RTX_CM4F.lib(rtx_memory.o)
    0x0800bd92   0x0800bd92   0x0000003a   Code   RO         1973    .text.osRtxMemoryPoolAlloc  RTX_CM4F.lib(rtx_mempool.o)
    0x0800bdcc   0x0800bdcc   0x0000004a   Code   RO         1975    .text.osRtxMemoryPoolFree  RTX_CM4F.lib(rtx_mempool.o)
    0x0800be16   0x0800be16   0x00000038   Code   RO         1971    .text.osRtxMemoryPoolInit  RTX_CM4F.lib(rtx_mempool.o)
    0x0800be4e   0x0800be4e   0x000000aa   Code   RO         1922    .text.osRtxMessageQueuePostProcess  RTX_CM4F.lib(rtx_msgqueue.o)
    0x0800bef8   0x0800bef8   0x00000024   Code   RO         1890    .text.osRtxMessageQueueTimerSetup  RTX_CM4F.lib(rtx_msgqueue.o)
    0x0800bf1c   0x0800bf1c   0x00000048   Code   RO         1854    .text.osRtxMutexOwnerRelease  RTX_CM4F.lib(rtx_mutex.o)
    0x0800bf64   0x0800bf64   0x00000042   Code   RO         1856    .text.osRtxMutexOwnerRestore  RTX_CM4F.lib(rtx_mutex.o)
    0x0800bfa6   0x0800bfa6   0x00000002   PAD
    0x0800bfa8   0x0800bfa8   0x00000088   Code   RO         2025    .text.osRtxPendSV_Handler  RTX_CM4F.lib(rtx_system.o)
    0x0800c030   0x0800c030   0x00000070   Code   RO         2027    .text.osRtxPostProcess  RTX_CM4F.lib(rtx_system.o)
    0x0800c0a0   0x0800c0a0   0x00000034   Code   RO         1670    .text.osRtxThreadBlock  RTX_CM4F.lib(rtx_thread.o)
    0x0800c0d4   0x0800c0d4   0x0000007c   Code   RO         1678    .text.osRtxThreadDelayInsert  RTX_CM4F.lib(rtx_thread.o)
    0x0800c150   0x0800c150   0x0000003c   Code   RO         1674    .text.osRtxThreadDelayRemove  RTX_CM4F.lib(rtx_thread.o)
    0x0800c18c   0x0800c18c   0x00000048   Code   RO         1660    .text.osRtxThreadDelayTick  RTX_CM4F.lib(rtx_thread.o)
    0x0800c1d4   0x0800c1d4   0x00000020   Code   RO         1762    .text.osRtxThreadDestroy  RTX_CM4F.lib(rtx_thread.o)
    0x0800c1f4   0x0800c1f4   0x00000050   Code   RO         1668    .text.osRtxThreadDispatch  RTX_CM4F.lib(rtx_thread.o)
    0x0800c244   0x0800c244   0x00000058   Code   RO         1754    .text.osRtxThreadFree  RTX_CM4F.lib(rtx_thread.o)
    0x0800c29c   0x0800c29c   0x0000001e   Code   RO         1760    .text.osRtxThreadJoinWakeup  RTX_CM4F.lib(rtx_thread.o)
    0x0800c2ba   0x0800c2ba   0x00000012   Code   RO         1652    .text.osRtxThreadListGet  RTX_CM4F.lib(rtx_thread.o)
    0x0800c2cc   0x0800c2cc   0x0000002c   Code   RO         1650    .text.osRtxThreadListPut  RTX_CM4F.lib(rtx_thread.o)
    0x0800c2f8   0x0800c2f8   0x00000014   Code   RO         1656    .text.osRtxThreadListRemove  RTX_CM4F.lib(rtx_thread.o)
    0x0800c30c   0x0800c30c   0x0000000c   Code   RO         1662    .text.osRtxThreadListRoot  RTX_CM4F.lib(rtx_thread.o)
    0x0800c318   0x0800c318   0x00000026   Code   RO         1654    .text.osRtxThreadListSort  RTX_CM4F.lib(rtx_thread.o)
    0x0800c33e   0x0800c33e   0x00000028   Code   RO         1728    .text.osRtxThreadPostProcess  RTX_CM4F.lib(rtx_thread.o)
    0x0800c366   0x0800c366   0x00000002   PAD
    0x0800c368   0x0800c368   0x00000014   Code   RO         1658    .text.osRtxThreadReadyPut  RTX_CM4F.lib(rtx_thread.o)
    0x0800c37c   0x0800c37c   0x00000014   Code   RO         1664    .text.osRtxThreadRegPtr  RTX_CM4F.lib(rtx_thread.o)
    0x0800c390   0x0800c390   0x00000038   Code   RO         1680    .text.osRtxThreadStartup  RTX_CM4F.lib(rtx_thread.o)
    0x0800c3c8   0x0800c3c8   0x0000000c   Code   RO         1666    .text.osRtxThreadSwitch  RTX_CM4F.lib(rtx_thread.o)
    0x0800c3d4   0x0800c3d4   0x0000003c   Code   RO         1676    .text.osRtxThreadWaitEnter  RTX_CM4F.lib(rtx_thread.o)
    0x0800c410   0x0800c410   0x00000030   Code   RO         1672    .text.osRtxThreadWaitExit  RTX_CM4F.lib(rtx_thread.o)
    0x0800c440   0x0800c440   0x00000078   Code   RO         2023    .text.osRtxTick_Handler  RTX_CM4F.lib(rtx_system.o)
    0x0800c4b8   0x0800c4b8   0x00000020   Code   RO         1812    .text.osRtxTimerSetup  RTX_CM4F.lib(rtx_timer.o)
    0x0800c4d8   0x0800c4d8   0x00000020   Code   RO         1816    .text.osRtxTimerThread  RTX_CM4F.lib(rtx_timer.o)
    0x0800c4f8   0x0800c4f8   0x00000070   Code   RO         1814    .text.osRtxTimerTick  RTX_CM4F.lib(rtx_timer.o)
    0x0800c568   0x0800c568   0x0000000c   Code   RO         1712    .text.osThreadExit  RTX_CM4F.lib(rtx_thread.o)
    0x0800c574   0x0800c574   0x00000058   Code   RO         1720    .text.osThreadFlagsSet  RTX_CM4F.lib(rtx_thread.o)
    0x0800c5cc   0x0800c5cc   0x00000024   Code   RO         1726    .text.osThreadFlagsWait  RTX_CM4F.lib(rtx_thread.o)
    0x0800c5f0   0x0800c5f0   0x00000024   Code   RO         1684    .text.osThreadNew   RTX_CM4F.lib(rtx_thread.o)
    0x0800c614   0x0800c614   0x00000024   Code   RO         1702    .text.osThreadYield  RTX_CM4F.lib(rtx_thread.o)
    0x0800c638   0x0800c638   0x00000024   Code   RO         1826    .text.osTimerIsRunning  RTX_CM4F.lib(rtx_timer.o)
    0x0800c65c   0x0800c65c   0x00000024   Code   RO         1818    .text.osTimerNew    RTX_CM4F.lib(rtx_timer.o)
    0x0800c680   0x0800c680   0x00000024   Code   RO         1822    .text.osTimerStart  RTX_CM4F.lib(rtx_timer.o)
    0x0800c6a4   0x0800c6a4   0x00000024   Code   RO         1824    .text.osTimerStop   RTX_CM4F.lib(rtx_timer.o)
    0x0800c6c8   0x0800c6c8   0x00000036   Code   RO          233    .text.os_kernel_is_active  rtx_lib.o
    0x0800c6fe   0x0800c6fe   0x00000002   PAD
    0x0800c700   0x0800c700   0x000000ec   Code   RO          207    .text.readout_to_msg  mpu6050.o
    0x0800c7ec   0x0800c7ec   0x0000001a   Code   RO          106    .text.rebotes_tmr_Callback  joy.o
    0x0800c806   0x0800c806   0x00000016   Code   RO         1800    .text.svcRtxDelay   RTX_CM4F.lib(rtx_delay.o)
    0x0800c81c   0x0800c81c   0x00000008   Code   RO         1590    .text.svcRtxKernelGetState  RTX_CM4F.lib(rtx_kernel.o)
    0x0800c824   0x0800c824   0x0000000c   Code   RO         1606    .text.svcRtxKernelGetTickCount  RTX_CM4F.lib(rtx_kernel.o)
    0x0800c830   0x0800c830   0x000000f8   Code   RO         1620    .text.svcRtxKernelInitialize  RTX_CM4F.lib(rtx_kernel.o)
    0x0800c928   0x0800c928   0x00000084   Code   RO         1622    .text.svcRtxKernelStart  RTX_CM4F.lib(rtx_kernel.o)
    0x0800c9ac   0x0800c9ac   0x000000d4   Code   RO         1934    .text.svcRtxMessageQueueGet  RTX_CM4F.lib(rtx_msgqueue.o)
    0x0800ca80   0x0800ca80   0x00000118   Code   RO         1892    .text.svcRtxMessageQueueNew  RTX_CM4F.lib(rtx_msgqueue.o)
    0x0800cb98   0x0800cb98   0x000000b4   Code   RO         1930    .text.svcRtxMessageQueuePut  RTX_CM4F.lib(rtx_msgqueue.o)
    0x0800cc4c   0x0800cc4c   0x000000a8   Code   RO         1936    .text.svcRtxMessageQueueReset  RTX_CM4F.lib(rtx_msgqueue.o)
    0x0800ccf4   0x0800ccf4   0x0000008c   Code   RO         1874    .text.svcRtxMutexAcquire  RTX_CM4F.lib(rtx_mutex.o)
    0x0800cd80   0x0800cd80   0x000000b0   Code   RO         1880    .text.svcRtxMutexDelete  RTX_CM4F.lib(rtx_mutex.o)
    0x0800ce30   0x0800ce30   0x00000068   Code   RO         1870    .text.svcRtxMutexNew  RTX_CM4F.lib(rtx_mutex.o)
    0x0800ce98   0x0800ce98   0x000000b4   Code   RO         1876    .text.svcRtxMutexRelease  RTX_CM4F.lib(rtx_mutex.o)
    0x0800cf4c   0x0800cf4c   0x0000004c   Code   RO         1758    .text.svcRtxThreadExit  RTX_CM4F.lib(rtx_thread.o)
    0x0800cf98   0x0800cf98   0x00000066   Code   RO         1770    .text.svcRtxThreadFlagsSet  RTX_CM4F.lib(rtx_thread.o)
    0x0800cffe   0x0800cffe   0x00000002   PAD
    0x0800d000   0x0800d000   0x0000004c   Code   RO         1776    .text.svcRtxThreadFlagsWait  RTX_CM4F.lib(rtx_thread.o)
    0x0800d04c   0x0800d04c   0x000001ec   Code   RO         1682    .text.svcRtxThreadNew  RTX_CM4F.lib(rtx_thread.o)
    0x0800d238   0x0800d238   0x00000038   Code   RO         1744    .text.svcRtxThreadYield  RTX_CM4F.lib(rtx_thread.o)
    0x0800d270   0x0800d270   0x00000018   Code   RO         1842    .text.svcRtxTimerIsRunning  RTX_CM4F.lib(rtx_timer.o)
    0x0800d288   0x0800d288   0x00000074   Code   RO         1832    .text.svcRtxTimerNew  RTX_CM4F.lib(rtx_timer.o)
    0x0800d2fc   0x0800d2fc   0x00000048   Code   RO         1836    .text.svcRtxTimerStart  RTX_CM4F.lib(rtx_timer.o)
    0x0800d344   0x0800d344   0x00000028   Code   RO         1840    .text.svcRtxTimerStop  RTX_CM4F.lib(rtx_timer.o)
    0x0800d36c   0x0800d36c   0x0000011a   Code   RO          146    .text.symbolToLocalBuffer  lcd.o
    0x0800d486   0x0800d486   0x0000003e   Code   RO         2279    CL$$btod_d2e        c_w.l(btod.o)
    0x0800d4c4   0x0800d4c4   0x00000046   Code   RO         2281    CL$$btod_d2e_denorm_low  c_w.l(btod.o)
    0x0800d50a   0x0800d50a   0x00000060   Code   RO         2280    CL$$btod_d2e_norm_op1  c_w.l(btod.o)
    0x0800d56a   0x0800d56a   0x00000002   PAD
    0x0800d56c   0x0800d56c   0x00000338   Code   RO         2289    CL$$btod_div_common  c_w.l(btod.o)
    0x0800d8a4   0x0800d8a4   0x000000dc   Code   RO         2286    CL$$btod_e2e        c_w.l(btod.o)
    0x0800d980   0x0800d980   0x0000002a   Code   RO         2283    CL$$btod_ediv       c_w.l(btod.o)
    0x0800d9aa   0x0800d9aa   0x0000002a   Code   RO         2282    CL$$btod_emul       c_w.l(btod.o)
    0x0800d9d4   0x0800d9d4   0x00000244   Code   RO         2288    CL$$btod_mult_common  c_w.l(btod.o)
    0x0800dc18   0x0800dc18   0x00000030   Code   RO         2318    i.__ARM_fpclassify  m_wm.l(fpclassify.o)
    0x0800dc48   0x0800dc48   0x0000000e   Code   RO         2168    i._is_digit         c_w.l(__printf_wp.o)
    0x0800dc56   0x0800dc56   0x00000002   PAD
    0x0800dc58   0x0800dc58   0x0000002c   Code   RO         2304    locale$$code        c_w.l(lc_numeric_c.o)
    0x0800dc84   0x0800dc84   0x0000002c   Code   RO         2330    locale$$code        c_w.l(lc_ctype_c.o)
    0x0800dcb0   0x0800dcb0   0x00000150   Code   RO         2081    x$fpl$dadd          fz_wm.l(daddsub_clz.o)
    0x0800de00   0x0800de00   0x00000018   Code   RO         2261    x$fpl$dcmpinf       fz_wm.l(dcmpi.o)
    0x0800de18   0x0800de18   0x000002b4   Code   RO         2090    x$fpl$ddiv          fz_wm.l(ddiv.o)
    0x0800e0cc   0x0800e0cc   0x00000078   Code   RO         2203    x$fpl$deqf          fz_wm.l(deqf.o)
    0x0800e144   0x0800e144   0x0000005e   Code   RO         2093    x$fpl$dfix          fz_wm.l(dfix.o)
    0x0800e1a2   0x0800e1a2   0x0000002e   Code   RO         2098    x$fpl$dflt          fz_wm.l(dflt_clz.o)
    0x0800e1d0   0x0800e1d0   0x00000078   Code   RO         2205    x$fpl$dgeqf         fz_wm.l(dgeqf.o)
    0x0800e248   0x0800e248   0x00000078   Code   RO         2207    x$fpl$dleqf         fz_wm.l(dleqf.o)
    0x0800e2c0   0x0800e2c0   0x0000009c   Code   RO         2209    x$fpl$dnaninf       fz_wm.l(dnaninf.o)
    0x0800e35c   0x0800e35c   0x0000000c   Code   RO         2211    x$fpl$dretinf       fz_wm.l(dretinf.o)
    0x0800e368   0x0800e368   0x000001dc   Code   RO         2083    x$fpl$dsub          fz_wm.l(daddsub_clz.o)
    0x0800e544   0x0800e544   0x00000056   Code   RO         2103    x$fpl$f2d           fz_wm.l(f2d.o)
    0x0800e59a   0x0800e59a   0x00000054   Code   RO         2087    x$fpl$fcmp          fz_wm.l(dcmp.o)
    0x0800e5ee   0x0800e5ee   0x0000008c   Code   RO         2213    x$fpl$fnaninf       fz_wm.l(fnaninf.o)
    0x0800e67a   0x0800e67a   0x0000001a   Code   RO         2402    x$fpl$fpinit        fz_wm.l(fpinit.o)
    0x0800e694   0x0800e694   0x00000004   Code   RO         2215    x$fpl$printf1       fz_wm.l(printf1.o)
    0x0800e698   0x0800e698   0x00000004   Code   RO         2217    x$fpl$printf2       fz_wm.l(printf2.o)
    0x0800e69c   0x0800e69c   0x00000000   Code   RO         2223    x$fpl$usenofp       fz_wm.l(usenofp.o)
    0x0800e69c   0x0800e69c   0x00000008   Data   RO         2127    .constdata          c_w.l(_printf_wctomb.o)
    0x0800e6a4   0x0800e6a4   0x00000028   Data   RO         2156    .constdata          c_w.l(_printf_hex_int_ll_ptr.o)
    0x0800e6cc   0x0800e6cc   0x00000011   Data   RO         2176    .constdata          c_w.l(__printf_flags_ss_wp.o)
    0x0800e6dd   0x0800e6dd   0x00000026   Data   RO         2250    .constdata          c_w.l(_printf_fp_hex.o)
    0x0800e703   0x0800e703   0x00000001   PAD
    0x0800e704   0x0800e704   0x00000094   Data   RO         2277    .constdata          c_w.l(bigflt0.o)
    0x0800e798   0x0800e798   0x000000a8   Data   RO          247    .rodata             rtx_lib.o
    0x0800e840   0x0800e840   0x00000010   Data   RO         1569    .rodata.AHBPrescTable  system_stm32f4xx.o
    0x0800e850   0x0800e850   0x00000008   Data   RO         1570    .rodata.APBPrescTable  system_stm32f4xx.o
    0x0800e858   0x0800e858   0x00000960   Data   RO          164    .rodata.Arial12x12  lcd.o
    0x0800f1b8   0x0800f1b8   0x00000008   Data   RO          665    .rodata.DMA_CalcBaseAndBitshift.flagBitshiftOffset  stm32f4xx_hal_dma.o
    0x0800f1c0   0x0800f1c0   0x00000004   Data   RO          408    .rodata.DriverCapabilities  spi_stm32f4xx.o
    0x0800f1c4   0x0800f1c4   0x00000004   Data   RO          332    .rodata.DriverVersion  i2c_stm32f4xx.o
    0x0800f1c8   0x0800f1c8   0x00000004   Data   RO          407    .rodata.DriverVersion  spi_stm32f4xx.o
    0x0800f1cc   0x0800f1cc   0x00000030   Data   RO          330    .rodata.Driver_I2C1  i2c_stm32f4xx.o
    0x0800f1fc   0x0800f1fc   0x0000002c   Data   RO          402    .rodata.Driver_SPI1  spi_stm32f4xx.o
    0x0800f228   0x0800f228   0x00000038   Data   RO          482    .rodata.Driver_USART3  usart_stm32f4xx.o
    0x0800f260   0x0800f260   0x00000030   Data   RO          329    .rodata.I2C1_Resources  i2c_stm32f4xx.o
    0x0800f290   0x0800f290   0x0000002c   Data   RO          401    .rodata.SPI1_Resources  spi_stm32f4xx.o
    0x0800f2bc   0x0800f2bc   0x00000010   Data   RO          403    .rodata.SPI1_mosi   spi_stm32f4xx.o
    0x0800f2cc   0x0800f2cc   0x00000010   Data   RO          404    .rodata.SPI1_sck    spi_stm32f4xx.o
    0x0800f2dc   0x0800f2dc   0x00000034   Data   RO          487    .rodata.USART3_Resources  usart_stm32f4xx.o
    0x0800f310   0x0800f310   0x0000000c   Data   RO          484    .rodata.USART3_rx   usart_stm32f4xx.o
    0x0800f31c   0x0800f31c   0x0000000c   Data   RO          483    .rodata.USART3_tx   usart_stm32f4xx.o
    0x0800f328   0x0800f328   0x00000004   Data   RO          249    .rodata.osRtxUserSVC  rtx_lib.o
    0x0800f32c   0x0800f32c   0x00000024   Data   RO          244    .rodata.os_idle_thread_attr  rtx_lib.o
    0x0800f350   0x0800f350   0x00000018   Data   RO          246    .rodata.os_timer_mq_attr  rtx_lib.o
    0x0800f368   0x0800f368   0x00000024   Data   RO          245    .rodata.os_timer_thread_attr  rtx_lib.o
    0x0800f38c   0x0800f38c   0x000001f1   Data   RO           70    .rodata.str1.1      principal.o
    0x0800f57d   0x0800f57d   0x00000003   PAD
    0x0800f580   0x0800f580   0x0000000b   Data   RO         1640    .rodata.str1.4      RTX_CM4F.lib(rtx_kernel.o)
    0x0800f58b   0x0800f58b   0x00000001   PAD
    0x0800f58c   0x0800f58c   0x00000004   Data   RO          488    .rodata.usart_driver_version  usart_stm32f4xx.o
    0x0800f590   0x0800f590   0x00000020   Data   RO         2463    Region$$Table       anon$$obj.o
    0x0800f5b0   0x0800f5b0   0x0000001c   Data   RO         2303    locale$$data        c_w.l(lc_numeric_c.o)
    0x0800f5cc   0x0800f5cc   0x00000110   Data   RO         2329    locale$$data        c_w.l(lc_ctype_c.o)


    Execution Region RW_IRAM1 (Exec base: 0x20000000, Load base: 0x0800f6e0, Size: 0x00008fd8, Max: 0x00030000, ABSOLUTE)

    Exec Addr    Load Addr    Size         Type   Attr      Idx    E Section Name        Object

    0x20000000   0x0800f6e0   0x00000004   Data   RW          216    .data.I2Cdrv        mpu6050.o
    0x20000004   0x0800f6e4   0x00000004   Data   RW          165    .data.SPIdrv        lcd.o
    0x20000008   0x0800f6e8   0x00000004   Data   RW         1568    .data.SystemCoreClock  system_stm32f4xx.o
    0x2000000c   0x0800f6ec   0x00000004   Data   RW           57    .data.USARTdrv      com.o
    0x20000010   0x0800f6f0   0x00000008   Data   RW           71    .data.ax_ref        principal.o
    0x20000018   0x0800f6f8   0x00000008   Data   RW           72    .data.ay_ref        principal.o
    0x20000020   0x0800f700   0x00000008   Data   RW           73    .data.az_ref        principal.o
    0x20000028   0x0800f708   0x000000a4   Data   RW         1641    .data.os            RTX_CM4F.lib(rtx_kernel.o)
    0x200000cc   0x0800f7ac   0x00000002   Data   RW          170    .data.positionL2    lcd.o
    0x200000ce   0x0800f7ae   0x00000001   Data   RW          555    .data.uwTickFreq    stm32f4xx_hal.o
    0x200000cf   0x0800f7af   0x00000001   PAD
    0x200000d0   0x0800f7b0   0x00000004   Data   RW          554    .data.uwTickPrio    stm32f4xx_hal.o
    0x200000d4   0x0800f7b4   0x00000004   PAD
    0x200000d8        -       0x00000060   Zero   RW         2321    .bss                c_w.l(libspace.o)
    0x20000138        -       0x00000001   Zero   RW           54    .bss.Com_Receive.cmd  com.o
    0x20000139        -       0x00000001   Zero   RW           55    .bss.Com_Receive.cont  com.o
    0x2000013a        -       0x00000001   Zero   RW           56    .bss.Com_Receive.frame_size  com.o
    0x2000013b   0x0800f7b4   0x00000001   PAD
    0x2000013c        -       0x00000004   Zero   RW           10    .bss.HAL_GetTick.ticks  main.o
    0x20000140        -       0x00000028   Zero   RW          331    .bss.I2C1_Info      i2c_stm32f4xx.o
    0x20000168        -       0x00000010   Zero   RW          405    .bss.SPI1_Info      spi_stm32f4xx.o
    0x20000178        -       0x0000001c   Zero   RW          406    .bss.SPI1_TransferInfo  spi_stm32f4xx.o
    0x20000194        -       0x00000014   Zero   RW          485    .bss.USART3_Info    usart_stm32f4xx.o
    0x200001a8        -       0x00000024   Zero   RW          486    .bss.USART3_TransferInfo  usart_stm32f4xx.o
    0x200001cc        -       0x00000200   Zero   RW          168    .bss.buffer         lcd.o
    0x200003cc        -       0x00000001   Zero   RW          121    .bss.cnt            joy.o
    0x200003cd   0x0800f7b4   0x00000003   PAD
    0x200003d0        -       0x00000040   Zero   RW          171    .bss.htim7          lcd.o
    0x20000410        -       0x00000004   Zero   RW          215    .bss.id_MsgQueue_mpu6050  mpu6050.o
    0x20000414        -       0x00000004   Zero   RW           88    .bss.id_clock_Thread  clock.o
    0x20000418        -       0x00000004   Zero   RW           90    .bss.id_clock_tmr   clock.o
    0x2000041c        -       0x00000004   Zero   RW           52    .bss.id_com_receive  com.o
    0x20000420        -       0x00000004   Zero   RW           53    .bss.id_com_send    com.o
    0x20000424        -       0x00000004   Zero   RW          117    .bss.id_joy_MsgQueue  joy.o
    0x20000428        -       0x00000004   Zero   RW          116    .bss.id_joy_Thread  joy.o
    0x2000042c        -       0x00000004   Zero   RW          119    .bss.id_long_press_tmr  joy.o
    0x20000430        -       0x00000004   Zero   RW          211    .bss.id_mpu6050_Thread  mpu6050.o
    0x20000434        -       0x00000004   Zero   RW          212    .bss.id_mpu_sample_tmr  mpu6050.o
    0x20000438        -       0x00000004   Zero   RW          118    .bss.id_rebotes_tmr  joy.o
    0x2000043c        -       0x00000008   Zero   RW          120    .bss.joy_msg        joy.o
    0x20000444        -       0x00000010   Zero   RW          214    .bss.mpu6050_msg    mpu6050.o
    0x20000454        -       0x00000004   Zero   RW           50    .bss.msg_comReceive  com.o
    0x20000458        -       0x00000004   Zero   RW           51    .bss.msg_comSend    com.o
    0x2000045c        -       0x00000004   Zero   RW          166    .bss.msg_lcd        lcd.o
    0x20000460        -       0x00008040   Zero   RW          243    .bss.os             rtx_lib.o
    0x200084a0        -       0x00000001   Zero   RW         2055    .bss.os             RTX_CM4F.lib(os_systick.o)
    0x200084a1   0x0800f7b4   0x00000003   PAD
    0x200084a4        -       0x00000034   Zero   RW          254    .bss.os.msgqueue.cb  rtx_lib.o
    0x200084d8        -       0x00000050   Zero   RW          255    .bss.os.msgqueue.mem  rtx_lib.o
    0x20008528        -       0x00000088   Zero   RW          251    .bss.os.thread.cb   rtx_lib.o
    0x200085b0        -       0x00000200   Zero   RW          252    .bss.os.thread.idle.stack  rtx_lib.o
    0x200087b0        -       0x00000200   Zero   RW          253    .bss.os.thread.timer.stack  rtx_lib.o
    0x200089b0        -       0x00000001   Zero   RW          256    .bss.os_kernel_is_active.os_kernel_active  rtx_lib.o
    0x200089b1   0x0800f7b4   0x00000001   PAD
    0x200089b2        -       0x00000002   Zero   RW          169    .bss.positionL1     lcd.o
    0x200089b4        -       0x00000009   Zero   RW          213    .bss.read_buffer    mpu6050.o
    0x200089bd   0x0800f7b4   0x00000001   PAD
    0x200089be        -       0x00000002   Zero   RW          217    .bss.readout_to_msg.accel_x  mpu6050.o
    0x200089c0        -       0x00000002   Zero   RW          218    .bss.readout_to_msg.accel_y  mpu6050.o
    0x200089c2        -       0x00000002   Zero   RW          219    .bss.readout_to_msg.accel_z  mpu6050.o
    0x200089c4        -       0x00000002   Zero   RW          220    .bss.readout_to_msg.temp  mpu6050.o
    0x200089c6   0x0800f7b4   0x00000002   PAD
    0x200089c8        -       0x00000004   Zero   RW           69    .bss.tid_Principal  principal.o
    0x200089cc        -       0x00000004   Zero   RW          167    .bss.tid_lcd        lcd.o
    0x200089d0        -       0x00000004   Zero   RW          185    .bss.tid_leds_N     leds_n.o
    0x200089d4        -       0x00000003   Zero   RW           89    .bss.tiempo         clock.o
    0x200089d7   0x0800f7b4   0x00000001   PAD
    0x200089d8        -       0x00000200   Zero   RW         1555    HEAP                startup_stm32f429xx.o
    0x20008bd8        -       0x00000400   Zero   RW         1554    STACK               startup_stm32f429xx.o


==============================================================================

Image component sizes


      Code (inc. data)   RO Data    RW Data    ZI Data      Debug   Object Name

       262          0          0          0         11       1321   clock.o
       736          0          0          4         19       4793   com.o
      7966          8        100          0         40      19794   i2c_stm32f4xx.o
       996          0          0          0         25       6387   joy.o
      1652          0       2400          6        586       9918   lcd.o
       368          8          0          0          4       2717   leds_n.o
       342          0          0          0          4       3509   main.o
       944         12          0          4         45       4726   mpu6050.o
      6242        116        497         24          4       5443   principal.o
        54          6          0          0          0        724   rtx_config.o
       190          0        268          0      34125       7167   rtx_lib.o
      5960         20        128          0         44      18455   spi_stm32f4xx.o
        64         26        428          0       1536        896   startup_stm32f429xx.o
       240          0          0          5          0       7851   stm32f4xx_hal.o
       626          0          0          0          0       9930   stm32f4xx_hal_cortex.o
      1268          8          8          0          0       8685   stm32f4xx_hal_dma.o
      1760          0          0          0          0       5421   stm32f4xx_hal_gpio.o
      2620          0          0          0          0       7862   stm32f4xx_hal_rcc.o
       750          0          0          0          0      31781   stm32f4xx_hal_tim.o
        20          0          0          0          0        762   stm32f4xx_it.o
       334          0         24          4          0       2702   system_stm32f4xx.o
      8142         52        136          0         56      21998   usart_stm32f4xx.o

    ----------------------------------------------------------------------
     41690        256       4024         48      36512     182842   Object Totals
         0          0         32          0          0          0   (incl. Generated)
       154          0          3          1         13          0   (incl. Padding)

    ----------------------------------------------------------------------

      Code (inc. data)   RO Data    RW Data    ZI Data      Debug   Library Member Name

       200         12          0          0          0        634   irq_armv7m.o
       114         20          0          0          1       3200   os_systick.o
        58          4          0          0          0       2791   rtx_delay.o
       588         40         11        164          0      16501   rtx_kernel.o
       228          0          0          0          0       2537   rtx_memory.o
       188          0          0          0          0      16008   rtx_mempool.o
      1550         32          0          0          0      18657   rtx_msgqueue.o
       882         28          0          0          0       9962   rtx_mutex.o
       368         18          0          0          0       5296   rtx_system.o
      2042         72          0          0          0      31847   rtx_thread.o
       680         36          0          0          0      10397   rtx_timer.o
         8          0          0          0          0         68   __main.o
       392          4         17          0          0         92   __printf_flags_ss_wp.o
        14          0          0          0          0         68   __printf_wp.o
         0          0          0          0          0          0   __rtentry.o
        20          0          0          0          0          0   __rtentry2.o
         6          0          0          0          0          0   __rtentry4.o
        52          8          0          0          0          0   __scatter.o
        26          0          0          0          0          0   __scatter_copy.o
        28          0          0          0          0          0   __scatter_zi.o
        72          0          0          0          0         96   _c16rtomb.o
         6          0          0          0          0          0   _printf_a.o
         6          0          0          0          0          0   _printf_c.o
        44          0          0          0          0        108   _printf_char.o
        48          6          0          0          0         96   _printf_char_common.o
        40          0          0          0          0         68   _printf_charcount.o
         6          0          0          0          0          0   _printf_d.o
       120         16          0          0          0         92   _printf_dec.o
         6          0          0          0          0          0   _printf_e.o
         6          0          0          0          0          0   _printf_f.o
      1052          0          0          0          0        148   _printf_fp_dec.o
       764          8         38          0          0        100   _printf_fp_hex.o
       128         16          0          0          0         84   _printf_fp_infnan.o
         6          0          0          0          0          0   _printf_g.o
       148          4         40          0          0        160   _printf_hex_int_ll_ptr.o
         6          0          0          0          0          0   _printf_i.o
       178          0          0          0          0         88   _printf_intcommon.o
        10          0          0          0          0          0   _printf_l.o
         6          0          0          0          0          0   _printf_lc.o
        10          0          0          0          0          0   _printf_ll.o
         6          0          0          0          0          0   _printf_lld.o
         6          0          0          0          0          0   _printf_lli.o
         6          0          0          0          0          0   _printf_llo.o
         6          0          0          0          0          0   _printf_llu.o
         6          0          0          0          0          0   _printf_llx.o
       124         16          0          0          0         92   _printf_longlong_dec.o
         6          0          0          0          0          0   _printf_ls.o
         6          0          0          0          0          0   _printf_n.o
         6          0          0          0          0          0   _printf_o.o
       112          8          0          0          0        124   _printf_oct_int_ll.o
         6          0          0          0          0          0   _printf_p.o
        78          0          0          0          0        108   _printf_pad.o
         0          0          0          0          0          0   _printf_percent.o
         4          0          0          0          0          0   _printf_percent_end.o
         6          0          0          0          0          0   _printf_s.o
        82          0          0          0          0         80   _printf_str.o
        36          0          0          0          0         84   _printf_truncate.o
         6          0          0          0          0          0   _printf_u.o
        44          0          0          0          0        108   _printf_wchar.o
       188          6          8          0          0         92   _printf_wctomb.o
         6          0          0          0          0          0   _printf_x.o
        10          0          0          0          0         68   _sputc.o
       228          4        148          0          0         96   bigflt0.o
      1936        128          0          0          0        668   btod.o
        18          0          0          0          0         80   exit.o
         6          0          0          0          0        152   heapauxi.o
         0          0          0          0          0          0   indicate_semi.o
        44         10        272          0          0         76   lc_ctype_c.o
        44         10         28          0          0         76   lc_numeric_c.o
         2          0          0          0          0          0   libinit.o
        34          0          0          0          0          0   libinit2.o
         2          0          0          0          0          0   libshutdown.o
         2          0          0          0          0          0   libshutdown2.o
         8          4          0          0         96         68   libspace.o
       138          0          0          0          0         80   lludiv10.o
       240          0          0          0          0        100   lludivv7m.o
        16          4          0          0          0         76   rt_ctype_table.o
        10          0          0          0          0         76   rt_locale_twolibspace.o
        68          0          0          0          0         68   rt_memclr.o
        78          0          0          0          0         80   rt_memclr_w.o
       138          0          0          0          0         68   rt_memcpy_v6.o
       100          0          0          0          0         80   rt_memcpy_w.o
         2          0          0          0          0          0   rtexit.o
        10          0          0          0          0          0   rtexit2.o
        44          6          0          0          0         84   sprintf.o
       124          0          0          0          0         88   strcmpv7em.o
        62          0          0          0          0         76   strlen.o
        12          4          0          0          0         68   sys_exit.o
        74          0          0          0          0         80   sys_stackheap_outer.o
         2          0          0          0          0         68   use_no_semi.o
       812         16          0          0          0        392   daddsub_clz.o
        84          0          0          0          0        244   dcmp.o
        24          0          0          0          0        116   dcmpi.o
       692        140          0          0          0        264   ddiv.o
       120          4          0          0          0        140   deqf.o
        94          4          0          0          0        140   dfix.o
        46          0          0          0          0        116   dflt_clz.o
       120          4          0          0          0        140   dgeqf.o
       120          4          0          0          0        140   dleqf.o
       156          4          0          0          0        140   dnaninf.o
        12          0          0          0          0        116   dretinf.o
        86          4          0          0          0        132   f2d.o
       140          4          0          0          0        132   fnaninf.o
        26          0          0          0          0        116   fpinit.o
         4          0          0          0          0        116   printf1.o
         4          0          0          0          0        116   printf2.o
         0          0          0          0          0          0   usenofp.o
        48          0          0          0          0        124   fpclassify.o

    ----------------------------------------------------------------------
     16918        708        564        164        100     124846   Library Totals
        32          0          2          0          3          0   (incl. Padding)

    ----------------------------------------------------------------------

      Code (inc. data)   RO Data    RW Data    ZI Data      Debug   Library Name

      6898        262         11        164          1     117830   RTX_CM4F.lib
      7400        262        551          0         96       4332   c_w.l
      2540        184          0          0          0       2560   fz_wm.l
        48          0          0          0          0        124   m_wm.l

    ----------------------------------------------------------------------
     16918        708        564        164        100     124846   Library Totals

    ----------------------------------------------------------------------

==============================================================================


      Code (inc. data)   RO Data    RW Data    ZI Data      Debug   

     58608        964       4588        212      36612     303268   Grand Totals
     58608        964       4588        212      36612     303268   ELF Image Totals
     58608        964       4588        212          0          0   ROM Totals

==============================================================================

    Total RO  Size (Code + RO Data)                63196 (  61.71kB)
    Total RW  Size (RW Data + ZI Data)             36824 (  35.96kB)
    Total ROM Size (Code + RO Data + RW Data)      63408 (  61.92kB)

==============================================================================

