Component: ARM Compiler 6.16 Tool: armlink [5dfeaa00]

==============================================================================

Section Cross References

    joy.o(.text.Init_joy_Thread) refers to joy.o(.text.joy_Thread) for joy_Thread
    joy.o(.text.Init_joy_Thread) refers to rtx_thread.o(.text.osThreadNew) for osThreadNew
    joy.o(.text.Init_joy_Thread) refers to joy.o(.bss.id_joy_Thread) for id_joy_Thread
    joy.o(.ARM.exidx.text.Init_joy_Thread) refers to joy.o(.text.Init_joy_Thread) for [Anonymous Symbol]
    joy.o(.text.joy_Thread) refers to joy.o(.text.init_Joystick_mbed) for init_Joystick_mbed
    joy.o(.text.joy_Thread) refers to joy.o(.text.Init_MsgQueue_joy) for Init_MsgQueue_joy
    joy.o(.text.joy_Thread) refers to joy.o(.text.rebotes_tmr_Callback) for rebotes_tmr_Callback
    joy.o(.text.joy_Thread) refers to rtx_timer.o(.text.osTimerNew) for osTimerNew
    joy.o(.text.joy_Thread) refers to joy.o(.bss.id_rebotes_tmr) for id_rebotes_tmr
    joy.o(.text.joy_Thread) refers to joy.o(.text.long_press_tmr_Callback) for long_press_tmr_Callback
    joy.o(.text.joy_Thread) refers to joy.o(.bss.id_long_press_tmr) for id_long_press_tmr
    joy.o(.text.joy_Thread) refers to joy.o(.text.halt_tmr_Callback) for halt_tmr_Callback
    joy.o(.text.joy_Thread) refers to joy.o(.bss.id_halt_tmr) for id_halt_tmr
    joy.o(.text.joy_Thread) refers to joy.o(.bss.id_joy_MsgQueue) for id_joy_MsgQueue
    joy.o(.text.joy_Thread) refers to joy.o(.bss.joy_msg) for joy_msg
    joy.o(.text.joy_Thread) refers to rtx_timer.o(.text.osTimerStart) for osTimerStart
    joy.o(.text.joy_Thread) refers to rtx_msgqueue.o(.text.osMessageQueuePut) for osMessageQueuePut
    joy.o(.text.joy_Thread) refers to rtx_thread.o(.text.osThreadFlagsWait) for osThreadFlagsWait
    joy.o(.text.joy_Thread) refers to stm32f4xx_hal_gpio.o(.text.HAL_GPIO_WritePin) for HAL_GPIO_WritePin
    joy.o(.ARM.exidx.text.joy_Thread) refers to joy.o(.text.joy_Thread) for [Anonymous Symbol]
    joy.o(.text.Init_MsgQueue_joy) refers to rtx_msgqueue.o(.text.osMessageQueueNew) for osMessageQueueNew
    joy.o(.text.Init_MsgQueue_joy) refers to joy.o(.bss.id_joy_MsgQueue) for id_joy_MsgQueue
    joy.o(.ARM.exidx.text.Init_MsgQueue_joy) refers to joy.o(.text.Init_MsgQueue_joy) for [Anonymous Symbol]
    joy.o(.text.init_Joystick_mbed) refers to stm32f4xx_hal_cortex.o(.text.HAL_NVIC_SetPriority) for HAL_NVIC_SetPriority
    joy.o(.text.init_Joystick_mbed) refers to stm32f4xx_hal_cortex.o(.text.HAL_NVIC_EnableIRQ) for HAL_NVIC_EnableIRQ
    joy.o(.text.init_Joystick_mbed) refers to stm32f4xx_hal_gpio.o(.text.HAL_GPIO_Init) for HAL_GPIO_Init
    joy.o(.ARM.exidx.text.init_Joystick_mbed) refers to joy.o(.text.init_Joystick_mbed) for [Anonymous Symbol]
    joy.o(.text.rebotes_tmr_Callback) refers to joy.o(.bss.id_joy_Thread) for id_joy_Thread
    joy.o(.text.rebotes_tmr_Callback) refers to rtx_thread.o(.text.osThreadFlagsSet) for osThreadFlagsSet
    joy.o(.ARM.exidx.text.rebotes_tmr_Callback) refers to joy.o(.text.rebotes_tmr_Callback) for [Anonymous Symbol]
    joy.o(.text.long_press_tmr_Callback) refers to joy.o(.text.check_pins) for check_pins
    joy.o(.text.long_press_tmr_Callback) refers to joy.o(.bss.joy_msg) for joy_msg
    joy.o(.ARM.exidx.text.long_press_tmr_Callback) refers to joy.o(.text.long_press_tmr_Callback) for [Anonymous Symbol]
    joy.o(.text.halt_tmr_Callback) refers to joy.o(.bss.id_joy_Thread) for id_joy_Thread
    joy.o(.text.halt_tmr_Callback) refers to rtx_thread.o(.text.osThreadFlagsSet) for osThreadFlagsSet
    joy.o(.ARM.exidx.text.halt_tmr_Callback) refers to joy.o(.text.halt_tmr_Callback) for [Anonymous Symbol]
    joy.o(.text.check_pins) refers to stm32f4xx_hal_gpio.o(.text.HAL_GPIO_ReadPin) for HAL_GPIO_ReadPin
    joy.o(.ARM.exidx.text.check_pins) refers to joy.o(.text.check_pins) for [Anonymous Symbol]
    joy.o(.text.EXTI15_10_IRQHandler) refers to stm32f4xx_hal_gpio.o(.text.HAL_GPIO_EXTI_IRQHandler) for HAL_GPIO_EXTI_IRQHandler
    joy.o(.ARM.exidx.text.EXTI15_10_IRQHandler) refers to joy.o(.text.EXTI15_10_IRQHandler) for [Anonymous Symbol]
    joy.o(.text.HAL_GPIO_EXTI_Callback) refers to joy.o(.bss.joy_msg) for joy_msg
    joy.o(.text.HAL_GPIO_EXTI_Callback) refers to joy.o(.bss.id_joy_Thread) for id_joy_Thread
    joy.o(.text.HAL_GPIO_EXTI_Callback) refers to rtx_thread.o(.text.osThreadFlagsSet) for osThreadFlagsSet
    joy.o(.ARM.exidx.text.HAL_GPIO_EXTI_Callback) refers to joy.o(.text.HAL_GPIO_EXTI_Callback) for [Anonymous Symbol]
    leds_n.o(.text.Init_leds_N) refers to leds_n.o(.text.leds_N) for leds_N
    leds_n.o(.text.Init_leds_N) refers to rtx_thread.o(.text.osThreadNew) for osThreadNew
    leds_n.o(.text.Init_leds_N) refers to leds_n.o(.bss.tid_leds_N) for tid_leds_N
    leds_n.o(.ARM.exidx.text.Init_leds_N) refers to leds_n.o(.text.Init_leds_N) for [Anonymous Symbol]
    leds_n.o(.text.leds_N) refers to leds_n.o(.text.InitLeds) for InitLeds
[...]
    [Anonymous Symbol]                       0x08001334   Section        0  stm32f4xx_hal_cortex.o(.text.__NVIC_EnableIRQ)
    __NVIC_GetPriorityGrouping               0x08001355   Thumb Code    16  stm32f4xx_hal_cortex.o(.text.__NVIC_GetPriorityGrouping)
    [Anonymous Symbol]                       0x08001354   Section        0  stm32f4xx_hal_cortex.o(.text.__NVIC_GetPriorityGrouping)
    __NVIC_SetPriority                       0x08001365   Thumb Code    34  stm32f4xx_hal_cortex.o(.text.__NVIC_SetPriority)
    [Anonymous Symbol]                       0x08001364   Section        0  stm32f4xx_hal_cortex.o(.text.__NVIC_SetPriority)
    __NVIC_SetPriorityGrouping               0x08001389   Thumb Code    32  stm32f4xx_hal_cortex.o(.text.__NVIC_SetPriorityGrouping)
    [Anonymous Symbol]                       0x08001388   Section        0  stm32f4xx_hal_cortex.o(.text.__NVIC_SetPriorityGrouping)
    __tagsym$$used.1                         0x080013a8   Number         0  rtx_lib.o(.text._mutex_acquire)
    [Anonymous Symbol]                       0x080013a8   Section        0  rtx_lib.o(.text._mutex_acquire)
    __tagsym$$used.3                         0x080013c4   Number         0  rtx_lib.o(.text._mutex_free)
    [Anonymous Symbol]                       0x080013c4   Section        0  rtx_lib.o(.text._mutex_free)
    __tagsym$$used.0                         0x080013d0   Number         0  rtx_lib.o(.text._mutex_initialize)
    [Anonymous Symbol]                       0x080013d0   Section        0  rtx_lib.o(.text._mutex_initialize)
    __tagsym$$used.2                         0x080013f0   Number         0  rtx_lib.o(.text._mutex_release)
    [Anonymous Symbol]                       0x080013f0   Section        0  rtx_lib.o(.text._mutex_release)
    [Anonymous Symbol]                       0x08001408   Section        0  rtx_lib.o(.text._platform_post_stackheap_init)
    check_pins                               0x08001411   Thumb Code   108  joy.o(.text.check_pins)
    [Anonymous Symbol]                       0x08001410   Section        0  joy.o(.text.check_pins)
    [Anonymous Symbol]                       0x0800147c   Section        0  joy.o(.text.halt_tmr_Callback)
    init_Joystick_mbed                       0x08001491   Thumb Code   126  joy.o(.text.init_Joystick_mbed)
    [Anonymous Symbol]                       0x08001490   Section        0  joy.o(.text.init_Joystick_mbed)
    [Anonymous Symbol]                       0x08001510   Section        0  joy.o(.text.joy_Thread)
    [Anonymous Symbol]                       0x080015f8   Section        0  leds_n.o(.text.leds_N)
    [Anonymous Symbol]                       0x080016bc   Section        0  joy.o(.text.long_press_tmr_Callback)
    [Anonymous Symbol]                       0x080016d8   Section        0  main.o(.text.main)
    [Anonymous Symbol]                       0x080016f8   Section        0  rtx_kernel.o(.text.osKernelGetState)
    __arm_cp.5_0                             0x08001720   Number         4  rtx_kernel.o(.text.osKernelGetState)
    [Anonymous Symbol]                       0x08001724   Section        0  rtx_kernel.o(.text.osKernelGetTickCount)
    __arm_cp.13_0                            0x08001744   Number         4  rtx_kernel.o(.text.osKernelGetTickCount)
    __arm_cp.13_1                            0x08001748   Number         4  rtx_kernel.o(.text.osKernelGetTickCount)
    [Anonymous Symbol]                       0x0800174c   Section        0  rtx_kernel.o(.text.osKernelInitialize)
    __arm_cp.2_0                             0x08001774   Number         4  rtx_kernel.o(.text.osKernelInitialize)
    [Anonymous Symbol]                       0x08001778   Section        0  rtx_kernel.o(.text.osKernelStart)
    __arm_cp.7_0                             0x08001798   Number         4  rtx_kernel.o(.text.osKernelStart)
    [Anonymous Symbol]                       0x0800179c   Section        0  rtx_msgqueue.o(.text.osMessageQueueGet)
    __arm_cp.5_0                             0x08001808   Number         4  rtx_msgqueue.o(.text.osMessageQueueGet)
    [Anonymous Symbol]                       0x0800180c   Section        0  rtx_msgqueue.o(.text.osMessageQueueNew)
    __arm_cp.2_0                             0x0800182c   Number         4  rtx_msgqueue.o(.text.osMessageQueueNew)
    [Anonymous Symbol]                       0x08001830   Section        0  rtx_msgqueue.o(.text.osMessageQueuePut)
    __arm_cp.4_0                             0x080018ac   Number         4  rtx_msgqueue.o(.text.osMessageQueuePut)
    [Anonymous Symbol]                       0x080018b0   Section        0  rtx_mutex.o(.text.osMutexAcquire)
    __arm_cp.4_0                             0x080018d0   Number         4  rtx_mutex.o(.text.osMutexAcquire)
    [Anonymous Symbol]                       0x080018d4   Section        0  rtx_mutex.o(.text.osMutexDelete)
    __arm_cp.7_0                             0x080018f4   Number         4  rtx_mutex.o(.text.osMutexDelete)
    [Anonymous Symbol]                       0x080018f8   Section        0  rtx_mutex.o(.text.osMutexNew)
    __arm_cp.2_0                             0x08001918   Number         4  rtx_mutex.o(.text.osMutexNew)
    [Anonymous Symbol]                       0x0800191c   Section        0  rtx_mutex.o(.text.osMutexRelease)
    __arm_cp.5_0                             0x0800193c   Number         4  rtx_mutex.o(.text.osMutexRelease)
    [Anonymous Symbol]                       0x08001940   Section        0  rtx_config.o(.text.osRtxErrorNotify)
    [Anonymous Symbol]                       0x08001944   Section        0  rtx_config.o(.text.osRtxIdleThread)
    [Anonymous Symbol]                       0x08001946   Section        0  rtx_kernel.o(.text.osRtxKernelErrorNotify)
    [Anonymous Symbol]                       0x0800194a   Section        0  rtx_kernel.o(.text.osRtxKernelPreInit)
    [Anonymous Symbol]                       0x0800194c   Section        0  rtx_memory.o(.text.osRtxMemoryAlloc)
    [Anonymous Symbol]                       0x080019b8   Section        0  rtx_memory.o(.text.osRtxMemoryFree)
    [Anonymous Symbol]                       0x080019fa   Section        0  rtx_memory.o(.text.osRtxMemoryInit)
    [Anonymous Symbol]                       0x08001a30   Section        0  rtx_mempool.o(.text.osRtxMemoryPoolAlloc)
    [Anonymous Symbol]                       0x08001a6a   Section        0  rtx_mempool.o(.text.osRtxMemoryPoolFree)
    [Anonymous Symbol]                       0x08001ab4   Section        0  rtx_mempool.o(.text.osRtxMemoryPoolInit)
    osRtxMessageQueuePostProcess             0x08001aed   Thumb Code   170  rtx_msgqueue.o(.text.osRtxMessageQueuePostProcess)
    [Anonymous Symbol]                       0x08001aec   Section        0  rtx_msgqueue.o(.text.osRtxMessageQueuePostProcess)
    [Anonymous Symbol]                       0x08001b98   Section        0  rtx_msgqueue.o(.text.osRtxMessageQueueTimerSetup)
    __arm_cp.0_0                             0x08001bb8   Number         4  rtx_msgqueue.o(.text.osRtxMessageQueueTimerSetup)
    [Anonymous Symbol]                       0x08001bbc   Section        0  rtx_mutex.o(.text.osRtxMutexOwnerRelease)
    [Anonymous Symbol]                       0x08001c04   Section        0  rtx_mutex.o(.text.osRtxMutexOwnerRestore)
    [Anonymous Symbol]                       0x08001c48   Section        0  rtx_system.o(.text.osRtxPendSV_Handler)
    [Anonymous Symbol]                       0x08001cd0   Section        0  rtx_system.o(.text.osRtxPostProcess)
    __arm_cp.2_1                             0x08001d3c   Number         4  rtx_system.o(.text.osRtxPostProcess)
    osRtxThreadBlock                         0x08001d41   Thumb Code    52  rtx_thread.o(.text.osRtxThreadBlock)
    [Anonymous Symbol]                       0x08001d40   Section        0  rtx_thread.o(.text.osRtxThreadBlock)
    osRtxThreadDelayInsert                   0x08001d75   Thumb Code   124  rtx_thread.o(.text.osRtxThreadDelayInsert)
    [Anonymous Symbol]                       0x08001d74   Section        0  rtx_thread.o(.text.osRtxThreadDelayInsert)
    osRtxThreadDelayRemove                   0x08001df1   Thumb Code    60  rtx_thread.o(.text.osRtxThreadDelayRemove)
    [Anonymous Symbol]                       0x08001df0   Section        0  rtx_thread.o(.text.osRtxThreadDelayRemove)
    [Anonymous Symbol]                       0x08001e2c   Section        0  rtx_thread.o(.text.osRtxThreadDelayTick)
    osRtxThreadDestroy                       0x08001e75   Thumb Code    32  rtx_thread.o(.text.osRtxThreadDestroy)
    [Anonymous Symbol]                       0x08001e74   Section        0  rtx_thread.o(.text.osRtxThreadDestroy)
    [Anonymous Symbol]                       0x08001e94   Section        0  rtx_thread.o(.text.osRtxThreadDispatch)
    osRtxThreadFree                          0x08001ee5   Thumb Code    84  rtx_thread.o(.text.osRtxThreadFree)
    [Anonymous Symbol]                       0x08001ee4   Section        0  rtx_thread.o(.text.osRtxThreadFree)
    __arm_cp.52_0                            0x08001f38   Number         4  rtx_thread.o(.text.osRtxThreadFree)
    osRtxThreadJoinWakeup                    0x08001f3d   Thumb Code    30  rtx_thread.o(.text.osRtxThreadJoinWakeup)
    [Anonymous Symbol]                       0x08001f3c   Section        0  rtx_thread.o(.text.osRtxThreadJoinWakeup)
    [Anonymous Symbol]                       0x08001f5a   Section        0  rtx_thread.o(.text.osRtxThreadListGet)
    [Anonymous Symbol]                       0x08001f6c   Section        0  rtx_thread.o(.text.osRtxThreadListPut)
    [Anonymous Symbol]                       0x08001f98   Section        0  rtx_thread.o(.text.osRtxThreadListRemove)
    osRtxThreadListRoot                      0x08001fad   Thumb Code    12  rtx_thread.o(.text.osRtxThreadListRoot)
    [Anonymous Symbol]                       0x08001fac   Section        0  rtx_thread.o(.text.osRtxThreadListRoot)
    [Anonymous Symbol]                       0x08001fb8   Section        0  rtx_thread.o(.text.osRtxThreadListSort)
    osRtxThreadPostProcess                   0x08001fdf   Thumb Code    40  rtx_thread.o(.text.osRtxThreadPostProcess)
    [Anonymous Symbol]                       0x08001fde   Section        0  rtx_thread.o(.text.osRtxThreadPostProcess)
    [Anonymous Symbol]                       0x08002008   Section        0  rtx_thread.o(.text.osRtxThreadReadyPut)
    __arm_cp.4_0                             0x08002018   Number         4  rtx_thread.o(.text.osRtxThreadReadyPut)
    [Anonymous Symbol]                       0x0800201c   Section        0  rtx_thread.o(.text.osRtxThreadRegPtr)
    [Anonymous Symbol]                       0x08002030   Section        0  rtx_thread.o(.text.osRtxThreadStartup)
    __arm_cp.15_0                            0x08002060   Number         4  rtx_thread.o(.text.osRtxThreadStartup)
    __arm_cp.15_1                            0x08002064   Number         4  rtx_thread.o(.text.osRtxThreadStartup)
    [Anonymous Symbol]                       0x08002068   Section        0  rtx_thread.o(.text.osRtxThreadSwitch)
    [Anonymous Symbol]                       0x08002074   Section        0  rtx_thread.o(.text.osRtxThreadWaitEnter)
    __arm_cp.13_0                            0x080020ac   Number         4  rtx_thread.o(.text.osRtxThreadWaitEnter)
    [Anonymous Symbol]                       0x080020b0   Section        0  rtx_thread.o(.text.osRtxThreadWaitExit)
    [Anonymous Symbol]                       0x080020e0   Section        0  rtx_system.o(.text.osRtxTick_Handler)
    __arm_cp.0_0                             0x08002154   Number         4  rtx_system.o(.text.osRtxTick_Handler)
    [Anonymous Symbol]                       0x08002158   Section        0  rtx_timer.o(.text.osRtxTimerSetup)
    __arm_cp.0_0                             0x08002170   Number         4  rtx_timer.o(.text.osRtxTimerSetup)
    __arm_cp.0_1                             0x08002174   Number         4  rtx_timer.o(.text.osRtxTimerSetup)
    [Anonymous Symbol]                       0x08002178   Section        0  rtx_timer.o(.text.osRtxTimerThread)
    osRtxTimerTick                           0x08002199   Thumb Code   108  rtx_timer.o(.text.osRtxTimerTick)
    [Anonymous Symbol]                       0x08002198   Section        0  rtx_timer.o(.text.osRtxTimerTick)
    __arm_cp.1_0                             0x08002204   Number         4  rtx_timer.o(.text.osRtxTimerTick)
    [Anonymous Symbol]                       0x08002208   Section        0  rtx_thread.o(.text.osThreadExit)
    __arm_cp.31_0                            0x08002210   Number         4  rtx_thread.o(.text.osThreadExit)
    [Anonymous Symbol]                       0x08002214   Section        0  rtx_thread.o(.text.osThreadFlagsSet)
    __arm_cp.35_0                            0x08002268   Number         4  rtx_thread.o(.text.osThreadFlagsSet)
    [Anonymous Symbol]                       0x0800226c   Section        0  rtx_thread.o(.text.osThreadFlagsWait)
    __arm_cp.38_0                            0x0800228c   Number         4  rtx_thread.o(.text.osThreadFlagsWait)
    [Anonymous Symbol]                       0x08002290   Section        0  rtx_thread.o(.text.osThreadNew)
    __arm_cp.17_0                            0x080022b0   Number         4  rtx_thread.o(.text.osThreadNew)
    [Anonymous Symbol]                       0x080022b4   Section        0  rtx_timer.o(.text.osTimerNew)
    __arm_cp.3_0                             0x080022d4   Number         4  rtx_timer.o(.text.osTimerNew)
    [Anonymous Symbol]                       0x080022d8   Section        0  rtx_timer.o(.text.osTimerStart)
    __arm_cp.5_0                             0x080022f8   Number         4  rtx_timer.o(.text.osTimerStart)
    os_kernel_is_active                      0x080022fd   Thumb Code    30  rtx_lib.o(.text.os_kernel_is_active)
    [Anonymous Symbol]                       0x080022fc   Section        0  rtx_lib.o(.text.os_kernel_is_active)
    [Anonymous Symbol]                       0x0800231c   Section        0  joy.o(.text.rebotes_tmr_Callback)
    svcRtxKernelGetState                     0x08002331   Thumb Code     8  rtx_kernel.o(.text.svcRtxKernelGetState)
    [Anonymous Symbol]                       0x08002330   Section        0  rtx_kernel.o(.text.svcRtxKernelGetState)
    svcRtxKernelGetTickCount                 0x08002339   Thumb Code     8  rtx_kernel.o(.text.svcRtxKernelGetTickCount)
    [Anonymous Symbol]                       0x08002338   Section        0  rtx_kernel.o(.text.svcRtxKernelGetTickCount)
    __arm_cp.14_0                            0x08002340   Number         4  rtx_kernel.o(.text.svcRtxKernelGetTickCount)
    svcRtxKernelInitialize                   0x08002345   Thumb Code   244  rtx_kernel.o(.text.svcRtxKernelInitialize)
    [Anonymous Symbol]                       0x08002344   Section        0  rtx_kernel.o(.text.svcRtxKernelInitialize)
    __arm_cp.21_0                            0x08002438   Number         4  rtx_kernel.o(.text.svcRtxKernelInitialize)
    __arm_cp.21_2                            0x0800243c   Number         4  rtx_kernel.o(.text.svcRtxKernelInitialize)
    svcRtxKernelStart                        0x08002441   Thumb Code   120  rtx_kernel.o(.text.svcRtxKernelStart)
    [Anonymous Symbol]                       0x08002440   Section        0  rtx_kernel.o(.text.svcRtxKernelStart)
    __arm_cp.22_0                            0x080024b8   Number         4  rtx_kernel.o(.text.svcRtxKernelStart)
    __arm_cp.22_1                            0x080024bc   Number         4  rtx_kernel.o(.text.svcRtxKernelStart)
    __arm_cp.22_2                            0x080024c0   Number         4  rtx_kernel.o(.text.svcRtxKernelStart)
    __arm_cp.22_3                            0x080024c4   Number         4  rtx_kernel.o(.text.svcRtxKernelStart)
    svcRtxMessageQueueGet                    0x080024c9   Thumb Code   212  rtx_msgqueue.o(.text.svcRtxMessageQueueGet)
    [Anonymous Symbol]                       0x080024c8   Section        0  rtx_msgqueue.o(.text.svcRtxMessageQueueGet)
    svcRtxMessageQueueNew                    0x0800259d   Thumb Code   272  rtx_msgqueue.o(.text.svcRtxMessageQueueNew)
    [Anonymous Symbol]                       0x0800259c   Section        0  rtx_msgqueue.o(.text.svcRtxMessageQueueNew)
    __arm_cp.1_0                             0x080026ac   Number         4  rtx_msgqueue.o(.text.svcRtxMessageQueueNew)
    __arm_cp.1_1                             0x080026b0   Number         4  rtx_msgqueue.o(.text.svcRtxMessageQueueNew)
    svcRtxMessageQueuePut                    0x080026b5   Thumb Code   176  rtx_msgqueue.o(.text.svcRtxMessageQueuePut)
    [Anonymous Symbol]                       0x080026b4   Section        0  rtx_msgqueue.o(.text.svcRtxMessageQueuePut)
    svcRtxMutexAcquire                       0x08002765   Thumb Code   140  rtx_mutex.o(.text.svcRtxMutexAcquire)
    [Anonymous Symbol]                       0x08002764   Section        0  rtx_mutex.o(.text.svcRtxMutexAcquire)
    __arm_cp.10_0                            0x080027f0   Number         4  rtx_mutex.o(.text.svcRtxMutexAcquire)
    svcRtxMutexDelete                        0x080027f5   Thumb Code   172  rtx_mutex.o(.text.svcRtxMutexDelete)
    [Anonymous Symbol]                       0x080027f4   Section        0  rtx_mutex.o(.text.svcRtxMutexDelete)
    svcRtxMutexNew                           0x080028a1   Thumb Code   100  rtx_mutex.o(.text.svcRtxMutexNew)
    [Anonymous Symbol]                       0x080028a0   Section        0  rtx_mutex.o(.text.svcRtxMutexNew)
    __arm_cp.8_0                             0x08002904   Number         4  rtx_mutex.o(.text.svcRtxMutexNew)
    svcRtxMutexRelease                       0x08002909   Thumb Code   176  rtx_mutex.o(.text.svcRtxMutexRelease)
    [Anonymous Symbol]                       0x08002908   Section        0  rtx_mutex.o(.text.svcRtxMutexRelease)
    __arm_cp.11_0                            0x080029b8   Number         4  rtx_mutex.o(.text.svcRtxMutexRelease)
    svcRtxThreadExit                         0x080029bd   Thumb Code    72  rtx_thread.o(.text.svcRtxThreadExit)
    [Anonymous Symbol]                       0x080029bc   Section        0  rtx_thread.o(.text.svcRtxThreadExit)
    __arm_cp.54_0                            0x08002a04   Number         4  rtx_thread.o(.text.svcRtxThreadExit)
    svcRtxThreadFlagsSet                     0x08002a09   Thumb Code   102  rtx_thread.o(.text.svcRtxThreadFlagsSet)
    [Anonymous Symbol]                       0x08002a08   Section        0  rtx_thread.o(.text.svcRtxThreadFlagsSet)
    svcRtxThreadFlagsWait                    0x08002a71   Thumb Code    72  rtx_thread.o(.text.svcRtxThreadFlagsWait)
    [Anonymous Symbol]                       0x08002a70   Section        0  rtx_thread.o(.text.svcRtxThreadFlagsWait)
    __arm_cp.63_0                            0x08002ab8   Number         4  rtx_thread.o(.text.svcRtxThreadFlagsWait)
    svcRtxThreadNew                          0x08002abd   Thumb Code   472  rtx_thread.o(.text.svcRtxThreadNew)
    [Anonymous Symbol]                       0x08002abc   Section        0  rtx_thread.o(.text.svcRtxThreadNew)
    __arm_cp.16_0                            0x08002c94   Number         4  rtx_thread.o(.text.svcRtxThreadNew)
    __arm_cp.16_1                            0x08002c98   Number         4  rtx_thread.o(.text.svcRtxThreadNew)
    __arm_cp.16_2                            0x08002c9c   Number         4  rtx_thread.o(.text.svcRtxThreadNew)
    __arm_cp.16_3                            0x08002ca0   Number         4  rtx_thread.o(.text.svcRtxThreadNew)
    __arm_cp.16_4                            0x08002ca4   Number         4  rtx_thread.o(.text.svcRtxThreadNew)
    svcRtxTimerNew                           0x08002ca9   Thumb Code   116  rtx_timer.o(.text.svcRtxTimerNew)
    [Anonymous Symbol]                       0x08002ca8   Section        0  rtx_timer.o(.text.svcRtxTimerNew)
    svcRtxTimerStart                         0x08002d1d   Thumb Code    68  rtx_timer.o(.text.svcRtxTimerStart)
    [Anonymous Symbol]                       0x08002d1c   Section        0  rtx_timer.o(.text.svcRtxTimerStart)
    __arm_cp.12_0                            0x08002d60   Number         4  rtx_timer.o(.text.svcRtxTimerStart)
    $v0                                      0x08002d64   Number         0  fpinit.o(x$fpl$fpinit)
    x$fpl$fpinit                             0x08002d64   Section       26  fpinit.o(x$fpl$fpinit)
    __tagsym$$used.4                         0x08002d80   Number         0  rtx_lib.o(.rodata)
    __tagsym$$used.5                         0x08002df0   Number         0  rtx_lib.o(.rodata)
    os_idle_thread_attr                      0x08002e3c   Data          36  rtx_lib.o(.rodata.os_idle_thread_attr)
    [Anonymous Symbol]                       0x08002e3c   Section        0  rtx_lib.o(.rodata.os_idle_thread_attr)
    os_timer_mq_attr                         0x08002e60   Data          24  rtx_lib.o(.rodata.os_timer_mq_attr)
    [Anonymous Symbol]                       0x08002e60   Section        0  rtx_lib.o(.rodata.os_timer_mq_attr)
    os_timer_thread_attr                     0x08002e78   Data          36  rtx_lib.o(.rodata.os_timer_thread_attr)
    [Anonymous Symbol]                       0x08002e78   Section        0  rtx_lib.o(.rodata.os_timer_thread_attr)
    [Anonymous Symbol]                       0x08002e9c   Section        0  rtx_kernel.o(.rodata.str1.4)
    .bss                                     0x200000b0   Section       96  libspace.o(.bss)
    HAL_GetTick.ticks                        0x20000110   Data           4  main.o(.bss.HAL_GetTick.ticks)
    [Anonymous Symbol]                       0x20000110   Section        0  main.o(.bss.HAL_GetTick.ticks)
    id_halt_tmr                              0x20000114   Data           4  joy.o(.bss.id_halt_tmr)
    [Anonymous Symbol]                       0x20000114   Section        0  joy.o(.bss.id_halt_tmr)
    id_long_press_tmr                        0x20000120   Data           4  joy.o(.bss.id_long_press_tmr)
    [Anonymous Symbol]                       0x20000120   Section        0  joy.o(.bss.id_long_press_tmr)
    id_rebotes_tmr                           0x20000124   Data           4  joy.o(.bss.id_rebotes_tmr)
    [Anonymous Symbol]                       0x20000124   Section        0  joy.o(.bss.id_rebotes_tmr)
    os_isr_queue                             0x20000130   Data          64  rtx_lib.o(.bss.os)
    [Anonymous Symbol]                       0x20000130   Section        0  rtx_lib.o(.bss.os)
    os_mem                                   0x20000170   Data       32768  rtx_lib.o(.bss.os)
    PendST                                   0x20008170   Data           1  os_systick.o(.bss.os)
    [Anonymous Symbol]                       0x20008170   Section        0  os_systick.o(.bss.os)
    os_timer_mq_cb                           0x20008174   Data          52  rtx_lib.o(.bss.os.msgqueue.cb)
    [Anonymous Symbol]                       0x20008174   Section        0  rtx_lib.o(.bss.os.msgqueue.cb)
    os_timer_mq_data                         0x200081a8   Data          80  rtx_lib.o(.bss.os.msgqueue.mem)
    [Anonymous Symbol]                       0x200081a8   Section        0  rtx_lib.o(.bss.os.msgqueue.mem)
    os_idle_thread_cb                        0x200081f8   Data          68  rtx_lib.o(.bss.os.thread.cb)
    [Anonymous Symbol]                       0x200081f8   Section        0  rtx_lib.o(.bss.os.thread.cb)
    os_timer_thread_cb                       0x2000823c   Data          68  rtx_lib.o(.bss.os.thread.cb)
    os_idle_thread_stack                     0x20008280   Data         512  rtx_lib.o(.bss.os.thread.idle.stack)
    [Anonymous Symbol]                       0x20008280   Section        0  rtx_lib.o(.bss.os.thread.idle.stack)
    os_timer_thread_stack                    0x20008480   Data         512  rtx_lib.o(.bss.os.thread.timer.stack)
    [Anonymous Symbol]                       0x20008480   Section        0  rtx_lib.o(.bss.os.thread.timer.stack)
    os_kernel_is_active.os_kernel_active     0x20008680   Data           1  rtx_lib.o(.bss.os_kernel_is_active.os_kernel_active)
    [Anonymous Symbol]                       0x20008680   Section        0  rtx_lib.o(.bss.os_kernel_is_active.os_kernel_active)
    Heap_Mem                                 0x20008688   Data         512  startup_stm32f429xx.o(HEAP)
    HEAP                                     0x20008688   Section      512  startup_stm32f429xx.o(HEAP)
    Stack_Mem                                0x20008888   Data        1024  startup_stm32f429xx.o(STACK)
    STACK                                    0x20008888   Section     1024  startup_stm32f429xx.o(STACK)
    __initial_sp                             0x20008c88   Data           0  startup_stm32f429xx.o(STACK)
    FPCCR                                    0xe000ef34   Number         0  irq_armv7m.o ABSOLUTE

    Global Symbols

    Symbol Name                              Value     Ov Type        Size  Object(Section)

    BuildAttributes$$THM_ISAv4$E$P$D$K$B$S$7EM$VFPi3$EXTD16$VFPS$VFMA$PE$A:L22UL41UL21$X:L11$S22US41US21$IEEE1$IW$~IW$USESV6$~STKCKD$USESV7$~SHL$OTIME$ROPI$EBA8$UX$STANDARDLIB$REQ8$PRES8$EABIv2 0x00000000   Number         0  anon$$obj.o ABSOLUTE
    .bss.os.evflags.cb$$Base                  - Undefined Weak Reference
    .bss.os.evflags.cb$$Limit                 - Undefined Weak Reference
    .bss.os.mempool.cb$$Base                  - Undefined Weak Reference
    .bss.os.mempool.cb$$Limit                 - Undefined Weak Reference
    .bss.os.mutex.cb$$Base                    - Undefined Weak Reference
    .bss.os.mutex.cb$$Limit                   - Undefined Weak Reference
    .bss.os.semaphore.cb$$Base                - Undefined Weak Reference
    .bss.os.semaphore.cb$$Limit               - Undefined Weak Reference
    .bss.os.timer.cb$$Base                    - Undefined Weak Reference
    .bss.os.timer.cb$$Limit                   - Undefined Weak Reference
    __ARM_exceptions_init                     - Undefined Weak Reference
    __alloca_initialize                       - Undefined Weak Reference
    __arm_preinit_                            - Undefined Weak Reference
    __cpp_initialize__aeabi_                  - Undefined Weak Reference
    __cxa_finalize                            - Undefined Weak Reference
    __rt_locale                               - Undefined Weak Reference
    __sigvec_lookup                           - Undefined Weak Reference
    _atexit_init                              - Undefined Weak Reference
    _call_atexit_fns                          - Undefined Weak Reference
    _clock_init                               - Undefined Weak Reference
    _fp_trap_init                             - Undefined Weak Reference
    _fp_trap_shutdown                         - Undefined Weak Reference
    _get_lc_collate                           - Undefined Weak Reference
    _get_lc_ctype                             - Undefined Weak Reference
    _get_lc_monetary                          - Undefined Weak Reference
    _get_lc_numeric                           - Undefined Weak Reference
    _get_lc_time                              - Undefined Weak Reference
    _getenv_init                              - Undefined Weak Reference
    _handle_redirection                       - Undefined Weak Reference
    _init_alloc                               - Undefined Weak Reference
    _init_user_alloc                          - Undefined Weak Reference
    _initio                                   - Undefined Weak Reference
    _rand_init                                - Undefined Weak Reference
    _signal_finish                            - Undefined Weak Reference
    _signal_init                              - Undefined Weak Reference
    _terminate_alloc                          - Undefined Weak Reference
    _terminate_user_alloc                     - Undefined Weak Reference
    _terminateio                              - Undefined Weak Reference
    __Vectors_Size                           0x000001ac   Number         0  startup_stm32f429xx.o ABSOLUTE
    __Vectors                                0x08000000   Data           4  startup_stm32f429xx.o(RESET)
    __Vectors_End                            0x080001ac   Data           0  startup_stm32f429xx.o(RESET)
    __main                                   0x080001ad   Thumb Code     8  __main.o(!!!main)
    __scatterload                            0x080001b5   Thumb Code     0  __scatter.o(!!!scatter)
    __scatterload_rt2                        0x080001b5   Thumb Code    44  __scatter.o(!!!scatter)
    __scatterload_rt2_thumb_only             0x080001b5   Thumb Code     0  __scatter.o(!!!scatter)
    __scatterload_null                       0x080001c3   Thumb Code     0  __scatter.o(!!!scatter)
    __scatterload_copy                       0x080001e9   Thumb Code    26  __scatter_copy.o(!!handler_copy)
    __scatterload_zeroinit                   0x08000205   Thumb Code    28  __scatter_zi.o(!!handler_zi)
    __rt_lib_init                            0x08000221   Thumb Code     0  libinit.o(.ARM.Collect$$libinit$$00000000)
    __rt_lib_init_fp_1                       0x08000223   Thumb Code     0  libinit2.o(.ARM.Collect$$libinit$$00000001)
    __rt_lib_init_alloca_1                   0x08000227   Thumb Code     0  libinit2.o(.ARM.Collect$$libinit$$0000002E)
    __rt_lib_init_argv_1                     0x08000227   Thumb Code     0  libinit2.o(.ARM.Collect$$libinit$$0000002C)
    __rt_lib_init_atexit_1                   0x08000227   Thumb Code     0  libinit2.o(.ARM.Collect$$libinit$$0000001B)
    __rt_lib_init_clock_1                    0x08000227   Thumb Code     0  libinit2.o(.ARM.Collect$$libinit$$00000021)
    __rt_lib_init_cpp_1                      0x08000227   Thumb Code     0  libinit2.o(.ARM.Collect$$libinit$$00000032)
    __rt_lib_init_exceptions_1               0x08000227   Thumb Code     0  libinit2.o(.ARM.Collect$$libinit$$00000030)
    __rt_lib_init_fp_trap_1                  0x08000227   Thumb Code     0  libinit2.o(.ARM.Collect$$libinit$$0000001F)
    __rt_lib_init_getenv_1                   0x08000227   Thumb Code     0  libinit2.o(.ARM.Collect$$libinit$$00000023)
    __rt_lib_init_heap_1                     0x08000227   Thumb Code     0  libinit2.o(.ARM.Collect$$libinit$$0000000A)
    __rt_lib_init_lc_collate_1               0x08000227   Thumb Code     0  libinit2.o(.ARM.Collect$$libinit$$00000011)
    __rt_lib_init_lc_ctype_1                 0x08000227   Thumb Code     0  libinit2.o(.ARM.Collect$$libinit$$00000013)
    __rt_lib_init_lc_monetary_1              0x08000227   Thumb Code     0  libinit2.o(.ARM.Collect$$libinit$$00000015)
    __rt_lib_init_lc_numeric_1               0x08000227   Thumb Code     0  libinit2.o(.ARM.Collect$$libinit$$00000017)
    __rt_lib_init_lc_time_1                  0x08000227   Thumb Code     0  libinit2.o(.ARM.Collect$$libinit$$00000019)
    __rt_lib_init_preinit_1                  0x08000227   Thumb Code     0  libinit2.o(.ARM.Collect$$libinit$$00000004)
    __rt_lib_init_rand_1                     0x08000227   Thumb Code     0  libinit2.o(.ARM.Collect$$libinit$$0000000E)
    __rt_lib_init_return                     0x08000227   Thumb Code     0  libinit2.o(.ARM.Collect$$libinit$$00000033)
    __rt_lib_init_signal_1                   0x08000227   Thumb Code     0  libinit2.o(.ARM.Collect$$libinit$$0000001D)
    __rt_lib_init_stdio_1                    0x08000227   Thumb Code     0  libinit2.o(.ARM.Collect$$libinit$$00000025)
    __rt_lib_init_user_alloc_1               0x08000227   Thumb Code     0  libinit2.o(.ARM.Collect$$libinit$$0000000C)
    __rt_lib_shutdown                        0x08000229   Thumb Code     0  libshutdown.o(.ARM.Collect$$libshutdown$$00000000)
    __rt_lib_shutdown_cpp_1                  0x0800022b   Thumb Code     0  libshutdown2.o(.ARM.Collect$$libshutdown$$00000002)
    __rt_lib_shutdown_fp_trap_1              0x0800022b   Thumb Code     0  libshutdown2.o(.ARM.Collect$$libshutdown$$00000007)
    __rt_lib_shutdown_heap_1                 0x0800022b   Thumb Code     0  libshutdown2.o(.ARM.Collect$$libshutdown$$0000000F)
    __rt_lib_shutdown_return                 0x0800022b   Thumb Code     0  libshutdown2.o(.ARM.Collect$$libshutdown$$00000010)
    __rt_lib_shutdown_signal_1               0x0800022b   Thumb Code     0  libshutdown2.o(.ARM.Collect$$libshutdown$$0000000A)
    __rt_lib_shutdown_stdio_1                0x0800022b   Thumb Code     0  libshutdown2.o(.ARM.Collect$$libshutdown$$00000004)
    __rt_lib_shutdown_user_alloc_1           0x0800022b   Thumb Code     0  libshutdown2.o(.ARM.Collect$$libshutdown$$0000000C)
    __rt_entry                               0x0800022d   Thumb Code     0  __rtentry.o(.ARM.Collect$$rtentry$$00000000)
    __rt_entry_presh_1                       0x0800022d   Thumb Code     0  __rtentry2.o(.ARM.Collect$$rtentry$$00000002)
    __rt_entry_sh                            0x0800022d   Thumb Code     0  __rtentry4.o(.ARM.Collect$$rtentry$$00000004)
    __rt_entry_postsh_1                      0x08000233   Thumb Code     0  __rtentry2.o(.ARM.Collect$$rtentry$$00000008)
    __rt_entry_li                            0x0800023b   Thumb Code     0  __rtentry2.o(.ARM.Collect$$rtentry$$0000000A)
    __rt_entry_main                          0x0800023f   Thumb Code     0  __rtentry2.o(.ARM.Collect$$rtentry$$0000000D)
    __rt_entry_postli_1                      0x0800023f   Thumb Code     0  __rtentry2.o(.ARM.Collect$$rtentry$$0000000C)
    __rt_exit                                0x08000247   Thumb Code     0  rtexit.o(.ARM.Collect$$rtexit$$00000000)
    __rt_exit_ls                             0x08000249   Thumb Code     0  rtexit2.o(.ARM.Collect$$rtexit$$00000003)
    __rt_exit_prels_1                        0x08000249   Thumb Code     0  rtexit2.o(.ARM.Collect$$rtexit$$00000002)
    __rt_exit_exit                           0x0800024d   Thumb Code     0  rtexit2.o(.ARM.Collect$$rtexit$$00000004)
    Reset_Handler                            0x08000255   Thumb Code     8  startup_stm32f429xx.o(.text)
    NMI_Handler                              0x0800025d   Thumb Code     2  startup_stm32f429xx.o(.text)
    HardFault_Handler                        0x0800025f   Thumb Code     2  startup_stm32f429xx.o(.text)
    MemManage_Handler                        0x08000261   Thumb Code     2  startup_stm32f429xx.o(.text)
    BusFault_Handler                         0x08000263   Thumb Code     2  startup_stm32f429xx.o(.text)
    UsageFault_Handler                       0x08000265   Thumb Code     2  startup_stm32f429xx.o(.text)
    DebugMon_Handler                         0x08000269   Thumb Code     2  startup_stm32f429xx.o(.text)
    ADC_IRQHandler                           0x0800026f   Thumb Code     0  startup_stm32f429xx.o(.text)
    CAN1_RX0_IRQHandler                      0x0800026f   Thumb Code     0  startup_stm32f429xx.o(.text)
    CAN1_RX1_IRQHandler                      0x0800026f   Thumb Code     0  startup_stm32f429xx.o(.text)
    CAN1_SCE_IRQHandler                      0x0800026f   Thumb Code     0  startup_stm32f429xx.o(.text)
    CAN1_TX_IRQHandler                       0x0800026f   Thumb Code     0  startup_stm32f429xx.o(.text)
    CAN2_RX0_IRQHandler                      0x0800026f   Thumb Code     0  startup_stm32f429xx.o(.text)
    CAN2_RX1_IRQHandler                      0x0800026f   Thumb Code     0  startup_stm32f429xx.o(.text)
    CAN2_SCE_IRQHandler                      0x0800026f   Thumb Code     0  startup_stm32f429xx.o(.text)
    CAN2_TX_IRQHandler                       0x0800026f   Thumb Code     0  startup_stm32f429xx.o(.text)
    DCMI_IRQHandler                          0x0800026f   Thumb Code     0  startup_stm32f429xx.o(.text)
    DMA1_Stream0_IRQHandler                  0x0800026f   Thumb Code     0  startup_stm32f429xx.o(.text)
    DMA1_Stream1_IRQHandler                  0x0800026f   Thumb Code     0  startup_stm32f429xx.o(.text)
    DMA1_Stream2_IRQHandler                  0x0800026f   Thumb Code     0  startup_stm32f429xx.o(.text)
    DMA1_Stream3_IRQHandler                  0x0800026f   Thumb Code     0  startup_stm32f429xx.o(.text)
    DMA1_Stream4_IRQHandler                  0x0800026f   Thumb Code     0  startup_stm32f429xx.o(.text)
    DMA1_Stream5_IRQHandler                  0x0800026f   Thumb Code     0  startup_stm32f429xx.o(.text)
    DMA1_Stream6_IRQHandler                  0x0800026f   Thumb Code     0  startup_stm32f429xx.o(.text)
    DMA1_Stream7_IRQHandler                  0x0800026f   Thumb Code     0  startup_stm32f429xx.o(.text)
    DMA2D_IRQHandler                         0x0800026f   Thumb Code     0  startup_stm32f429xx.o(.text)
    DMA2_Stream0_IRQHandler                  0x0800026f   Thumb Code     0  startup_stm32f429xx.o(.text)
    DMA2_Stream1_IRQHandler                  0x0800026f   Thumb Code     0  startup_stm32f429xx.o(.text)
    DMA2_Stream2_IRQHandler                  0x0800026f   Thumb Code     0  startup_stm32f429xx.o(.text)
    DMA2_Stream3_IRQHandler                  0x0800026f   Thumb Code     0  startup_stm32f429xx.o(.text)
    DMA2_Stream4_IRQHandler                  0x0800026f   Thumb Code     0  startup_stm32f429xx.o(.text)
    DMA2_Stream5_IRQHandler                  0x0800026f   Thumb Code     0  startup_stm32f429xx.o(.text)
    DMA2_Stream6_IRQHandler                  0x0800026f   Thumb Code     0  startup_stm32f429xx.o(.text)
    DMA2_Stream7_IRQHandler                  0x0800026f   Thumb Code     0  startup_stm32f429xx.o(.text)
    ETH_IRQHandler                           0x0800026f   Thumb Code     0  startup_stm32f429xx.o(.text)
    ETH_WKUP_IRQHandler                      0x0800026f   Thumb Code     0  startup_stm32f429xx.o(.text)
    EXTI0_IRQHandler                         0x0800026f   Thumb Code     0  startup_stm32f429xx.o(.text)
    EXTI1_IRQHandler                         0x0800026f   Thumb Code     0  startup_stm32f429xx.o(.text)
    EXTI2_IRQHandler                         0x0800026f   Thumb Code     0  startup_stm32f429xx.o(.text)
    EXTI3_IRQHandler                         0x0800026f   Thumb Code     0  startup_stm32f429xx.o(.text)
    EXTI4_IRQHandler                         0x0800026f   Thumb Code     0  startup_stm32f429xx.o(.text)
    EXTI9_5_IRQHandler                       0x0800026f   Thumb Code     0  startup_stm32f429xx.o(.text)
    FLASH_IRQHandler                         0x0800026f   Thumb Code     0  startup_stm32f429xx.o(.text)
    FMC_IRQHandler                           0x0800026f   Thumb Code     0  startup_stm32f429xx.o(.text)
    FPU_IRQHandler                           0x0800026f   Thumb Code     0  startup_stm32f429xx.o(.text)
    HASH_RNG_IRQHandler                      0x0800026f   Thumb Code     0  startup_stm32f429xx.o(.text)
    I2C1_ER_IRQHandler                       0x0800026f   Thumb Code     0  startup_stm32f429xx.o(.text)
    I2C1_EV_IRQHandler                       0x0800026f   Thumb Code     0  startup_stm32f429xx.o(.text)
    I2C2_ER_IRQHandler                       0x0800026f   Thumb Code     0  startup_stm32f429xx.o(.text)
    I2C2_EV_IRQHandler                       0x0800026f   Thumb Code     0  startup_stm32f429xx.o(.text)
    I2C3_ER_IRQHandler                       0x0800026f   Thumb Code     0  startup_stm32f429xx.o(.text)
    I2C3_EV_IRQHandler                       0x0800026f   Thumb Code     0  startup_stm32f429xx.o(.text)
    LTDC_ER_IRQHandler                       0x0800026f   Thumb Code     0  startup_stm32f429xx.o(.text)
    LTDC_IRQHandler                          0x0800026f   Thumb Code     0  startup_stm32f429xx.o(.text)
    OTG_FS_IRQHandler                        0x0800026f   Thumb Code     0  startup_stm32f429xx.o(.text)
    OTG_FS_WKUP_IRQHandler                   0x0800026f   Thumb Code     0  startup_stm32f429xx.o(.text)
    OTG_HS_EP1_IN_IRQHandler                 0x0800026f   Thumb Code     0  startup_stm32f429xx.o(.text)
    OTG_HS_EP1_OUT_IRQHandler                0x0800026f   Thumb Code     0  startup_stm32f429xx.o(.text)
    OTG_HS_IRQHandler                        0x0800026f   Thumb Code     0  startup_stm32f429xx.o(.text)
    OTG_HS_WKUP_IRQHandler                   0x0800026f   Thumb Code     0  startup_stm32f429xx.o(.text)
    PVD_IRQHandler                           0x0800026f   Thumb Code     0  startup_stm32f429xx.o(.text)
    RCC_IRQHandler                           0x0800026f   Thumb Code     0  startup_stm32f429xx.o(.text)
    RTC_Alarm_IRQHandler                     0x0800026f   Thumb Code     0  startup_stm32f429xx.o(.text)
    RTC_WKUP_IRQHandler                      0x0800026f   Thumb Code     0  startup_stm32f429xx.o(.text)
    SAI1_IRQHandler                          0x0800026f   Thumb Code     0  startup_stm32f429xx.o(.text)
    SDIO_IRQHandler                          0x0800026f   Thumb Code     0  startup_stm32f429xx.o(.text)
    SPI1_IRQHandler                          0x0800026f   Thumb Code     0  startup_stm32f429xx.o(.text)
    SPI2_IRQHandler                          0x0800026f   Thumb Code     0  startup_stm32f429xx.o(.text)
    SPI3_IRQHandler                          0x0800026f   Thumb Code     0  startup_stm32f429xx.o(.text)
    SPI4_IRQHandler                          0x0800026f   Thumb Code     0  startup_stm32f429xx.o(.text)
    SPI5_IRQHandler                          0x0800026f   Thumb Code     0  startup_stm32f429xx.o(.text)
    SPI6_IRQHandler                          0x0800026f   Thumb Code     0  startup_stm32f429xx.o(.text)
    TAMP_STAMP_IRQHandler                    0x0800026f   Thumb Code     0  startup_stm32f429xx.o(.text)
    TIM1_BRK_TIM9_IRQHandler                 0x0800026f   Thumb Code     0  startup_stm32f429xx.o(.text)
    TIM1_CC_IRQHandler                       0x0800026f   Thumb Code     0  startup_stm32f429xx.o(.text)
    TIM1_TRG_COM_TIM11_IRQHandler            0x0800026f   Thumb Code     0  startup_stm32f429xx.o(.text)
    TIM1_UP_TIM10_IRQHandler                 0x0800026f   Thumb Code     0  startup_stm32f429xx.o(.text)
    TIM2_IRQHandler                          0x0800026f   Thumb Code     0  startup_stm32f429xx.o(.text)
    TIM3_IRQHandler                          0x0800026f   Thumb Code     0  startup_stm32f429xx.o(.text)
    TIM4_IRQHandler                          0x0800026f   Thumb Code     0  startup_stm32f429xx.o(.text)
    TIM5_IRQHandler                          0x0800026f   Thumb Code     0  startup_stm32f429xx.o(.text)
    TIM6_DAC_IRQHandler                      0x0800026f   Thumb Code     0  startup_stm32f429xx.o(.text)
    TIM7_IRQHandler                          0x0800026f   Thumb Code     0  startup_stm32f429xx.o(.text)
    TIM8_BRK_TIM12_IRQHandler                0x0800026f   Thumb Code     0  startup_stm32f429xx.o(.text)
    TIM8_CC_IRQHandler                       0x0800026f   Thumb Code     0  startup_stm32f429xx.o(.text)
    TIM8_TRG_COM_TIM14_IRQHandler            0x0800026f   Thumb Code     0  startup_stm32f429xx.o(.text)
    TIM8_UP_TIM13_IRQHandler                 0x0800026f   Thumb Code     0  startup_stm32f429xx.o(.text)
    UART4_IRQHandler                         0x0800026f   Thumb Code     0  startup_stm32f429xx.o(.text)
    UART5_IRQHandler                         0x0800026f   Thumb Code     0  startup_stm32f429xx.o(.text)
    UART7_IRQHandler                         0x0800026f   Thumb Code     0  startup_stm32f429xx.o(.text)
    UART8_IRQHandler                         0x0800026f   Thumb Code     0  startup_stm32f429xx.o(.text)
    USART1_IRQHandler                        0x0800026f   Thumb Code     0  startup_stm32f429xx.o(.text)
    USART2_IRQHandler                        0x0800026f   Thumb Code     0  startup_stm32f429xx.o(.text)
    USART3_IRQHandler                        0x0800026f   Thumb Code     0  startup_stm32f429xx.o(.text)
    USART6_IRQHandler                        0x0800026f   Thumb Code     0  startup_stm32f429xx.o(.text)
    WWDG_IRQHandler                          0x0800026f   Thumb Code     0  startup_stm32f429xx.o(.text)
    __user_initial_stackheap                 0x08000271   Thumb Code     0  startup_stm32f429xx.o(.text)
    SVC_Handler                              0x08000295   Thumb Code   154  irq_armv7m.o(.text)
    PendSV_Handler                           0x0800032f   Thumb Code    16  irq_armv7m.o(.text)
    SysTick_Handler                          0x0800033f   Thumb Code    16  irq_armv7m.o(.text)
    __aeabi_uldivmod                         0x0800035d   Thumb Code     0  lludivv7m.o(.text)
    _ll_udiv                                 0x0800035d   Thumb Code   240  lludivv7m.o(.text)
    __aeabi_memcpy                           0x0800044d   Thumb Code     0  rt_memcpy_v6.o(.text)
    __rt_memcpy                              0x0800044d   Thumb Code   138  rt_memcpy_v6.o(.text)
    _memcpy_lastbytes                        0x080004b3   Thumb Code     0  rt_memcpy_v6.o(.text)
    __aeabi_memclr                           0x080004d7   Thumb Code     0  rt_memclr.o(.text)
    __rt_memclr                              0x080004d7   Thumb Code     0  rt_memclr.o(.text)
    _memset                                  0x080004db   Thumb Code    64  rt_memclr.o(.text)
    __aeabi_memclr4                          0x0800051b   Thumb Code     0  rt_memclr_w.o(.text)
    __aeabi_memclr8                          0x0800051b   Thumb Code     0  rt_memclr_w.o(.text)
    __rt_memclr_w                            0x0800051b   Thumb Code     0  rt_memclr_w.o(.text)
    _memset_w                                0x0800051f   Thumb Code    74  rt_memclr_w.o(.text)
    __use_two_region_memory                  0x08000569   Thumb Code     2  heapauxi.o(.text)
    __rt_heap_escrow$2region                 0x0800056b   Thumb Code     2  heapauxi.o(.text)
    __rt_heap_expand$2region                 0x0800056d   Thumb Code     2  heapauxi.o(.text)
    __aeabi_memcpy4                          0x0800056f   Thumb Code     0  rt_memcpy_w.o(.text)
    __aeabi_memcpy8                          0x0800056f   Thumb Code     0  rt_memcpy_w.o(.text)
    __rt_memcpy_w                            0x0800056f   Thumb Code   100  rt_memcpy_w.o(.text)
    _memcpy_lastbytes_aligned                0x080005b7   Thumb Code     0  rt_memcpy_w.o(.text)
    __user_setup_stackheap                   0x080005d3   Thumb Code    74  sys_stackheap_outer.o(.text)
    exit                                     0x0800061d   Thumb Code    18  exit.o(.text)
    __user_libspace                          0x08000631   Thumb Code     8  libspace.o(.text)
    __user_perproc_libspace                  0x08000631   Thumb Code     0  libspace.o(.text)
    _sys_exit                                0x08000639   Thumb Code     8  sys_exit.o(.text)
    __I$use$semihosting                      0x08000645   Thumb Code     0  use_no_semi.o(.text)
    __use_no_semihosting_swi                 0x08000645   Thumb Code     2  use_no_semi.o(.text)
    __semihosting_library_function           0x08000647   Thumb Code     0  indicate_semi.o(.text)
    EXTI15_10_IRQHandler                     0x08000649   Thumb Code    52  joy.o(.text.EXTI15_10_IRQHandler)
    HAL_GPIO_EXTI_Callback                   0x0800067d   Thumb Code    84  joy.o(.text.HAL_GPIO_EXTI_Callback)
    HAL_GPIO_EXTI_IRQHandler                 0x080006d1   Thumb Code    26  stm32f4xx_hal_gpio.o(.text.HAL_GPIO_EXTI_IRQHandler)
    HAL_GPIO_Init                            0x080006ed   Thumb Code   410  stm32f4xx_hal_gpio.o(.text.HAL_GPIO_Init)
    HAL_GPIO_ReadPin                         0x08000889   Thumb Code    10  stm32f4xx_hal_gpio.o(.text.HAL_GPIO_ReadPin)
    HAL_GPIO_WritePin                        0x08000895   Thumb Code    10  stm32f4xx_hal_gpio.o(.text.HAL_GPIO_WritePin)
    HAL_GetREVID                             0x080008a1   Thumb Code    14  stm32f4xx_hal.o(.text.HAL_GetREVID)
    HAL_GetTick                              0x080008b1   Thumb Code    80  main.o(.text.HAL_GetTick)
    HAL_Init                                 0x08000901   Thumb Code    46  stm32f4xx_hal.o(.text.HAL_Init)
    HAL_InitTick                             0x08000931   Thumb Code    80  stm32f4xx_hal.o(.text.HAL_InitTick)
    HAL_MspInit                              0x08000981   Thumb Code     2  stm32f4xx_hal.o(.text.HAL_MspInit)
    HAL_NVIC_EnableIRQ                       0x08000985   Thumb Code     8  stm32f4xx_hal_cortex.o(.text.HAL_NVIC_EnableIRQ)
    HAL_NVIC_SetPriority                     0x0800098d   Thumb Code    30  stm32f4xx_hal_cortex.o(.text.HAL_NVIC_SetPriority)
    HAL_NVIC_SetPriorityGrouping             0x080009ad   Thumb Code     8  stm32f4xx_hal_cortex.o(.text.HAL_NVIC_SetPriorityGrouping)
    HAL_RCC_ClockConfig                      0x080009b5   Thumb Code   352  stm32f4xx_hal_rcc.o(.text.HAL_RCC_ClockConfig)
    HAL_RCC_GetSysClockFreq                  0x08000b15   Thumb Code   106  stm32f4xx_hal_rcc.o(.text.HAL_RCC_GetSysClockFreq)
    HAL_RCC_OscConfig                        0x08000b81   Thumb Code   820  stm32f4xx_hal_rcc.o(.text.HAL_RCC_OscConfig)
    HAL_SYSTICK_Config                       0x08000eb5   Thumb Code     8  stm32f4xx_hal_cortex.o(.text.HAL_SYSTICK_Config)
    InitLeds                                 0x08000ebd   Thumb Code    66  leds_n.o(.text.InitLeds)
    Init_MsgQueue_joy                        0x08000f01   Thumb Code    38  joy.o(.text.Init_MsgQueue_joy)
    Init_joy_Thread                          0x08000f29   Thumb Code    44  joy.o(.text.Init_joy_Thread)
    Init_leds_N                              0x08000f55   Thumb Code    44  leds_n.o(.text.Init_leds_N)
    OS_Tick_AcknowledgeIRQ                   0x08001061   Thumb Code     8  os_systick.o(.text.OS_Tick_AcknowledgeIRQ)
    OS_Tick_Enable                           0x08001069   Thumb Code    32  os_systick.o(.text.OS_Tick_Enable)
    OS_Tick_GetIRQn                          0x0800108d   Thumb Code     6  os_systick.o(.text.OS_Tick_GetIRQn)
    OS_Tick_Setup                            0x08001095   Thumb Code    48  os_systick.o(.text.OS_Tick_Setup)
    SystemCoreClockUpdate                    0x080011c9   Thumb Code   126  system_stm32f4xx.o(.text.SystemCoreClockUpdate)
    SystemInit                               0x08001249   Thumb Code    26  system_stm32f4xx.o(.text.SystemInit)
    _mutex_acquire                           0x080013a9   Thumb Code    26  rtx_lib.o(.text._mutex_acquire)
    _mutex_free                              0x080013c5   Thumb Code    10  rtx_lib.o(.text._mutex_free)
    _mutex_initialize                        0x080013d1   Thumb Code    32  rtx_lib.o(.text._mutex_initialize)
    _mutex_release                           0x080013f1   Thumb Code    22  rtx_lib.o(.text._mutex_release)
    _platform_post_stackheap_init            0x08001409   Thumb Code     8  rtx_lib.o(.text._platform_post_stackheap_init)
    halt_tmr_Callback                        0x0800147d   Thumb Code    20  joy.o(.text.halt_tmr_Callback)
    joy_Thread                               0x08001511   Thumb Code   230  joy.o(.text.joy_Thread)
    leds_N                                   0x080015f9   Thumb Code   194  leds_n.o(.text.leds_N)
    long_press_tmr_Callback                  0x080016bd   Thumb Code    26  joy.o(.text.long_press_tmr_Callback)
    main                                     0x080016d9   Thumb Code    30  main.o(.text.main)
    osKernelGetState                         0x080016f9   Thumb Code    40  rtx_kernel.o(.text.osKernelGetState)
    osKernelGetTickCount                     0x08001725   Thumb Code    32  rtx_kernel.o(.text.osKernelGetTickCount)
    osKernelInitialize                       0x0800174d   Thumb Code    40  rtx_kernel.o(.text.osKernelInitialize)
    osKernelStart                            0x08001779   Thumb Code    32  rtx_kernel.o(.text.osKernelStart)
    osMessageQueueGet                        0x0800179d   Thumb Code   108  rtx_msgqueue.o(.text.osMessageQueueGet)
    osMessageQueueNew                        0x0800180d   Thumb Code    32  rtx_msgqueue.o(.text.osMessageQueueNew)
    osMessageQueuePut                        0x08001831   Thumb Code   124  rtx_msgqueue.o(.text.osMessageQueuePut)
    osMutexAcquire                           0x080018b1   Thumb Code    32  rtx_mutex.o(.text.osMutexAcquire)
    osMutexDelete                            0x080018d5   Thumb Code    32  rtx_mutex.o(.text.osMutexDelete)
    osMutexNew                               0x080018f9   Thumb Code    32  rtx_mutex.o(.text.osMutexNew)
    osMutexRelease                           0x0800191d   Thumb Code    32  rtx_mutex.o(.text.osMutexRelease)
    osRtxErrorNotify                         0x08001941   Thumb Code     2  rtx_config.o(.text.osRtxErrorNotify)
    osRtxIdleThread                          0x08001945   Thumb Code     2  rtx_config.o(.text.osRtxIdleThread)
    osRtxKernelErrorNotify                   0x08001947   Thumb Code     4  rtx_kernel.o(.text.osRtxKernelErrorNotify)
    osRtxKernelPreInit                       0x0800194b   Thumb Code     2  rtx_kernel.o(.text.osRtxKernelPreInit)
    osRtxMemoryAlloc                         0x0800194d   Thumb Code   108  rtx_memory.o(.text.osRtxMemoryAlloc)
    osRtxMemoryFree                          0x080019b9   Thumb Code    66  rtx_memory.o(.text.osRtxMemoryFree)
    osRtxMemoryInit                          0x080019fb   Thumb Code    54  rtx_memory.o(.text.osRtxMemoryInit)
    osRtxMemoryPoolAlloc                     0x08001a31   Thumb Code    58  rtx_mempool.o(.text.osRtxMemoryPoolAlloc)
    osRtxMemoryPoolFree                      0x08001a6b   Thumb Code    74  rtx_mempool.o(.text.osRtxMemoryPoolFree)
    osRtxMemoryPoolInit                      0x08001ab5   Thumb Code    56  rtx_mempool.o(.text.osRtxMemoryPoolInit)
    osRtxMessageQueueTimerSetup              0x08001b99   Thumb Code    32  rtx_msgqueue.o(.text.osRtxMessageQueueTimerSetup)
    osRtxMutexOwnerRelease                   0x08001bbd   Thumb Code    72  rtx_mutex.o(.text.osRtxMutexOwnerRelease)
    osRtxMutexOwnerRestore                   0x08001c05   Thumb Code    66  rtx_mutex.o(.text.osRtxMutexOwnerRestore)
    osRtxPendSV_Handler                      0x08001c49   Thumb Code   136  rtx_system.o(.text.osRtxPendSV_Handler)
    osRtxPostProcess                         0x08001cd1   Thumb Code   108  rtx_system.o(.text.osRtxPostProcess)
    osRtxThreadDelayTick                     0x08001e2d   Thumb Code    72  rtx_thread.o(.text.osRtxThreadDelayTick)
    osRtxThreadDispatch                      0x08001e95   Thumb Code    80  rtx_thread.o(.text.osRtxThreadDispatch)
    osRtxThreadListGet                       0x08001f5b   Thumb Code    18  rtx_thread.o(.text.osRtxThreadListGet)
    osRtxThreadListPut                       0x08001f6d   Thumb Code    44  rtx_thread.o(.text.osRtxThreadListPut)
    osRtxThreadListRemove                    0x08001f99   Thumb Code    20  rtx_thread.o(.text.osRtxThreadListRemove)
    osRtxThreadListSort                      0x08001fb9   Thumb Code    38  rtx_thread.o(.text.osRtxThreadListSort)
    osRtxThreadReadyPut                      0x08002009   Thumb Code    16  rtx_thread.o(.text.osRtxThreadReadyPut)
    osRtxThreadRegPtr                        0x0800201d   Thumb Code    20  rtx_thread.o(.text.osRtxThreadRegPtr)
    osRtxThreadStartup                       0x08002031   Thumb Code    48  rtx_thread.o(.text.osRtxThreadStartup)
    osRtxThreadSwitch                        0x08002069   Thumb Code    12  rtx_thread.o(.text.osRtxThreadSwitch)
    osRtxThreadWaitEnter                     0x08002075   Thumb Code    56  rtx_thread.o(.text.osRtxThreadWaitEnter)
    osRtxThreadWaitExit                      0x080020b1   Thumb Code    48  rtx_thread.o(.text.osRtxThreadWaitExit)
    osRtxTick_Handler                        0x080020e1   Thumb Code   116  rtx_system.o(.text.osRtxTick_Handler)
    osRtxTimerSetup                          0x08002159   Thumb Code    24  rtx_timer.o(.text.osRtxTimerSetup)
    osRtxTimerThread                         0x08002179   Thumb Code    32  rtx_timer.o(.text.osRtxTimerThread)
    osThreadExit                             0x08002209   Thumb Code     8  rtx_thread.o(.text.osThreadExit)
    osThreadFlagsSet                         0x08002215   Thumb Code    84  rtx_thread.o(.text.osThreadFlagsSet)
    osThreadFlagsWait                        0x0800226d   Thumb Code    32  rtx_thread.o(.text.osThreadFlagsWait)
    osThreadNew                              0x08002291   Thumb Code    32  rtx_thread.o(.text.osThreadNew)
    osTimerNew                               0x080022b5   Thumb Code    32  rtx_timer.o(.text.osTimerNew)
    osTimerStart                             0x080022d9   Thumb Code    32  rtx_timer.o(.text.osTimerStart)
    rebotes_tmr_Callback                     0x0800231d   Thumb Code    20  joy.o(.text.rebotes_tmr_Callback)
    _fp_init                                 0x08002d65   Thumb Code    26  fpinit.o(x$fpl$fpinit)
    __fplib_config_fpu_vfp                   0x08002d7d   Thumb Code     0  fpinit.o(x$fpl$fpinit)
    __fplib_config_pureend_doubles           0x08002d7d   Thumb Code     0  fpinit.o(x$fpl$fpinit)
    osRtxConfig                              0x08002d80   Data         112  rtx_lib.o(.rodata)
    os_cb_sections                           0x08002df0   Data          56  rtx_lib.o(.rodata)
    AHBPrescTable                            0x08002e28   Data          16  system_stm32f4xx.o(.rodata.AHBPrescTable)
    osRtxUserSVC                             0x08002e38   Data           4  rtx_lib.o(.rodata.osRtxUserSVC)
    Region$$Table$$Base                      0x08002ea8   Number         0  anon$$obj.o(Region$$Table)
    Region$$Table$$Limit                     0x08002ec8   Number         0  anon$$obj.o(Region$$Table)
    SystemCoreClock                          0x20000000   Data           4  system_stm32f4xx.o(.data.SystemCoreClock)
    osRtxInfo                                0x20000004   Data         164  rtx_kernel.o(.data.os)
    uwTickFreq                               0x200000a8   Data           1  stm32f4xx_hal.o(.data.uwTickFreq)
    uwTickPrio                               0x200000ac   Data           4  stm32f4xx_hal.o(.data.uwTickPrio)
    __libspace_start                         0x200000b0   Data          96  libspace.o(.bss)
    __temporary_stack_top$libspace           0x20000110   Data           0  libspace.o(.bss)
    id_joy_MsgQueue                          0x20000118   Data           4  joy.o(.bss.id_joy_MsgQueue)
    id_joy_Thread                            0x2000011c   Data           4  joy.o(.bss.id_joy_Thread)
    joy_msg                                  0x20000128   Data           8  joy.o(.bss.joy_msg)
    .bss.os.msgqueue.cb$$Base                0x20008174   Number         0  rtx_lib.o(.bss.os.msgqueue.cb)
    .bss.os.msgqueue.cb$$Limit               0x200081a8   Number         0  rtx_lib.o(.bss.os.msgqueue.cb)
    .bss.os.thread.cb$$Base                  0x200081f8   Number         0  rtx_lib.o(.bss.os.thread.cb)
    .bss.os.thread.cb$$Limit                 0x20008280   Number         0  rtx_lib.o(.bss.os.thread.cb)
    tid_leds_N                               0x20008684   Data           4  leds_n.o(.bss.tid_leds_N)



==============================================================================

Memory Map of the image

  Image Entry point : 0x080001ad

  Load Region LR_IROM1 (Base: 0x08000000, Size: 0x00002f78, Max: 0x00200000, ABSOLUTE)

    Execution Region ER_IROM1 (Exec base: 0x08000000, Load base: 0x08000000, Size: 0x00002ec8, Max: 0x00200000, ABSOLUTE)

    Exec Addr    Load Addr    Size         Type   Attr      Idx    E Section Name        Object

    0x08000000   0x08000000   0x000001ac   Data   RO          434    RESET               startup_stm32f429xx.o
    0x080001ac   0x080001ac   0x00000008   Code   RO          938  * !!!main             c_w.l(__main.o)
    0x080001b4   0x080001b4   0x00000034   Code   RO         1111    !!!scatter          c_w.l(__scatter.o)
    0x080001e8   0x080001e8   0x0000001a   Code   RO         1113    !!handler_copy      c_w.l(__scatter_copy.o)
    0x08000202   0x08000202   0x00000002   PAD
    0x08000204   0x08000204   0x0000001c   Code   RO         1115    !!handler_zi        c_w.l(__scatter_zi.o)
    0x08000220   0x08000220   0x00000002   Code   RO          975    .ARM.Collect$$libinit$$00000000  c_w.l(libinit.o)
    0x08000222   0x08000222   0x00000004   Code   RO          987    .ARM.Collect$$libinit$$00000001  c_w.l(libinit2.o)
    0x08000226   0x08000226   0x00000000   Code   RO          990    .ARM.Collect$$libinit$$00000004  c_w.l(libinit2.o)
    0x08000226   0x08000226   0x00000000   Code   RO          993    .ARM.Collect$$libinit$$0000000A  c_w.l(libinit2.o)
    0x08000226   0x08000226   0x00000000   Code   RO          995    .ARM.Collect$$libinit$$0000000C  c_w.l(libinit2.o)
    0x08000226   0x08000226   0x00000000   Code   RO          997    .ARM.Collect$$libinit$$0000000E  c_w.l(libinit2.o)
    0x08000226   0x08000226   0x00000000   Code   RO         1000    .ARM.Collect$$libinit$$00000011  c_w.l(libinit2.o)
    0x08000226   0x08000226   0x00000000   Code   RO         1002    .ARM.Collect$$libinit$$00000013  c_w.l(libinit2.o)
    0x08000226   0x08000226   0x00000000   Code   RO         1004    .ARM.Collect$$libinit$$00000015  c_w.l(libinit2.o)
    0x08000226   0x08000226   0x00000000   Code   RO         1006    .ARM.Collect$$libinit$$00000017  c_w.l(libinit2.o)
    0x08000226   0x08000226   0x00000000   Code   RO         1008    .ARM.Collect$$libinit$$00000019  c_w.l(libinit2.o)
    0x08000226   0x08000226   0x00000000   Code   RO         1010    .ARM.Collect$$libinit$$0000001B  c_w.l(libinit2.o)
    0x08000226   0x08000226   0x00000000   Code   RO         1012    .ARM.Collect$$libinit$$0000001D  c_w.l(libinit2.o)
    0x08000226   0x08000226   0x00000000   Code   RO         1014    .ARM.Collect$$libinit$$0000001F  c_w.l(libinit2.o)
    0x08000226   0x08000226   0x00000000   Code   RO         1016    .ARM.Collect$$libinit$$00000021  c_w.l(libinit2.o)
    0x08000226   0x08000226   0x00000000   Code   RO         1018    .ARM.Collect$$libinit$$00000023  c_w.l(libinit2.o)
    0x08000226   0x08000226   0x00000000   Code   RO         1020    .ARM.Collect$$libinit$$00000025  c_w.l(libinit2.o)
    0x08000226   0x08000226   0x00000000   Code   RO         1024    .ARM.Collect$$libinit$$0000002C  c_w.l(libinit2.o)
    0x08000226   0x08000226   0x00000000   Code   RO         1026    .ARM.Collect$$libinit$$0000002E  c_w.l(libinit2.o)
    0x08000226   0x08000226   0x00000000   Code   RO         1028    .ARM.Collect$$libinit$$00000030  c_w.l(libinit2.o)
    0x08000226   0x08000226   0x00000000   Code   RO         1030    .ARM.Collect$$libinit$$00000032  c_w.l(libinit2.o)
    0x08000226   0x08000226   0x00000002   Code   RO         1031    .ARM.Collect$$libinit$$00000033  c_w.l(libinit2.o)
    0x08000228   0x08000228   0x00000002   Code   RO         1066    .ARM.Collect$$libshutdown$$00000000  c_w.l(libshutdown.o)
    0x0800022a   0x0800022a   0x00000000   Code   RO         1094    .ARM.Collect$$libshutdown$$00000002  c_w.l(libshutdown2.o)
    0x0800022a   0x0800022a   0x00000000   Code   RO         1096    .ARM.Collect$$libshutdown$$00000004  c_w.l(libshutdown2.o)
    0x0800022a   0x0800022a   0x00000000   Code   RO         1099    .ARM.Collect$$libshutdown$$00000007  c_w.l(libshutdown2.o)
    0x0800022a   0x0800022a   0x00000000   Code   RO         1102    .ARM.Collect$$libshutdown$$0000000A  c_w.l(libshutdown2.o)
    0x0800022a   0x0800022a   0x00000000   Code   RO         1104    .ARM.Collect$$libshutdown$$0000000C  c_w.l(libshutdown2.o)
    0x0800022a   0x0800022a   0x00000000   Code   RO         1107    .ARM.Collect$$libshutdown$$0000000F  c_w.l(libshutdown2.o)
    0x0800022a   0x0800022a   0x00000002   Code   RO         1108    .ARM.Collect$$libshutdown$$00000010  c_w.l(libshutdown2.o)
    0x0800022c   0x0800022c   0x00000000   Code   RO          940    .ARM.Collect$$rtentry$$00000000  c_w.l(__rtentry.o)
    0x0800022c   0x0800022c   0x00000000   Code   RO          948    .ARM.Collect$$rtentry$$00000002  c_w.l(__rtentry2.o)
    0x0800022c   0x0800022c   0x00000006   Code   RO          960    .ARM.Collect$$rtentry$$00000004  c_w.l(__rtentry4.o)
    0x08000232   0x08000232   0x00000008   Code   RO          949    .ARM.Collect$$rtentry$$00000008  c_w.l(__rtentry2.o)
    0x0800023a   0x0800023a   0x00000004   Code   RO          951    .ARM.Collect$$rtentry$$0000000A  c_w.l(__rtentry2.o)
    0x0800023e   0x0800023e   0x00000000   Code   RO          953    .ARM.Collect$$rtentry$$0000000C  c_w.l(__rtentry2.o)
    0x0800023e   0x0800023e   0x00000008   Code   RO          954    .ARM.Collect$$rtentry$$0000000D  c_w.l(__rtentry2.o)
    0x08000246   0x08000246   0x00000002   Code   RO          979    .ARM.Collect$$rtexit$$00000000  c_w.l(rtexit.o)
    0x08000248   0x08000248   0x00000000   Code   RO         1037    .ARM.Collect$$rtexit$$00000002  c_w.l(rtexit2.o)
    0x08000248   0x08000248   0x00000004   Code   RO         1038    .ARM.Collect$$rtexit$$00000003  c_w.l(rtexit2.o)
    0x0800024c   0x0800024c   0x00000006   Code   RO         1039    .ARM.Collect$$rtexit$$00000004  c_w.l(rtexit2.o)
    0x08000252   0x08000252   0x00000002   PAD
    0x08000254   0x08000254   0x00000040   Code   RO          435    .text               startup_stm32f429xx.o
    0x08000294   0x08000294   0x000000c8   Code   RO          812    .text               RTX_CM4F.lib(irq_armv7m.o)
    0x0800035c   0x0800035c   0x000000f0   Code   RO          928    .text               c_w.l(lludivv7m.o)
    0x0800044c   0x0800044c   0x0000008a   Code   RO          930    .text               c_w.l(rt_memcpy_v6.o)
    0x080004d6   0x080004d6   0x00000044   Code   RO          932    .text               c_w.l(rt_memclr.o)
    0x0800051a   0x0800051a   0x0000004e   Code   RO          934    .text               c_w.l(rt_memclr_w.o)
    0x08000568   0x08000568   0x00000006   Code   RO          936    .text               c_w.l(heapauxi.o)
    0x0800056e   0x0800056e   0x00000064   Code   RO          945    .text               c_w.l(rt_memcpy_w.o)
    0x080005d2   0x080005d2   0x0000004a   Code   RO          964    .text               c_w.l(sys_stackheap_outer.o)
    0x0800061c   0x0800061c   0x00000012   Code   RO          966    .text               c_w.l(exit.o)
    0x0800062e   0x0800062e   0x00000002   PAD
    0x08000630   0x08000630   0x00000008   Code   RO          976    .text               c_w.l(libspace.o)
    0x08000638   0x08000638   0x0000000c   Code   RO         1032    .text               c_w.l(sys_exit.o)
    0x08000644   0x08000644   0x00000002   Code   RO         1055    .text               c_w.l(use_no_semi.o)
    0x08000646   0x08000646   0x00000000   Code   RO         1057    .text               c_w.l(indicate_semi.o)
    0x08000646   0x08000646   0x00000002   PAD
    0x08000648   0x08000648   0x00000034   Code   RO           18    .text.EXTI15_10_IRQHandler  joy.o
    0x0800067c   0x0800067c   0x00000054   Code   RO           20    .text.HAL_GPIO_EXTI_Callback  joy.o
    0x080006d0   0x080006d0   0x0000001a   Code   RO          293    .text.HAL_GPIO_EXTI_IRQHandler  stm32f4xx_hal_gpio.o
    0x080006ea   0x080006ea   0x00000002   PAD
    0x080006ec   0x080006ec   0x0000019a   Code   RO          281    .text.HAL_GPIO_Init  stm32f4xx_hal_gpio.o
    0x08000886   0x08000886   0x00000002   PAD
    0x08000888   0x08000888   0x0000000a   Code   RO          285    .text.HAL_GPIO_ReadPin  stm32f4xx_hal_gpio.o
    0x08000892   0x08000892   0x00000002   PAD
    0x08000894   0x08000894   0x0000000a   Code   RO          287    .text.HAL_GPIO_WritePin  stm32f4xx_hal_gpio.o
    0x0800089e   0x0800089e   0x00000002   PAD
    0x080008a0   0x080008a0   0x0000000e   Code   RO          142    .text.HAL_GetREVID  stm32f4xx_hal.o
    0x080008ae   0x080008ae   0x00000002   PAD
    0x080008b0   0x080008b0   0x00000050   Code   RO           51    .text.HAL_GetTick   main.o
    0x08000900   0x08000900   0x0000002e   Code   RO          114    .text.HAL_Init      stm32f4xx_hal.o
    0x0800092e   0x0800092e   0x00000002   PAD
    0x08000930   0x08000930   0x00000050   Code   RO          116    .text.HAL_InitTick  stm32f4xx_hal.o
    0x08000980   0x08000980   0x00000002   Code   RO          118    .text.HAL_MspInit   stm32f4xx_hal.o
    0x08000982   0x08000982   0x00000002   PAD
    0x08000984   0x08000984   0x00000008   Code   RO          195    .text.HAL_NVIC_EnableIRQ  stm32f4xx_hal_cortex.o
    0x0800098c   0x0800098c   0x0000001e   Code   RO          187    .text.HAL_NVIC_SetPriority  stm32f4xx_hal_cortex.o
    0x080009aa   0x080009aa   0x00000002   PAD
    0x080009ac   0x080009ac   0x00000008   Code   RO          183    .text.HAL_NVIC_SetPriorityGrouping  stm32f4xx_hal_cortex.o
    0x080009b4   0x080009b4   0x00000160   Code   RO          377    .text.HAL_RCC_ClockConfig  stm32f4xx_hal_rcc.o
    0x08000b14   0x08000b14   0x0000006a   Code   RO          379    .text.HAL_RCC_GetSysClockFreq  stm32f4xx_hal_rcc.o
    0x08000b7e   0x08000b7e   0x00000002   PAD
    0x08000b80   0x08000b80   0x00000334   Code   RO          375    .text.HAL_RCC_OscConfig  stm32f4xx_hal_rcc.o
    0x08000eb4   0x08000eb4   0x00000008   Code   RO          207    .text.HAL_SYSTICK_Config  stm32f4xx_hal_cortex.o
    0x08000ebc   0x08000ebc   0x00000042   Code   RO           41    .text.InitLeds      leds_n.o
    0x08000efe   0x08000efe   0x00000002   PAD
    0x08000f00   0x08000f00   0x00000026   Code   RO            6    .text.Init_MsgQueue_joy  joy.o
    0x08000f26   0x08000f26   0x00000002   PAD
    0x08000f28   0x08000f28   0x0000002c   Code   RO            2    .text.Init_joy_Thread  joy.o
    0x08000f54   0x08000f54   0x0000002c   Code   RO           37    .text.Init_leds_N   leds_n.o
    0x08000f80   0x08000f80   0x00000040   Code   RO          795    .text.MessageQueueGet  RTX_CM4F.lib(rtx_msgqueue.o)
    0x08000fc0   0x08000fc0   0x00000058   Code   RO          789    .text.MessageQueuePut  RTX_CM4F.lib(rtx_msgqueue.o)
    0x08001018   0x08001018   0x0000001c   Code   RO          787    .text.MessageQueueRemove  RTX_CM4F.lib(rtx_msgqueue.o)
    0x08001034   0x08001034   0x0000002c   Code   RO          193    .text.NVIC_EncodePriority  stm32f4xx_hal_cortex.o
    0x08001060   0x08001060   0x00000008   Code   RO          906    .text.OS_Tick_AcknowledgeIRQ  RTX_CM4F.lib(os_systick.o)
    0x08001068   0x08001068   0x00000024   Code   RO          902    .text.OS_Tick_Enable  RTX_CM4F.lib(os_systick.o)
    0x0800108c   0x0800108c   0x00000006   Code   RO          908    .text.OS_Tick_GetIRQn  RTX_CM4F.lib(os_systick.o)
    0x08001092   0x08001092   0x00000002   PAD
    0x08001094   0x08001094   0x00000040   Code   RO          900    .text.OS_Tick_Setup  RTX_CM4F.lib(os_systick.o)
    0x080010d4   0x080010d4   0x0000000c   Code   RO          515    .text.OUTLINED_FUNCTION_0  RTX_CM4F.lib(rtx_kernel.o)
    0x080010e0   0x080010e0   0x00000006   Code   RO          657    .text.OUTLINED_FUNCTION_0  RTX_CM4F.lib(rtx_thread.o)
    0x080010e6   0x080010e6   0x0000000c   Code   RO          803    .text.OUTLINED_FUNCTION_0  RTX_CM4F.lib(rtx_msgqueue.o)
    0x080010f2   0x080010f2   0x00000006   Code   RO          517    .text.OUTLINED_FUNCTION_1  RTX_CM4F.lib(rtx_kernel.o)
    0x080010f8   0x080010f8   0x0000002e   Code   RO          209    .text.SysTick_Config  stm32f4xx_hal_cortex.o
    0x08001126   0x08001126   0x00000002   PAD
    0x08001128   0x08001128   0x000000a0   Code   RO           55    .text.SystemClock_Config  main.o
    0x080011c8   0x080011c8   0x0000007e   Code   RO          444    .text.SystemCoreClockUpdate  system_stm32f4xx.o
    0x08001246   0x08001246   0x00000002   PAD
    0x08001248   0x08001248   0x0000001a   Code   RO          442    .text.SystemInit    system_stm32f4xx.o
    0x08001262   0x08001262   0x00000064   Code   RO          609    .text.ThreadFlagsCheck  RTX_CM4F.lib(rtx_thread.o)
    0x080012c6   0x080012c6   0x00000002   PAD
    0x080012c8   0x080012c8   0x00000044   Code   RO          693    .text.TimerInsert   RTX_CM4F.lib(rtx_timer.o)
    0x0800130c   0x0800130c   0x00000028   Code   RO          701    .text.TimerRemove   RTX_CM4F.lib(rtx_timer.o)
    0x08001334   0x08001334   0x00000020   Code   RO          197    .text.__NVIC_EnableIRQ  stm32f4xx_hal_cortex.o
    0x08001354   0x08001354   0x00000010   Code   RO          189    .text.__NVIC_GetPriorityGrouping  stm32f4xx_hal_cortex.o
    0x08001364   0x08001364   0x00000022   Code   RO          191    .text.__NVIC_SetPriority  stm32f4xx_hal_cortex.o
    0x08001386   0x08001386   0x00000002   PAD
    0x08001388   0x08001388   0x00000020   Code   RO          185    .text.__NVIC_SetPriorityGrouping  stm32f4xx_hal_cortex.o
    0x080013a8   0x080013a8   0x0000001a   Code   RO           75    .text._mutex_acquire  rtx_lib.o
    0x080013c2   0x080013c2   0x00000002   PAD
    0x080013c4   0x080013c4   0x0000000a   Code   RO           79    .text._mutex_free   rtx_lib.o
    0x080013ce   0x080013ce   0x00000002   PAD
    0x080013d0   0x080013d0   0x00000020   Code   RO           73    .text._mutex_initialize  rtx_lib.o
    0x080013f0   0x080013f0   0x00000016   Code   RO           77    .text._mutex_release  rtx_lib.o
    0x08001406   0x08001406   0x00000002   PAD
    0x08001408   0x08001408   0x00000008   Code   RO           67    .text._platform_post_stackheap_init  rtx_lib.o
    0x08001410   0x08001410   0x0000006c   Code   RO           16    .text.check_pins    joy.o
    0x0800147c   0x0800147c   0x00000014   Code   RO           14    .text.halt_tmr_Callback  joy.o
    0x08001490   0x08001490   0x0000007e   Code   RO            8    .text.init_Joystick_mbed  joy.o
    0x0800150e   0x0800150e   0x00000002   PAD
    0x08001510   0x08001510   0x000000e6   Code   RO            4    .text.joy_Thread    joy.o
    0x080015f6   0x080015f6   0x00000002   PAD
    0x080015f8   0x080015f8   0x000000c2   Code   RO           39    .text.leds_N        leds_n.o
    0x080016ba   0x080016ba   0x00000002   PAD
    0x080016bc   0x080016bc   0x0000001a   Code   RO           12    .text.long_press_tmr_Callback  joy.o
    0x080016d6   0x080016d6   0x00000002   PAD
    0x080016d8   0x080016d8   0x0000001e   Code   RO           53    .text.main          main.o
    0x080016f6   0x080016f6   0x00000002   PAD
    0x080016f8   0x080016f8   0x0000002c   Code   RO          467    .text.osKernelGetState  RTX_CM4F.lib(rtx_kernel.o)
    0x08001724   0x08001724   0x00000028   Code   RO          483    .text.osKernelGetTickCount  RTX_CM4F.lib(rtx_kernel.o)
    0x0800174c   0x0800174c   0x0000002c   Code   RO          461    .text.osKernelInitialize  RTX_CM4F.lib(rtx_kernel.o)
    0x08001778   0x08001778   0x00000024   Code   RO          471    .text.osKernelStart  RTX_CM4F.lib(rtx_kernel.o)
    0x0800179c   0x0800179c   0x00000070   Code   RO          763    .text.osMessageQueueGet  RTX_CM4F.lib(rtx_msgqueue.o)
    0x0800180c   0x0800180c   0x00000024   Code   RO          757    .text.osMessageQueueNew  RTX_CM4F.lib(rtx_msgqueue.o)
    0x08001830   0x08001830   0x00000080   Code   RO          761    .text.osMessageQueuePut  RTX_CM4F.lib(rtx_msgqueue.o)
    0x080018b0   0x080018b0   0x00000024   Code   RO          725    .text.osMutexAcquire  RTX_CM4F.lib(rtx_mutex.o)
    0x080018d4   0x080018d4   0x00000024   Code   RO          731    .text.osMutexDelete  RTX_CM4F.lib(rtx_mutex.o)
    0x080018f8   0x080018f8   0x00000024   Code   RO          721    .text.osMutexNew    RTX_CM4F.lib(rtx_mutex.o)
    0x0800191c   0x0800191c   0x00000024   Code   RO          727    .text.osMutexRelease  RTX_CM4F.lib(rtx_mutex.o)
    0x08001940   0x08001940   0x00000002   Code   RO          105    .text.osRtxErrorNotify  rtx_config.o
    0x08001942   0x08001942   0x00000002   PAD
    0x08001944   0x08001944   0x00000002   Code   RO          103    .text.osRtxIdleThread  rtx_config.o
    0x08001946   0x08001946   0x00000004   Code   RO          459    .text.osRtxKernelErrorNotify  RTX_CM4F.lib(rtx_kernel.o)
    0x0800194a   0x0800194a   0x00000002   Code   RO          457    .text.osRtxKernelPreInit  RTX_CM4F.lib(rtx_kernel.o)
    0x0800194c   0x0800194c   0x0000006c   Code   RO          822    .text.osRtxMemoryAlloc  RTX_CM4F.lib(rtx_memory.o)
    0x080019b8   0x080019b8   0x00000042   Code   RO          824    .text.osRtxMemoryFree  RTX_CM4F.lib(rtx_memory.o)
    0x080019fa   0x080019fa   0x00000036   Code   RO          820    .text.osRtxMemoryInit  RTX_CM4F.lib(rtx_memory.o)
    0x08001a30   0x08001a30   0x0000003a   Code   RO          836    .text.osRtxMemoryPoolAlloc  RTX_CM4F.lib(rtx_mempool.o)
    0x08001a6a   0x08001a6a   0x0000004a   Code   RO          838    .text.osRtxMemoryPoolFree  RTX_CM4F.lib(rtx_mempool.o)
    0x08001ab4   0x08001ab4   0x00000038   Code   RO          834    .text.osRtxMemoryPoolInit  RTX_CM4F.lib(rtx_mempool.o)
    0x08001aec   0x08001aec   0x000000aa   Code   RO          785    .text.osRtxMessageQueuePostProcess  RTX_CM4F.lib(rtx_msgqueue.o)
    0x08001b96   0x08001b96   0x00000002   PAD
    0x08001b98   0x08001b98   0x00000024   Code   RO          753    .text.osRtxMessageQueueTimerSetup  RTX_CM4F.lib(rtx_msgqueue.o)
    0x08001bbc   0x08001bbc   0x00000048   Code   RO          717    .text.osRtxMutexOwnerRelease  RTX_CM4F.lib(rtx_mutex.o)
    0x08001c04   0x08001c04   0x00000042   Code   RO          719    .text.osRtxMutexOwnerRestore  RTX_CM4F.lib(rtx_mutex.o)
    0x08001c46   0x08001c46   0x00000002   PAD
    0x08001c48   0x08001c48   0x00000088   Code   RO          888    .text.osRtxPendSV_Handler  RTX_CM4F.lib(rtx_system.o)
    0x08001cd0   0x08001cd0   0x00000070   Code   RO          890    .text.osRtxPostProcess  RTX_CM4F.lib(rtx_system.o)
    0x08001d40   0x08001d40   0x00000034   Code   RO          549    .text.osRtxThreadBlock  RTX_CM4F.lib(rtx_thread.o)
    0x08001d74   0x08001d74   0x0000007c   Code   RO          557    .text.osRtxThreadDelayInsert  RTX_CM4F.lib(rtx_thread.o)
    0x08001df0   0x08001df0   0x0000003c   Code   RO          553    .text.osRtxThreadDelayRemove  RTX_CM4F.lib(rtx_thread.o)
    0x08001e2c   0x08001e2c   0x00000048   Code   RO          539    .text.osRtxThreadDelayTick  RTX_CM4F.lib(rtx_thread.o)
    0x08001e74   0x08001e74   0x00000020   Code   RO          641    .text.osRtxThreadDestroy  RTX_CM4F.lib(rtx_thread.o)
    0x08001e94   0x08001e94   0x00000050   Code   RO          547    .text.osRtxThreadDispatch  RTX_CM4F.lib(rtx_thread.o)
    0x08001ee4   0x08001ee4   0x00000058   Code   RO          633    .text.osRtxThreadFree  RTX_CM4F.lib(rtx_thread.o)
    0x08001f3c   0x08001f3c   0x0000001e   Code   RO          639    .text.osRtxThreadJoinWakeup  RTX_CM4F.lib(rtx_thread.o)
    0x08001f5a   0x08001f5a   0x00000012   Code   RO          531    .text.osRtxThreadListGet  RTX_CM4F.lib(rtx_thread.o)
    0x08001f6c   0x08001f6c   0x0000002c   Code   RO          529    .text.osRtxThreadListPut  RTX_CM4F.lib(rtx_thread.o)
    0x08001f98   0x08001f98   0x00000014   Code   RO          535    .text.osRtxThreadListRemove  RTX_CM4F.lib(rtx_thread.o)
    0x08001fac   0x08001fac   0x0000000c   Code   RO          541    .text.osRtxThreadListRoot  RTX_CM4F.lib(rtx_thread.o)
    0x08001fb8   0x08001fb8   0x00000026   Code   RO          533    .text.osRtxThreadListSort  RTX_CM4F.lib(rtx_thread.o)
    0x08001fde   0x08001fde   0x00000028   Code   RO          607    .text.osRtxThreadPostProcess  RTX_CM4F.lib(rtx_thread.o)
    0x08002006   0x08002006   0x00000002   PAD
    0x08002008   0x08002008   0x00000014   Code   RO          537    .text.osRtxThreadReadyPut  RTX_CM4F.lib(rtx_thread.o)
    0x0800201c   0x0800201c   0x00000014   Code   RO          543    .text.osRtxThreadRegPtr  RTX_CM4F.lib(rtx_thread.o)
    0x08002030   0x08002030   0x00000038   Code   RO          559    .text.osRtxThreadStartup  RTX_CM4F.lib(rtx_thread.o)
    0x08002068   0x08002068   0x0000000c   Code   RO          545    .text.osRtxThreadSwitch  RTX_CM4F.lib(rtx_thread.o)
    0x08002074   0x08002074   0x0000003c   Code   RO          555    .text.osRtxThreadWaitEnter  RTX_CM4F.lib(rtx_thread.o)
    0x080020b0   0x080020b0   0x00000030   Code   RO          551    .text.osRtxThreadWaitExit  RTX_CM4F.lib(rtx_thread.o)
    0x080020e0   0x080020e0   0x00000078   Code   RO          886    .text.osRtxTick_Handler  RTX_CM4F.lib(rtx_system.o)
    0x08002158   0x08002158   0x00000020   Code   RO          675    .text.osRtxTimerSetup  RTX_CM4F.lib(rtx_timer.o)
    0x08002178   0x08002178   0x00000020   Code   RO          679    .text.osRtxTimerThread  RTX_CM4F.lib(rtx_timer.o)
    0x08002198   0x08002198   0x00000070   Code   RO          677    .text.osRtxTimerTick  RTX_CM4F.lib(rtx_timer.o)
    0x08002208   0x08002208   0x0000000c   Code   RO          591    .text.osThreadExit  RTX_CM4F.lib(rtx_thread.o)
    0x08002214   0x08002214   0x00000058   Code   RO          599    .text.osThreadFlagsSet  RTX_CM4F.lib(rtx_thread.o)
    0x0800226c   0x0800226c   0x00000024   Code   RO          605    .text.osThreadFlagsWait  RTX_CM4F.lib(rtx_thread.o)
    0x08002290   0x08002290   0x00000024   Code   RO          563    .text.osThreadNew   RTX_CM4F.lib(rtx_thread.o)
    0x080022b4   0x080022b4   0x00000024   Code   RO          681    .text.osTimerNew    RTX_CM4F.lib(rtx_timer.o)
    0x080022d8   0x080022d8   0x00000024   Code   RO          685    .text.osTimerStart  RTX_CM4F.lib(rtx_timer.o)
    0x080022fc   0x080022fc   0x0000001e   Code   RO           71    .text.os_kernel_is_active  rtx_lib.o
    0x0800231a   0x0800231a   0x00000002   PAD
    0x0800231c   0x0800231c   0x00000014   Code   RO           10    .text.rebotes_tmr_Callback  joy.o
    0x08002330   0x08002330   0x00000008   Code   RO          469    .text.svcRtxKernelGetState  RTX_CM4F.lib(rtx_kernel.o)
    0x08002338   0x08002338   0x0000000c   Code   RO          485    .text.svcRtxKernelGetTickCount  RTX_CM4F.lib(rtx_kernel.o)
    0x08002344   0x08002344   0x000000fc   Code   RO          499    .text.svcRtxKernelInitialize  RTX_CM4F.lib(rtx_kernel.o)
    0x08002440   0x08002440   0x00000088   Code   RO          501    .text.svcRtxKernelStart  RTX_CM4F.lib(rtx_kernel.o)
    0x080024c8   0x080024c8   0x000000d4   Code   RO          797    .text.svcRtxMessageQueueGet  RTX_CM4F.lib(rtx_msgqueue.o)
    0x0800259c   0x0800259c   0x00000118   Code   RO          755    .text.svcRtxMessageQueueNew  RTX_CM4F.lib(rtx_msgqueue.o)
    0x080026b4   0x080026b4   0x000000b0   Code   RO          793    .text.svcRtxMessageQueuePut  RTX_CM4F.lib(rtx_msgqueue.o)
    0x08002764   0x08002764   0x00000090   Code   RO          737    .text.svcRtxMutexAcquire  RTX_CM4F.lib(rtx_mutex.o)
    0x080027f4   0x080027f4   0x000000ac   Code   RO          743    .text.svcRtxMutexDelete  RTX_CM4F.lib(rtx_mutex.o)
    0x080028a0   0x080028a0   0x00000068   Code   RO          733    .text.svcRtxMutexNew  RTX_CM4F.lib(rtx_mutex.o)
    0x08002908   0x08002908   0x000000b4   Code   RO          739    .text.svcRtxMutexRelease  RTX_CM4F.lib(rtx_mutex.o)
    0x080029bc   0x080029bc   0x0000004c   Code   RO          637    .text.svcRtxThreadExit  RTX_CM4F.lib(rtx_thread.o)
    0x08002a08   0x08002a08   0x00000066   Code   RO          649    .text.svcRtxThreadFlagsSet  RTX_CM4F.lib(rtx_thread.o)
    0x08002a6e   0x08002a6e   0x00000002   PAD
    0x08002a70   0x08002a70   0x0000004c   Code   RO          655    .text.svcRtxThreadFlagsWait  RTX_CM4F.lib(rtx_thread.o)
    0x08002abc   0x08002abc   0x000001ec   Code   RO          561    .text.svcRtxThreadNew  RTX_CM4F.lib(rtx_thread.o)
    0x08002ca8   0x08002ca8   0x00000074   Code   RO          695    .text.svcRtxTimerNew  RTX_CM4F.lib(rtx_timer.o)
    0x08002d1c   0x08002d1c   0x00000048   Code   RO          699    .text.svcRtxTimerStart  RTX_CM4F.lib(rtx_timer.o)
    0x08002d64   0x08002d64   0x0000001a   Code   RO         1049    x$fpl$fpinit        fz_wm.l(fpinit.o)
    0x08002d7e   0x08002d7e   0x00000002   PAD
    0x08002d80   0x08002d80   0x000000a8   Data   RO           85    .rodata             rtx_lib.o
    0x08002e28   0x08002e28   0x00000010   Data   RO          447    .rodata.AHBPrescTable  system_stm32f4xx.o
    0x08002e38   0x08002e38   0x00000004   Data   RO           87    .rodata.osRtxUserSVC  rtx_lib.o
    0x08002e3c   0x08002e3c   0x00000024   Data   RO           82    .rodata.os_idle_thread_attr  rtx_lib.o
    0x08002e60   0x08002e60   0x00000018   Data   RO           84    .rodata.os_timer_mq_attr  rtx_lib.o
    0x08002e78   0x08002e78   0x00000024   Data   RO           83    .rodata.os_timer_thread_attr  rtx_lib.o
    0x08002e9c   0x08002e9c   0x0000000b   Data   RO          519    .rodata.str1.4      RTX_CM4F.lib(rtx_kernel.o)
    0x08002ea7   0x08002ea7   0x00000001   PAD
    0x08002ea8   0x08002ea8   0x00000020   Data   RO         1110    Region$$Table       anon$$obj.o


    Execution Region RW_IRAM1 (Exec base: 0x20000000, Load base: 0x08002ec8, Size: 0x00008c88, Max: 0x00030000, ABSOLUTE)

    Exec Addr    Load Addr    Size         Type   Attr      Idx    E Section Name        Object

    0x20000000   0x08002ec8   0x00000004   Data   RW          446    .data.SystemCoreClock  system_stm32f4xx.o
    0x20000004   0x08002ecc   0x000000a4   Data   RW          520    .data.os            RTX_CM4F.lib(rtx_kernel.o)
    0x200000a8   0x08002f70   0x00000001   Data   RW          173    .data.uwTickFreq    stm32f4xx_hal.o
    0x200000a9   0x08002f71   0x00000003   PAD
    0x200000ac   0x08002f74   0x00000004   Data   RW          172    .data.uwTickPrio    stm32f4xx_hal.o
    0x200000b0        -       0x00000060   Zero   RW          977    .bss                c_w.l(libspace.o)
    0x20000110        -       0x00000004   Zero   RW           57    .bss.HAL_GetTick.ticks  main.o
    0x20000114        -       0x00000004   Zero   RW           26    .bss.id_halt_tmr    joy.o
    0x20000118        -       0x00000004   Zero   RW           23    .bss.id_joy_MsgQueue  joy.o
    0x2000011c        -       0x00000004   Zero   RW           22    .bss.id_joy_Thread  joy.o
    0x20000120        -       0x00000004   Zero   RW           25    .bss.id_long_press_tmr  joy.o
    0x20000124        -       0x00000004   Zero   RW           24    .bss.id_rebotes_tmr  joy.o
    0x20000128        -       0x00000008   Zero   RW           27    .bss.joy_msg        joy.o
    0x20000130        -       0x00008040   Zero   RW           81    .bss.os             rtx_lib.o
    0x20008170        -       0x00000001   Zero   RW          918    .bss.os             RTX_CM4F.lib(os_systick.o)
    0x20008171   0x08002f78   0x00000003   PAD
    0x20008174        -       0x00000034   Zero   RW           92    .bss.os.msgqueue.cb  rtx_lib.o
    0x200081a8        -       0x00000050   Zero   RW           93    .bss.os.msgqueue.mem  rtx_lib.o
    0x200081f8        -       0x00000088   Zero   RW           89    .bss.os.thread.cb   rtx_lib.o
    0x20008280        -       0x00000200   Zero   RW           90    .bss.os.thread.idle.stack  rtx_lib.o
    0x20008480        -       0x00000200   Zero   RW           91    .bss.os.thread.timer.stack  rtx_lib.o
    0x20008680        -       0x00000001   Zero   RW           94    .bss.os_kernel_is_active.os_kernel_active  rtx_lib.o
    0x20008681   0x08002f78   0x00000003   PAD
    0x20008684        -       0x00000004   Zero   RW           43    .bss.tid_leds_N     leds_n.o
    0x20008688        -       0x00000200   Zero   RW          433    HEAP                startup_stm32f429xx.o
    0x20008888        -       0x00000400   Zero   RW          432    STACK               startup_stm32f429xx.o


==============================================================================

Image component sizes


      Code (inc. data)   RO Data    RW Data    ZI Data      Debug   Object Name

       748          0          0          0         28       6542   joy.o
       304         20          0          0          4       2954   leds_n.o
       270          0          0          0          4       3371   main.o
         4          0          0          0          0        692   rtx_config.o
       128          0        268          0      34125       7336   rtx_lib.o
        64         26        428          0       1536        896   startup_stm32f429xx.o
       142          0          0          5          0       8014   stm32f4xx_hal.o
       258          0          0          0          0      11154   stm32f4xx_hal_cortex.o
       456          0          0          0          0       5432   stm32f4xx_hal_gpio.o
      1278          0          0          0          0       7596   stm32f4xx_hal_rcc.o
       152          0         16          4          0       2797   system_stm32f4xx.o

    ----------------------------------------------------------------------
      3852         46        744         12      35700      56784   Object Totals
         0          0         32          0          0          0   (incl. Generated)
        48          0          0          3          3          0   (incl. Padding)

    ----------------------------------------------------------------------

      Code (inc. data)   RO Data    RW Data    ZI Data      Debug   Library Member Name

       200         12          0          0          0        634   irq_armv7m.o
       114         20          0          0          1       3200   os_systick.o
       596         48         11        164          0      16501   rtx_kernel.o
       228          0          0          0          0       2537   rtx_memory.o
       188          0          0          0          0      16008   rtx_mempool.o
      1342         24          0          0          0      18657   rtx_msgqueue.o
       882         28          0          0          0       9962   rtx_mutex.o
       368         18          0          0          0       5296   rtx_system.o
      1950         64          0          0          0      31847   rtx_thread.o
       544         28          0          0          0      10397   rtx_timer.o
         8          0          0          0          0         68   __main.o
         0          0          0          0          0          0   __rtentry.o
        20          0          0          0          0          0   __rtentry2.o
         6          0          0          0          0          0   __rtentry4.o
        52          8          0          0          0          0   __scatter.o
        26          0          0          0          0          0   __scatter_copy.o
        28          0          0          0          0          0   __scatter_zi.o
        18          0          0          0          0         80   exit.o
         6          0          0          0          0        152   heapauxi.o
         0          0          0          0          0          0   indicate_semi.o
         2          0          0          0          0          0   libinit.o
         6          0          0          0          0          0   libinit2.o
         2          0          0          0          0          0   libshutdown.o
         2          0          0          0          0          0   libshutdown2.o
         8          4          0          0         96         68   libspace.o
       240          0          0          0          0        100   lludivv7m.o
        68          0          0          0          0         68   rt_memclr.o
        78          0          0          0          0         80   rt_memclr_w.o
       138          0          0          0          0         68   rt_memcpy_v6.o
       100          0          0          0          0         80   rt_memcpy_w.o
         2          0          0          0          0          0   rtexit.o
        10          0          0          0          0          0   rtexit2.o
        12          4          0          0          0         68   sys_exit.o
        74          0          0          0          0         80   sys_stackheap_outer.o
         2          0          0          0          0         68   use_no_semi.o
        26          0          0          0          0        116   fpinit.o

    ----------------------------------------------------------------------
      7368        258         12        164        100     116135   Library Totals
        22          0          1          0          3          0   (incl. Padding)

    ----------------------------------------------------------------------

      Code (inc. data)   RO Data    RW Data    ZI Data      Debug   Library Name

      6412        242         11        164          1     115039   RTX_CM4F.lib
       908         16          0          0         96        980   c_w.l
        26          0          0          0          0        116   fz_wm.l

    ----------------------------------------------------------------------
      7368        258         12        164        100     116135   Library Totals

    ----------------------------------------------------------------------

==============================================================================


      Code (inc. data)   RO Data    RW Data    ZI Data      Debug   

     11220        304        756        176      35800     172215   Grand Totals
     11220        304        756        176      35800     172215   ELF Image Totals
     11220        304        756        176          0          0   ROM Totals

==============================================================================

    Total RO  Size (Code + RO Data)                11976 (  11.70kB)
    Total RW  Size (RW Data + ZI Data)             35976 (  35.13kB)
    Total ROM Size (Code + RO Data + RW Data)      12152 (  11.87kB)

==============================================================================

